[1.150s] DEBUG:colcon:Command line arguments: ['/usr/bin/colcon', 'build', '--symlink-install']
[1.153s] DEBUG:colcon:Parsed command line arguments: Namespace(log_base=None, log_level=None, verb_name='build', build_base='build', install_base='install', merge_install=False, symlink_install=True, test_result_base=None, continue_on_error=False, executor='parallel', parallel_workers=10, event_handlers=None, ignore_user_meta=False, metas=['./colcon.meta'], base_paths=['.'], packages_ignore=None, packages_ignore_regex=None, paths=None, packages_up_to=None, packages_up_to_regex=None, packages_above=None, packages_above_and_dependencies=None, packages_above_depth=None, packages_select_by_dep=None, packages_skip_by_dep=None, packages_skip_up_to=None, packages_select_build_failed=False, packages_skip_build_finished=False, packages_select_test_failures=False, packages_skip_test_passed=False, packages_select=None, packages_skip=None, packages_select_regex=None, packages_skip_regex=None, packages_start=None, packages_end=None, allow_overriding=[], cmake_args=None, cmake_target=None, cmake_target_skip_unavailable=False, cmake_clean_cache=False, cmake_clean_first=False, cmake_force_configure=False, ament_cmake_args=None, catkin_cmake_args=None, catkin_skip_building_tests=False, mixin_files=None, mixin=None, verb_parser=<colcon_mixin.mixin.mixin_argument.MixinArgumentDecorator object at 0x7f9f56a56830>, verb_extension=<colcon_core.verb.build.BuildVerb object at 0x7f9f56a55d20>, main=<bound method BuildVerb.main of <colcon_core.verb.build.BuildVerb object at 0x7f9f56a55d20>>, mixin_verb=('build',))
[2.592s] Level 1:colcon.colcon_core.package_discovery:discover_packages(colcon_meta) check parameters
[2.594s] Level 1:colcon.colcon_core.package_discovery:discover_packages(recursive) check parameters
[2.596s] Level 1:colcon.colcon_core.package_discovery:discover_packages(ignore) check parameters
[2.596s] Level 1:colcon.colcon_core.package_discovery:discover_packages(path) check parameters
[2.596s] Level 1:colcon.colcon_core.package_discovery:discover_packages(colcon_meta) discover
[2.596s] Level 1:colcon.colcon_core.package_discovery:discover_packages(recursive) discover
[2.596s] INFO:colcon.colcon_core.package_discovery:Crawling recursively for packages in '/home/vboxuser/Sentinel-AI/ros2_ws'
[2.598s] Level 1:colcon.colcon_core.package_identification:_identify(.) by extensions ['ignore', 'ignore_ament_install']
[2.598s] Level 1:colcon.colcon_core.package_identification:_identify(.) by extension 'ignore'
[2.598s] Level 1:colcon.colcon_core.package_identification:_identify(.) by extension 'ignore_ament_install'
[2.601s] Level 1:colcon.colcon_core.package_identification:_identify(.) by extensions ['colcon_pkg']
[2.601s] Level 1:colcon.colcon_core.package_identification:_identify(.) by extension 'colcon_pkg'
[2.601s] Level 1:colcon.colcon_core.package_identification:_identify(.) by extensions ['colcon_meta']
[2.601s] Level 1:colcon.colcon_core.package_identification:_identify(.) by extension 'colcon_meta'
[2.601s] Level 1:colcon.colcon_core.package_identification:_identify(.) by extensions ['ros']
[2.601s] Level 1:colcon.colcon_core.package_identification:_identify(.) by extension 'ros'
[2.798s] Level 1:colcon.colcon_core.package_identification:_identify(.) by extensions ['cmake', 'python']
[2.802s] Level 1:colcon.colcon_core.package_identification:_identify(.) by extension 'cmake'
[2.802s] Level 1:colcon.colcon_core.package_identification:_identify(.) by extension 'python'
[2.802s] Level 1:colcon.colcon_core.package_identification:_identify(.) by extensions ['python_setup_py']
[2.802s] Level 1:colcon.colcon_core.package_identification:_identify(.) by extension 'python_setup_py'
[2.802s] Level 1:colcon.colcon_core.package_identification:_identify(build) by extensions ['ignore', 'ignore_ament_install']
[2.802s] Level 1:colcon.colcon_core.package_identification:_identify(build) by extension 'ignore'
[2.802s] Level 1:colcon.colcon_core.package_identification:_identify(build) ignored
[2.802s] Level 1:colcon.colcon_core.package_identification:_identify(install) by extensions ['ignore', 'ignore_ament_install']
[2.802s] Level 1:colcon.colcon_core.package_identification:_identify(install) by extension 'ignore'
[2.802s] Level 1:colcon.colcon_core.package_identification:_identify(install) ignored
[2.805s] Level 1:colcon.colcon_core.package_identification:_identify(log) by extensions ['ignore', 'ignore_ament_install']
[2.805s] Level 1:colcon.colcon_core.package_identification:_identify(log) by extension 'ignore'
[2.805s] Level 1:colcon.colcon_core.package_identification:_identify(log) ignored
[2.805s] Level 1:colcon.colcon_core.package_identification:_identify(src) by extensions ['ignore', 'ignore_ament_install']
[2.805s] Level 1:colcon.colcon_core.package_identification:_identify(src) by extension 'ignore'
[2.805s] Level 1:colcon.colcon_core.package_identification:_identify(src) by extension 'ignore_ament_install'
[2.805s] Level 1:colcon.colcon_core.package_identification:_identify(src) by extensions ['colcon_pkg']
[2.805s] Level 1:colcon.colcon_core.package_identification:_identify(src) by extension 'colcon_pkg'
[2.805s] Level 1:colcon.colcon_core.package_identification:_identify(src) by extensions ['colcon_meta']
[2.805s] Level 1:colcon.colcon_core.package_identification:_identify(src) by extension 'colcon_meta'
[2.805s] Level 1:colcon.colcon_core.package_identification:_identify(src) by extensions ['ros']
[2.805s] Level 1:colcon.colcon_core.package_identification:_identify(src) by extension 'ros'
[2.805s] Level 1:colcon.colcon_core.package_identification:_identify(src) by extensions ['cmake', 'python']
[2.805s] Level 1:colcon.colcon_core.package_identification:_identify(src) by extension 'cmake'
[2.805s] Level 1:colcon.colcon_core.package_identification:_identify(src) by extension 'python'
[2.805s] Level 1:colcon.colcon_core.package_identification:_identify(src) by extensions ['python_setup_py']
[2.810s] Level 1:colcon.colcon_core.package_identification:_identify(src) by extension 'python_setup_py'
[2.810s] Level 1:colcon.colcon_core.package_identification:_identify(src/sentinel_swarm) by extensions ['ignore', 'ignore_ament_install']
[2.810s] Level 1:colcon.colcon_core.package_identification:_identify(src/sentinel_swarm) by extension 'ignore'
[2.810s] Level 1:colcon.colcon_core.package_identification:_identify(src/sentinel_swarm) by extension 'ignore_ament_install'
[2.810s] Level 1:colcon.colcon_core.package_identification:_identify(src/sentinel_swarm) by extensions ['colcon_pkg']
[2.810s] Level 1:colcon.colcon_core.package_identification:_identify(src/sentinel_swarm) by extension 'colcon_pkg'
[2.810s] Level 1:colcon.colcon_core.package_identification:_identify(src/sentinel_swarm) by extensions ['colcon_meta']
[2.810s] Level 1:colcon.colcon_core.package_identification:_identify(src/sentinel_swarm) by extension 'colcon_meta'
[2.810s] Level 1:colcon.colcon_core.package_identification:_identify(src/sentinel_swarm) by extensions ['ros']
[2.810s] Level 1:colcon.colcon_core.package_identification:_identify(src/sentinel_swarm) by extension 'ros'
[2.830s] DEBUG:colcon.colcon_core.package_identification:Package 'src/sentinel_swarm' with type 'ros.ament_cmake' and name 'sentinel_swarm'
[2.834s] Level 1:colcon.colcon_core.package_discovery:discover_packages(recursive) using defaults
[2.840s] Level 1:colcon.colcon_core.package_discovery:discover_packages(ignore) discover
[2.840s] Level 1:colcon.colcon_core.package_discovery:discover_packages(ignore) using defaults
[2.840s] Level 1:colcon.colcon_core.package_discovery:discover_packages(path) discover
[2.840s] Level 1:colcon.colcon_core.package_discovery:discover_packages(path) using defaults
[2.954s] Level 1:colcon.colcon_core.package_discovery:discover_packages(prefix_path) check parameters
[2.956s] Level 1:colcon.colcon_core.package_discovery:discover_packages(prefix_path) discover
[2.983s] DEBUG:colcon.colcon_installed_package_information.package_discovery:Found 1 installed packages in /home/vboxuser/Sentinel-AI/ros2_ws/install
[3.004s] DEBUG:colcon.colcon_installed_package_information.package_discovery:Found 280 installed packages in /opt/ros/humble
[3.025s] Level 1:colcon.colcon_core.package_discovery:discover_packages(prefix_path) using defaults
[3.346s] Level 5:colcon.colcon_core.verb:set package 'sentinel_swarm' build argument 'cmake_args' from command line to 'None'
[3.352s] Level 5:colcon.colcon_core.verb:set package 'sentinel_swarm' build argument 'cmake_target' from command line to 'None'
[3.353s] Level 5:colcon.colcon_core.verb:set package 'sentinel_swarm' build argument 'cmake_target_skip_unavailable' from command line to 'False'
[3.353s] Level 5:colcon.colcon_core.verb:set package 'sentinel_swarm' build argument 'cmake_clean_cache' from command line to 'False'
[3.353s] Level 5:colcon.colcon_core.verb:set package 'sentinel_swarm' build argument 'cmake_clean_first' from command line to 'False'
[3.353s] Level 5:colcon.colcon_core.verb:set package 'sentinel_swarm' build argument 'cmake_force_configure' from command line to 'False'
[3.353s] Level 5:colcon.colcon_core.verb:set package 'sentinel_swarm' build argument 'ament_cmake_args' from command line to 'None'
[3.353s] Level 5:colcon.colcon_core.verb:set package 'sentinel_swarm' build argument 'catkin_cmake_args' from command line to 'None'
[3.353s] Level 5:colcon.colcon_core.verb:set package 'sentinel_swarm' build argument 'catkin_skip_building_tests' from command line to 'False'
[3.353s] DEBUG:colcon.colcon_core.verb:Building package 'sentinel_swarm' with the following arguments: {'ament_cmake_args': None, 'build_base': '/home/vboxuser/Sentinel-AI/ros2_ws/build/sentinel_swarm', 'catkin_cmake_args': None, 'catkin_skip_building_tests': False, 'cmake_args': None, 'cmake_clean_cache': False, 'cmake_clean_first': False, 'cmake_force_configure': False, 'cmake_target': None, 'cmake_target_skip_unavailable': False, 'install_base': '/home/vboxuser/Sentinel-AI/ros2_ws/install/sentinel_swarm', 'merge_install': False, 'path': '/home/vboxuser/Sentinel-AI/ros2_ws/src/sentinel_swarm', 'symlink_install': True, 'test_result_base': None}
[3.358s] INFO:colcon.colcon_core.executor:Executing jobs using 'parallel' executor
[3.396s] DEBUG:colcon.colcon_parallel_executor.executor.parallel:run_until_complete
[3.396s] INFO:colcon.colcon_ros.task.ament_cmake.build:Building ROS package in '/home/vboxuser/Sentinel-AI/ros2_ws/src/sentinel_swarm' with build type 'ament_cmake'
[3.396s] INFO:colcon.colcon_cmake.task.cmake.build:Building CMake package in '/home/vboxuser/Sentinel-AI/ros2_ws/src/sentinel_swarm'
[3.444s] INFO:colcon.colcon_core.plugin_system:Skipping extension 'colcon_core.shell.bat': Not used on non-Windows systems
[3.448s] INFO:colcon.colcon_core.shell:Skip shell extension 'powershell' for command environment: Not usable outside of PowerShell
[3.454s] DEBUG:colcon.colcon_core.shell:Skip shell extension 'dsv' for command environment
[3.810s] DEBUG:colcon.colcon_core.event_handler.log_command:Invoking command in '/home/vboxuser/Sentinel-AI/ros2_ws/build/sentinel_swarm': CMAKE_PREFIX_PATH=${CMAKE_PREFIX_PATH}:/opt/ros/humble /usr/bin/cmake --build /home/vboxuser/Sentinel-AI/ros2_ws/build/sentinel_swarm -- -j10 -l10
[21.457s] DEBUG:colcon.colcon_core.event_handler.log_command:Invoked command in '/home/vboxuser/Sentinel-AI/ros2_ws/build/sentinel_swarm' returned '0': CMAKE_PREFIX_PATH=${CMAKE_PREFIX_PATH}:/opt/ros/humble /usr/bin/cmake --build /home/vboxuser/Sentinel-AI/ros2_ws/build/sentinel_swarm -- -j10 -l10
[21.610s] DEBUG:colcon.colcon_core.event_handler.log_command:Invoking command in '/home/vboxuser/Sentinel-AI/ros2_ws/build/sentinel_swarm': CMAKE_PREFIX_PATH=${CMAKE_PREFIX_PATH}:/opt/ros/humble /usr/bin/cmake --install /home/vboxuser/Sentinel-AI/ros2_ws/build/sentinel_swarm
[23.974s] Level 1:colcon.colcon_core.environment:create_environment_scripts_only(sentinel_swarm)
[24.012s] DEBUG:colcon.colcon_core.event_handler.log_command:Invoked command in '/home/vboxuser/Sentinel-AI/ros2_ws/build/sentinel_swarm' returned '0': CMAKE_PREFIX_PATH=${CMAKE_PREFIX_PATH}:/opt/ros/humble /usr/bin/cmake --install /home/vboxuser/Sentinel-AI/ros2_ws/build/sentinel_swarm
[24.044s] Level 1:colcon.colcon_core.environment:checking '/home/vboxuser/Sentinel-AI/ros2_ws/install/sentinel_swarm' for CMake module files
[24.053s] Level 1:colcon.colcon_core.environment:checking '/home/vboxuser/Sentinel-AI/ros2_ws/install/sentinel_swarm' for CMake config files
[24.070s] Level 1:colcon.colcon_core.shell:create_environment_hook('sentinel_swarm', 'cmake_prefix_path')
[24.076s] INFO:colcon.colcon_core.shell:Creating environment hook '/home/vboxuser/Sentinel-AI/ros2_ws/install/sentinel_swarm/share/sentinel_swarm/hook/cmake_prefix_path.ps1'
[24.095s] INFO:colcon.colcon_core.shell:Creating environment descriptor '/home/vboxuser/Sentinel-AI/ros2_ws/install/sentinel_swarm/share/sentinel_swarm/hook/cmake_prefix_path.dsv'
[24.126s] INFO:colcon.colcon_core.shell:Creating environment hook '/home/vboxuser/Sentinel-AI/ros2_ws/install/sentinel_swarm/share/sentinel_swarm/hook/cmake_prefix_path.sh'
[24.163s] Level 1:colcon.colcon_core.environment:checking '/home/vboxuser/Sentinel-AI/ros2_ws/install/sentinel_swarm/lib'
[24.171s] Level 1:colcon.colcon_core.shell:create_environment_hook('sentinel_swarm', 'ld_library_path_lib')
[24.179s] INFO:colcon.colcon_core.shell:Creating environment hook '/home/vboxuser/Sentinel-AI/ros2_ws/install/sentinel_swarm/share/sentinel_swarm/hook/ld_library_path_lib.ps1'
[24.186s] INFO:colcon.colcon_core.shell:Creating environment descriptor '/home/vboxuser/Sentinel-AI/ros2_ws/install/sentinel_swarm/share/sentinel_swarm/hook/ld_library_path_lib.dsv'
[24.230s] INFO:colcon.colcon_core.shell:Creating environment hook '/home/vboxuser/Sentinel-AI/ros2_ws/install/sentinel_swarm/share/sentinel_swarm/hook/ld_library_path_lib.sh'
[24.267s] Level 1:colcon.colcon_core.environment:checking '/home/vboxuser/Sentinel-AI/ros2_ws/install/sentinel_swarm/bin'
[24.267s] Level 1:colcon.colcon_core.environment:checking '/home/vboxuser/Sentinel-AI/ros2_ws/install/sentinel_swarm/lib/pkgconfig/sentinel_swarm.pc'
[24.267s] Level 1:colcon.colcon_core.environment:checking '/home/vboxuser/Sentinel-AI/ros2_ws/install/sentinel_swarm/lib/python3.10/site-packages'
[24.268s] Level 1:colcon.colcon_core.environment:checking '/home/vboxuser/Sentinel-AI/ros2_ws/install/sentinel_swarm/bin'
[24.273s] INFO:colcon.colcon_core.shell:Creating package script '/home/vboxuser/Sentinel-AI/ros2_ws/install/sentinel_swarm/share/sentinel_swarm/package.ps1'
[24.295s] INFO:colcon.colcon_core.shell:Creating package descriptor '/home/vboxuser/Sentinel-AI/ros2_ws/install/sentinel_swarm/share/sentinel_swarm/package.dsv'
[24.310s] INFO:colcon.colcon_core.shell:Creating package script '/home/vboxuser/Sentinel-AI/ros2_ws/install/sentinel_swarm/share/sentinel_swarm/package.sh'
[24.313s] INFO:colcon.colcon_core.shell:Creating package script '/home/vboxuser/Sentinel-AI/ros2_ws/install/sentinel_swarm/share/sentinel_swarm/package.bash'
[24.343s] INFO:colcon.colcon_core.shell:Creating package script '/home/vboxuser/Sentinel-AI/ros2_ws/install/sentinel_swarm/share/sentinel_swarm/package.zsh'
[24.393s] Level 1:colcon.colcon_core.environment:create_file_with_runtime_dependencies(/home/vboxuser/Sentinel-AI/ros2_ws/install/sentinel_swarm/share/colcon-core/packages/sentinel_swarm)
[24.472s] Level 1:colcon.colcon_core.environment:create_environment_scripts_only(sentinel_swarm)
[24.509s] Level 1:colcon.colcon_core.environment:checking '/home/vboxuser/Sentinel-AI/ros2_ws/install/sentinel_swarm' for CMake module files
[24.544s] Level 1:colcon.colcon_core.environment:checking '/home/vboxuser/Sentinel-AI/ros2_ws/install/sentinel_swarm' for CMake config files
[24.615s] Level 1:colcon.colcon_core.shell:create_environment_hook('sentinel_swarm', 'cmake_prefix_path')
[24.620s] INFO:colcon.colcon_core.shell:Creating environment hook '/home/vboxuser/Sentinel-AI/ros2_ws/install/sentinel_swarm/share/sentinel_swarm/hook/cmake_prefix_path.ps1'
[24.651s] INFO:colcon.colcon_core.shell:Creating environment descriptor '/home/vboxuser/Sentinel-AI/ros2_ws/install/sentinel_swarm/share/sentinel_swarm/hook/cmake_prefix_path.dsv'
[24.690s] INFO:colcon.colcon_core.shell:Creating environment hook '/home/vboxuser/Sentinel-AI/ros2_ws/install/sentinel_swarm/share/sentinel_swarm/hook/cmake_prefix_path.sh'
[24.755s] Level 1:colcon.colcon_core.environment:checking '/home/vboxuser/Sentinel-AI/ros2_ws/install/sentinel_swarm/lib'
[24.759s] Level 1:colcon.colcon_core.shell:create_environment_hook('sentinel_swarm', 'ld_library_path_lib')
[24.762s] INFO:colcon.colcon_core.shell:Creating environment hook '/home/vboxuser/Sentinel-AI/ros2_ws/install/sentinel_swarm/share/sentinel_swarm/hook/ld_library_path_lib.ps1'
[24.790s] INFO:colcon.colcon_core.shell:Creating environment descriptor '/home/vboxuser/Sentinel-AI/ros2_ws/install/sentinel_swarm/share/sentinel_swarm/hook/ld_library_path_lib.dsv'
[24.819s] INFO:colcon.colcon_core.shell:Creating environment hook '/home/vboxuser/Sentinel-AI/ros2_ws/install/sentinel_swarm/share/sentinel_swarm/hook/ld_library_path_lib.sh'
[24.847s] Level 1:colcon.colcon_core.environment:checking '/home/vboxuser/Sentinel-AI/ros2_ws/install/sentinel_swarm/bin'
[24.848s] Level 1:colcon.colcon_core.environment:checking '/home/vboxuser/Sentinel-AI/ros2_ws/install/sentinel_swarm/lib/pkgconfig/sentinel_swarm.pc'
[24.848s] Level 1:colcon.colcon_core.environment:checking '/home/vboxuser/Sentinel-AI/ros2_ws/install/sentinel_swarm/lib/python3.10/site-packages'
[24.848s] Level 1:colcon.colcon_core.environment:checking '/home/vboxuser/Sentinel-AI/ros2_ws/install/sentinel_swarm/bin'
[24.851s] INFO:colcon.colcon_core.shell:Creating package script '/home/vboxuser/Sentinel-AI/ros2_ws/install/sentinel_swarm/share/sentinel_swarm/package.ps1'
[24.866s] INFO:colcon.colcon_core.shell:Creating package descriptor '/home/vboxuser/Sentinel-AI/ros2_ws/install/sentinel_swarm/share/sentinel_swarm/package.dsv'
[24.886s] INFO:colcon.colcon_core.shell:Creating package script '/home/vboxuser/Sentinel-AI/ros2_ws/install/sentinel_swarm/share/sentinel_swarm/package.sh'
[24.897s] INFO:colcon.colcon_core.shell:Creating package script '/home/vboxuser/Sentinel-AI/ros2_ws/install/sentinel_swarm/share/sentinel_swarm/package.bash'
[24.899s] INFO:colcon.colcon_core.shell:Creating package script '/home/vboxuser/Sentinel-AI/ros2_ws/install/sentinel_swarm/share/sentinel_swarm/package.zsh'
[24.904s] Level 1:colcon.colcon_core.environment:create_file_with_runtime_dependencies(/home/vboxuser/Sentinel-AI/ros2_ws/install/sentinel_swarm/share/colcon-core/packages/sentinel_swarm)
[24.906s] DEBUG:colcon.colcon_parallel_executor.executor.parallel:closing loop
[24.906s] DEBUG:colcon.colcon_parallel_executor.executor.parallel:loop closed
[24.906s] DEBUG:colcon.colcon_parallel_executor.executor.parallel:run_until_complete finished with '0'
[24.906s] DEBUG:colcon.colcon_core.event_reactor:joining thread
[24.915s] INFO:colcon.colcon_core.plugin_system:Skipping extension 'colcon_notification.desktop_notification.terminal_notifier': Not used on non-Darwin systems
[24.916s] INFO:colcon.colcon_core.plugin_system:Skipping extension 'colcon_notification.desktop_notification.win32': Not used on non-Windows systems
[24.916s] INFO:colcon.colcon_notification.desktop_notification:Sending desktop notification using 'notify2'
[25.430s] DEBUG:colcon.colcon_core.event_reactor:joined thread
[25.449s] INFO:colcon.colcon_core.shell:Creating prefix script '/home/vboxuser/Sentinel-AI/ros2_ws/install/local_setup.ps1'
[25.505s] INFO:colcon.colcon_core.shell:Creating prefix util module '/home/vboxuser/Sentinel-AI/ros2_ws/install/_local_setup_util_ps1.py'
[25.532s] INFO:colcon.colcon_core.shell:Creating prefix chain script '/home/vboxuser/Sentinel-AI/ros2_ws/install/setup.ps1'
[25.557s] INFO:colcon.colcon_core.shell:Creating prefix script '/home/vboxuser/Sentinel-AI/ros2_ws/install/local_setup.sh'
[25.576s] INFO:colcon.colcon_core.shell:Creating prefix util module '/home/vboxuser/Sentinel-AI/ros2_ws/install/_local_setup_util_sh.py'
[25.603s] INFO:colcon.colcon_core.shell:Creating prefix chain script '/home/vboxuser/Sentinel-AI/ros2_ws/install/setup.sh'
[25.622s] INFO:colcon.colcon_core.shell:Creating prefix script '/home/vboxuser/Sentinel-AI/ros2_ws/install/local_setup.bash'
[25.648s] INFO:colcon.colcon_core.shell:Creating prefix chain script '/home/vboxuser/Sentinel-AI/ros2_ws/install/setup.bash'
[25.693s] INFO:colcon.colcon_core.shell:Creating prefix script '/home/vboxuser/Sentinel-AI/ros2_ws/install/local_setup.zsh'
[25.717s] INFO:colcon.colcon_core.shell:Creating prefix chain script '/home/vboxuser/Sentinel-AI/ros2_ws/install/setup.zsh'
