[0.045s] Invoking command in '/home/vboxuser/Sentinel-AI/ros2_ws/build/sentinel_swarm': CMAKE_PREFIX_PATH=${CMAKE_PREFIX_PATH}:/opt/ros/humble /usr/bin/cmake /home/vboxuser/Sentinel-AI/ros2_ws/src/sentinel_swarm -DAMENT_CMAKE_SYMLINK_INSTALL=1 -DCMAKE_INSTALL_PREFIX=/home/vboxuser/Sentinel-AI/ros2_ws/install/sentinel_swarm
[1.211s] -- The C compiler identification is GNU 11.4.0
[2.255s] -- The CXX compiler identification is GNU 11.4.0
[2.310s] -- Detecting C compiler ABI info
[2.980s] -- Detecting C compiler ABI info - done
[3.042s] -- Check for working C compiler: /usr/bin/cc - skipped
[3.052s] -- Detecting C compile features
[3.057s] -- Detecting C compile features - done
[3.067s] -- Detecting CXX compiler ABI info
[3.831s] -- Detecting CXX compiler ABI info - done
[3.906s] -- Check for working CXX compiler: /usr/bin/c++ - skipped
[3.906s] -- Detecting CXX compile features
[3.906s] -- Detecting CXX compile features - done
[3.997s] -- Found ament_cmake: 1.3.14 (/opt/ros/humble/share/ament_cmake/cmake)
[4.616s] -- Found Python3: /usr/bin/python3 (found version "3.10.12") found components: Interpreter 
[4.736s] -- Override CMake install command with custom implementation using symlinks instead of copying resources
[4.821s] -- Found rosidl_default_generators: 1.2.1 (/opt/ros/humble/share/rosidl_default_generators/cmake)
[4.830s] -- Using all available rosidl_typesupport_c: rosidl_typesupport_fastrtps_c;rosidl_typesupport_introspection_c
[4.840s] -- Found rosidl_adapter: 3.1.8 (/opt/ros/humble/share/rosidl_adapter/cmake)
[4.940s] -- Using all available rosidl_typesupport_cpp: rosidl_typesupport_fastrtps_cpp;rosidl_typesupport_introspection_cpp
[5.083s] -- Found geometry_msgs: 4.9.1 (/opt/ros/humble/share/geometry_msgs/cmake)
[5.197s] -- Found sensor_msgs: 4.9.1 (/opt/ros/humble/share/sensor_msgs/cmake)
[6.782s] -- Found ament_cmake_ros: 0.10.0 (/opt/ros/humble/share/ament_cmake_ros/cmake)
[7.205s] -- Using all available rosidl_typesupport_c: rosidl_typesupport_fastrtps_c;rosidl_typesupport_introspection_c
[7.675s] -- Using all available rosidl_typesupport_cpp: rosidl_typesupport_fastrtps_cpp;rosidl_typesupport_introspection_cpp
[7.713s] -- Found PythonInterp: /usr/bin/python3 (found suitable version "3.10.12", minimum required is "3.6") 
[7.720s] -- Found python_cmake_module: 0.10.0 (/opt/ros/humble/share/python_cmake_module/cmake)
[7.797s] -- Found PythonLibs: /usr/lib/x86_64-linux-gnu/libpython3.10.so (found suitable version "3.10.12", minimum required is "3.5") 
[7.797s] -- Using PYTHON_EXECUTABLE: /usr/bin/python3
[7.797s] -- Using PYTHON_INCLUDE_DIRS: /usr/include/python3.10
[7.797s] -- Using PYTHON_LIBRARIES: /usr/lib/x86_64-linux-gnu/libpython3.10.so
[7.821s] -- Found PythonExtra: .so  
[8.175s] -- Configuring done
[8.265s] -- Generating done
[8.317s] -- Build files have been written to: /home/vboxuser/Sentinel-AI/ros2_ws/build/sentinel_swarm
[8.336s] Invoked command in '/home/vboxuser/Sentinel-AI/ros2_ws/build/sentinel_swarm' returned '0': CMAKE_PREFIX_PATH=${CMAKE_PREFIX_PATH}:/opt/ros/humble /usr/bin/cmake /home/vboxuser/Sentinel-AI/ros2_ws/src/sentinel_swarm -DAMENT_CMAKE_SYMLINK_INSTALL=1 -DCMAKE_INSTALL_PREFIX=/home/vboxuser/Sentinel-AI/ros2_ws/install/sentinel_swarm
[8.337s] Invoking command in '/home/vboxuser/Sentinel-AI/ros2_ws/build/sentinel_swarm': CMAKE_PREFIX_PATH=${CMAKE_PREFIX_PATH}:/opt/ros/humble /usr/bin/cmake --build /home/vboxuser/Sentinel-AI/ros2_ws/build/sentinel_swarm -- -j10 -l10
[8.742s] [  2%] Generating C code for ROS interfaces
[8.831s] [  4%] Generating C++ code for ROS interfaces
[8.971s] [  6%] Generating Rust code for ROS interfaces
[9.240s] [  6%] Built target ament_cmake_python_symlink_swarm_core
[9.309s] [  6%] Built target ament_cmake_python_symlink_sentinel_swarm
[10.408s] running egg_info
[10.408s] creating swarm_core.egg-info
[10.413s] writing swarm_core.egg-info/PKG-INFO
[10.413s] writing dependency_links to swarm_core.egg-info/dependency_links.txt
[10.413s] writing top-level names to swarm_core.egg-info/top_level.txt
[10.413s] writing manifest file 'swarm_core.egg-info/SOURCES.txt'
[10.440s] reading manifest file 'swarm_core.egg-info/SOURCES.txt'
[10.444s] writing manifest file 'swarm_core.egg-info/SOURCES.txt'
[10.452s] [  6%] Built target sentinel_swarm__rs
[10.498s] [  6%] Built target ament_cmake_python_build_swarm_core_egg
[10.619s] running egg_info
[10.619s] creating sentinel_swarm.egg-info
[10.619s] writing sentinel_swarm.egg-info/PKG-INFO
[10.619s] writing dependency_links to sentinel_swarm.egg-info/dependency_links.txt
[10.619s] writing top-level names to sentinel_swarm.egg-info/top_level.txt
[10.619s] writing manifest file 'sentinel_swarm.egg-info/SOURCES.txt'
[10.626s] reading manifest file 'sentinel_swarm.egg-info/SOURCES.txt'
[10.626s] writing manifest file 'sentinel_swarm.egg-info/SOURCES.txt'
[10.824s] [  6%] Built target sentinel_swarm__cpp
[10.985s] [  8%] Generating C++ type support for eProsima Fast-RTPS
[10.989s] [ 10%] Generating C++ introspection for ROS interfaces
[11.005s] [ 12%] Building C object CMakeFiles/sentinel_swarm__rosidl_generator_c.dir/rosidl_generator_c/sentinel_swarm/msg/detail/formation_reference__functions.c.o
[11.008s] [ 14%] Building C object CMakeFiles/sentinel_swarm__rosidl_generator_c.dir/rosidl_generator_c/sentinel_swarm/msg/detail/drone_state__functions.c.o
[11.034s] [ 16%] Building C object CMakeFiles/sentinel_swarm__rosidl_generator_c.dir/rosidl_generator_c/sentinel_swarm/msg/detail/swarm_command__functions.c.o
[11.082s] [ 18%] Generating C++ type support dispatch for ROS interfaces
[11.232s] [ 18%] Built target ament_cmake_python_build_sentinel_swarm_egg
[12.506s] [ 20%] Linking C shared library libsentinel_swarm__rosidl_generator_c.so
[12.706s] [ 20%] Built target sentinel_swarm__rosidl_generator_c
[12.724s] [ 25%] Generating C introspection for ROS interfaces
[12.725s] [ 25%] Generating C type support dispatch for ROS interfaces
[12.725s] [ 27%] Generating C type support for eProsima Fast-RTPS
[12.810s] [ 29%] Building CXX object CMakeFiles/sentinel_swarm__rosidl_typesupport_cpp.dir/rosidl_typesupport_cpp/sentinel_swarm/msg/formation_reference__type_support.cpp.o
[12.859s] [ 31%] Building CXX object CMakeFiles/sentinel_swarm__rosidl_typesupport_cpp.dir/rosidl_typesupport_cpp/sentinel_swarm/msg/drone_state__type_support.cpp.o
[13.064s] [ 33%] Building CXX object CMakeFiles/sentinel_swarm__rosidl_typesupport_cpp.dir/rosidl_typesupport_cpp/sentinel_swarm/msg/swarm_command__type_support.cpp.o
[13.517s] [ 35%] Building CXX object CMakeFiles/sentinel_swarm__rosidl_typesupport_fastrtps_cpp.dir/rosidl_typesupport_fastrtps_cpp/sentinel_swarm/msg/detail/dds_fastrtps/swarm_command__type_support.cpp.o
[13.522s] [ 37%] Building CXX object CMakeFiles/sentinel_swarm__rosidl_typesupport_fastrtps_cpp.dir/rosidl_typesupport_fastrtps_cpp/sentinel_swarm/msg/detail/dds_fastrtps/formation_reference__type_support.cpp.o
[13.573s] [ 39%] Building CXX object CMakeFiles/sentinel_swarm__rosidl_typesupport_fastrtps_cpp.dir/rosidl_typesupport_fastrtps_cpp/sentinel_swarm/msg/detail/dds_fastrtps/drone_state__type_support.cpp.o
[13.911s] [ 41%] Building CXX object CMakeFiles/sentinel_swarm__rosidl_typesupport_introspection_cpp.dir/rosidl_typesupport_introspection_cpp/sentinel_swarm/msg/detail/drone_state__type_support.cpp.o
[16.102s] [ 43%] Building CXX object CMakeFiles/sentinel_swarm__rosidl_typesupport_c.dir/rosidl_typesupport_c/sentinel_swarm/msg/drone_state__type_support.cpp.o
[16.279s] [ 45%] Building CXX object CMakeFiles/sentinel_swarm__rosidl_typesupport_c.dir/rosidl_typesupport_c/sentinel_swarm/msg/swarm_command__type_support.cpp.o
[16.367s] [ 47%] Building C object CMakeFiles/sentinel_swarm__rosidl_typesupport_introspection_c.dir/rosidl_typesupport_introspection_c/sentinel_swarm/msg/detail/drone_state__type_support.c.o
[16.893s] [ 50%] Building CXX object CMakeFiles/sentinel_swarm__rosidl_typesupport_fastrtps_c.dir/rosidl_typesupport_fastrtps_c/sentinel_swarm/msg/detail/drone_state__type_support_c.cpp.o
[16.953s] [ 52%] Building C object CMakeFiles/sentinel_swarm__rosidl_typesupport_introspection_c.dir/rosidl_typesupport_introspection_c/sentinel_swarm/msg/detail/formation_reference__type_support.c.o
[16.986s] [ 54%] Building CXX object CMakeFiles/sentinel_swarm__rosidl_typesupport_c.dir/rosidl_typesupport_c/sentinel_swarm/msg/formation_reference__type_support.cpp.o
[16.992s] [ 56%] Building C object CMakeFiles/sentinel_swarm__rosidl_typesupport_introspection_c.dir/rosidl_typesupport_introspection_c/sentinel_swarm/msg/detail/swarm_command__type_support.c.o
[17.419s] [ 58%] Building CXX object CMakeFiles/sentinel_swarm__rosidl_typesupport_fastrtps_c.dir/rosidl_typesupport_fastrtps_c/sentinel_swarm/msg/detail/swarm_command__type_support_c.cpp.o
[17.545s] [ 60%] Linking CXX shared library libsentinel_swarm__rosidl_typesupport_cpp.so
[17.654s] [ 62%] Linking CXX shared library libsentinel_swarm__rosidl_typesupport_c.so
[17.716s] [ 64%] Building CXX object CMakeFiles/sentinel_swarm__rosidl_typesupport_fastrtps_c.dir/rosidl_typesupport_fastrtps_c/sentinel_swarm/msg/detail/formation_reference__type_support_c.cpp.o
[17.822s] [ 66%] Linking C shared library libsentinel_swarm__rosidl_typesupport_introspection_c.so
[17.984s] [ 66%] Built target sentinel_swarm__rosidl_typesupport_c
[18.091s] [ 66%] Built target sentinel_swarm__rosidl_typesupport_cpp
[18.097s] [ 68%] Building CXX object CMakeFiles/sentinel_swarm__rosidl_typesupport_introspection_cpp.dir/rosidl_typesupport_introspection_cpp/sentinel_swarm/msg/detail/swarm_command__type_support.cpp.o
[18.165s] [ 70%] Built target sentinel_swarm__rosidl_typesupport_introspection_c
[18.190s] [ 70%] Building CXX object CMakeFiles/sentinel_swarm__rosidl_typesupport_introspection_cpp.dir/rosidl_typesupport_introspection_cpp/sentinel_swarm/msg/detail/formation_reference__type_support.cpp.o
[19.545s] [ 72%] Linking CXX shared library libsentinel_swarm__rosidl_typesupport_fastrtps_c.so
[19.554s] [ 75%] Linking CXX shared library libsentinel_swarm__rosidl_typesupport_fastrtps_cpp.so
[19.887s] [ 75%] Built target sentinel_swarm__rosidl_typesupport_fastrtps_cpp
[19.942s] [ 75%] Built target sentinel_swarm__rosidl_typesupport_fastrtps_c
[20.040s] [ 77%] Linking CXX shared library libsentinel_swarm__rosidl_typesupport_introspection_cpp.so
[20.276s] [ 77%] Built target sentinel_swarm__rosidl_typesupport_introspection_cpp
[20.354s] [ 77%] Built target sentinel_swarm
[20.570s] [ 79%] Generating Python code for ROS interfaces
[21.187s] [ 79%] Built target sentinel_swarm__py
[21.334s] [ 81%] Building C object CMakeFiles/sentinel_swarm__rosidl_generator_py.dir/rosidl_generator_py/sentinel_swarm/msg/_formation_reference_s.c.o
[21.374s] [ 85%] Building C object CMakeFiles/sentinel_swarm__rosidl_generator_py.dir/rosidl_generator_py/sentinel_swarm/msg/_swarm_command_s.c.o
[21.374s] [ 85%] Building C object CMakeFiles/sentinel_swarm__rosidl_generator_py.dir/rosidl_generator_py/sentinel_swarm/msg/_drone_state_s.c.o
[23.927s] [ 87%] Linking C shared library rosidl_generator_py/sentinel_swarm/libsentinel_swarm__rosidl_generator_py.so
[24.546s] [ 87%] Built target sentinel_swarm__rosidl_generator_py
[24.738s] [ 89%] Building C object CMakeFiles/sentinel_swarm__rosidl_typesupport_fastrtps_c__pyext.dir/rosidl_generator_py/sentinel_swarm/_sentinel_swarm_s.ep.rosidl_typesupport_fastrtps_c.c.o
[24.797s] [ 91%] Building C object CMakeFiles/sentinel_swarm__rosidl_typesupport_introspection_c__pyext.dir/rosidl_generator_py/sentinel_swarm/_sentinel_swarm_s.ep.rosidl_typesupport_introspection_c.c.o
[24.812s] [ 93%] Building C object CMakeFiles/sentinel_swarm__rosidl_typesupport_c__pyext.dir/rosidl_generator_py/sentinel_swarm/_sentinel_swarm_s.ep.rosidl_typesupport_c.c.o
[25.261s] [ 95%] Linking C shared library rosidl_generator_py/sentinel_swarm/sentinel_swarm_s__rosidl_typesupport_introspection_c.cpython-310-x86_64-linux-gnu.so
[25.342s] [ 97%] Linking C shared library rosidl_generator_py/sentinel_swarm/sentinel_swarm_s__rosidl_typesupport_fastrtps_c.cpython-310-x86_64-linux-gnu.so
[25.342s] [100%] Linking C shared library rosidl_generator_py/sentinel_swarm/sentinel_swarm_s__rosidl_typesupport_c.cpython-310-x86_64-linux-gnu.so
[25.662s] [100%] Built target sentinel_swarm__rosidl_typesupport_introspection_c__pyext
[25.810s] [100%] Built target sentinel_swarm__rosidl_typesupport_fastrtps_c__pyext
[25.996s] [100%] Built target sentinel_swarm__rosidl_typesupport_c__pyext
[26.092s] Invoked command in '/home/vboxuser/Sentinel-AI/ros2_ws/build/sentinel_swarm' returned '0': CMAKE_PREFIX_PATH=${CMAKE_PREFIX_PATH}:/opt/ros/humble /usr/bin/cmake --build /home/vboxuser/Sentinel-AI/ros2_ws/build/sentinel_swarm -- -j10 -l10
[26.175s] Invoking command in '/home/vboxuser/Sentinel-AI/ros2_ws/build/sentinel_swarm': CMAKE_PREFIX_PATH=${CMAKE_PREFIX_PATH}:/opt/ros/humble /usr/bin/cmake --install /home/vboxuser/Sentinel-AI/ros2_ws/build/sentinel_swarm
[26.206s] -- Install configuration: ""
[26.207s] -- Execute custom install script
[26.207s] -- Symlinking: /home/vboxuser/Sentinel-AI/ros2_ws/install/sentinel_swarm/share/ament_index/resource_index/rosidl_interfaces/sentinel_swarm
[26.224s] -- Symlinking: /home/vboxuser/Sentinel-AI/ros2_ws/install/sentinel_swarm/include/sentinel_swarm/sentinel_swarm/msg/detail/drone_state__functions.h
[26.325s] -- Symlinking: /home/vboxuser/Sentinel-AI/ros2_ws/install/sentinel_swarm/include/sentinel_swarm/sentinel_swarm/msg/detail/drone_state__struct.h
[26.360s] -- Symlinking: /home/vboxuser/Sentinel-AI/ros2_ws/install/sentinel_swarm/include/sentinel_swarm/sentinel_swarm/msg/detail/drone_state__type_support.h
[26.388s] -- Symlinking: /home/vboxuser/Sentinel-AI/ros2_ws/install/sentinel_swarm/include/sentinel_swarm/sentinel_swarm/msg/detail/formation_reference__functions.h
[26.402s] -- Symlinking: /home/vboxuser/Sentinel-AI/ros2_ws/install/sentinel_swarm/include/sentinel_swarm/sentinel_swarm/msg/detail/formation_reference__struct.h
[26.450s] -- Symlinking: /home/vboxuser/Sentinel-AI/ros2_ws/install/sentinel_swarm/include/sentinel_swarm/sentinel_swarm/msg/detail/formation_reference__type_support.h
[26.460s] -- Symlinking: /home/vboxuser/Sentinel-AI/ros2_ws/install/sentinel_swarm/include/sentinel_swarm/sentinel_swarm/msg/detail/swarm_command__functions.h
[26.480s] -- Symlinking: /home/vboxuser/Sentinel-AI/ros2_ws/install/sentinel_swarm/include/sentinel_swarm/sentinel_swarm/msg/detail/swarm_command__struct.h
[26.495s] -- Symlinking: /home/vboxuser/Sentinel-AI/ros2_ws/install/sentinel_swarm/include/sentinel_swarm/sentinel_swarm/msg/detail/swarm_command__type_support.h
[26.506s] -- Symlinking: /home/vboxuser/Sentinel-AI/ros2_ws/install/sentinel_swarm/include/sentinel_swarm/sentinel_swarm/msg/drone_state.h
[26.525s] -- Symlinking: /home/vboxuser/Sentinel-AI/ros2_ws/install/sentinel_swarm/include/sentinel_swarm/sentinel_swarm/msg/formation_reference.h
[26.569s] -- Symlinking: /home/vboxuser/Sentinel-AI/ros2_ws/install/sentinel_swarm/include/sentinel_swarm/sentinel_swarm/msg/rosidl_generator_c__visibility_control.h
[26.585s] -- Symlinking: /home/vboxuser/Sentinel-AI/ros2_ws/install/sentinel_swarm/include/sentinel_swarm/sentinel_swarm/msg/swarm_command.h
[26.604s] -- Symlinking: /home/vboxuser/Sentinel-AI/ros2_ws/install/sentinel_swarm/share/sentinel_swarm/environment/library_path.sh
[26.684s] -- Symlinking: /home/vboxuser/Sentinel-AI/ros2_ws/install/sentinel_swarm/share/sentinel_swarm/environment/library_path.dsv
[26.727s] -- Symlinking: /home/vboxuser/Sentinel-AI/ros2_ws/install/sentinel_swarm/include/sentinel_swarm/sentinel_swarm/msg/detail/drone_state__rosidl_typesupport_fastrtps_c.h
[26.804s] -- Symlinking: /home/vboxuser/Sentinel-AI/ros2_ws/install/sentinel_swarm/include/sentinel_swarm/sentinel_swarm/msg/detail/formation_reference__rosidl_typesupport_fastrtps_c.h
[26.847s] -- Symlinking: /home/vboxuser/Sentinel-AI/ros2_ws/install/sentinel_swarm/include/sentinel_swarm/sentinel_swarm/msg/detail/swarm_command__rosidl_typesupport_fastrtps_c.h
[26.858s] -- Symlinking: /home/vboxuser/Sentinel-AI/ros2_ws/install/sentinel_swarm/include/sentinel_swarm/sentinel_swarm/msg/rosidl_typesupport_fastrtps_c__visibility_control.h
[26.871s] -- Symlinking: /home/vboxuser/Sentinel-AI/ros2_ws/install/sentinel_swarm/include/sentinel_swarm/sentinel_swarm/msg/detail/drone_state__rosidl_typesupport_introspection_c.h
[26.884s] -- Symlinking: /home/vboxuser/Sentinel-AI/ros2_ws/install/sentinel_swarm/include/sentinel_swarm/sentinel_swarm/msg/detail/formation_reference__rosidl_typesupport_introspection_c.h
[26.899s] -- Symlinking: /home/vboxuser/Sentinel-AI/ros2_ws/install/sentinel_swarm/include/sentinel_swarm/sentinel_swarm/msg/detail/swarm_command__rosidl_typesupport_introspection_c.h
[26.948s] -- Symlinking: /home/vboxuser/Sentinel-AI/ros2_ws/install/sentinel_swarm/include/sentinel_swarm/sentinel_swarm/msg/rosidl_typesupport_introspection_c__visibility_control.h
[26.980s] -- Symlinking: /home/vboxuser/Sentinel-AI/ros2_ws/install/sentinel_swarm/include/sentinel_swarm/sentinel_swarm/msg/detail/drone_state__builder.hpp
[26.992s] -- Symlinking: /home/vboxuser/Sentinel-AI/ros2_ws/install/sentinel_swarm/include/sentinel_swarm/sentinel_swarm/msg/detail/drone_state__struct.hpp
[27.020s] -- Symlinking: /home/vboxuser/Sentinel-AI/ros2_ws/install/sentinel_swarm/include/sentinel_swarm/sentinel_swarm/msg/detail/drone_state__traits.hpp
[27.100s] -- Symlinking: /home/vboxuser/Sentinel-AI/ros2_ws/install/sentinel_swarm/include/sentinel_swarm/sentinel_swarm/msg/detail/drone_state__type_support.hpp
[27.128s] -- Symlinking: /home/vboxuser/Sentinel-AI/ros2_ws/install/sentinel_swarm/include/sentinel_swarm/sentinel_swarm/msg/detail/formation_reference__builder.hpp
[27.139s] -- Symlinking: /home/vboxuser/Sentinel-AI/ros2_ws/install/sentinel_swarm/include/sentinel_swarm/sentinel_swarm/msg/detail/formation_reference__struct.hpp
[27.163s] -- Symlinking: /home/vboxuser/Sentinel-AI/ros2_ws/install/sentinel_swarm/include/sentinel_swarm/sentinel_swarm/msg/detail/formation_reference__traits.hpp
[27.174s] -- Symlinking: /home/vboxuser/Sentinel-AI/ros2_ws/install/sentinel_swarm/include/sentinel_swarm/sentinel_swarm/msg/detail/formation_reference__type_support.hpp
[27.194s] -- Symlinking: /home/vboxuser/Sentinel-AI/ros2_ws/install/sentinel_swarm/include/sentinel_swarm/sentinel_swarm/msg/detail/swarm_command__builder.hpp
[27.209s] -- Symlinking: /home/vboxuser/Sentinel-AI/ros2_ws/install/sentinel_swarm/include/sentinel_swarm/sentinel_swarm/msg/detail/swarm_command__struct.hpp
[27.232s] -- Symlinking: /home/vboxuser/Sentinel-AI/ros2_ws/install/sentinel_swarm/include/sentinel_swarm/sentinel_swarm/msg/detail/swarm_command__traits.hpp
[27.245s] -- Symlinking: /home/vboxuser/Sentinel-AI/ros2_ws/install/sentinel_swarm/include/sentinel_swarm/sentinel_swarm/msg/detail/swarm_command__type_support.hpp
[27.260s] -- Symlinking: /home/vboxuser/Sentinel-AI/ros2_ws/install/sentinel_swarm/include/sentinel_swarm/sentinel_swarm/msg/drone_state.hpp
[27.405s] -- Symlinking: /home/vboxuser/Sentinel-AI/ros2_ws/install/sentinel_swarm/include/sentinel_swarm/sentinel_swarm/msg/formation_reference.hpp
[27.534s] -- Symlinking: /home/vboxuser/Sentinel-AI/ros2_ws/install/sentinel_swarm/include/sentinel_swarm/sentinel_swarm/msg/rosidl_generator_cpp__visibility_control.hpp
[27.654s] -- Symlinking: /home/vboxuser/Sentinel-AI/ros2_ws/install/sentinel_swarm/include/sentinel_swarm/sentinel_swarm/msg/swarm_command.hpp
[28.011s] -- Symlinking: /home/vboxuser/Sentinel-AI/ros2_ws/install/sentinel_swarm/include/sentinel_swarm/sentinel_swarm/msg/detail/drone_state__rosidl_typesupport_fastrtps_cpp.hpp
[28.058s] -- Symlinking: /home/vboxuser/Sentinel-AI/ros2_ws/install/sentinel_swarm/include/sentinel_swarm/sentinel_swarm/msg/detail/formation_reference__rosidl_typesupport_fastrtps_cpp.hpp
[28.184s] -- Symlinking: /home/vboxuser/Sentinel-AI/ros2_ws/install/sentinel_swarm/include/sentinel_swarm/sentinel_swarm/msg/detail/swarm_command__rosidl_typesupport_fastrtps_cpp.hpp
[28.260s] -- Symlinking: /home/vboxuser/Sentinel-AI/ros2_ws/install/sentinel_swarm/include/sentinel_swarm/sentinel_swarm/msg/rosidl_typesupport_fastrtps_cpp__visibility_control.h
[28.393s] -- Symlinking: /home/vboxuser/Sentinel-AI/ros2_ws/install/sentinel_swarm/include/sentinel_swarm/sentinel_swarm/msg/detail/drone_state__rosidl_typesupport_introspection_cpp.hpp
[28.460s] -- Symlinking: /home/vboxuser/Sentinel-AI/ros2_ws/install/sentinel_swarm/include/sentinel_swarm/sentinel_swarm/msg/detail/formation_reference__rosidl_typesupport_introspection_cpp.hpp
[28.522s] -- Symlinking: /home/vboxuser/Sentinel-AI/ros2_ws/install/sentinel_swarm/include/sentinel_swarm/sentinel_swarm/msg/detail/swarm_command__rosidl_typesupport_introspection_cpp.hpp
[28.534s] -- Symlinking: /home/vboxuser/Sentinel-AI/ros2_ws/install/sentinel_swarm/share/sentinel_swarm/environment/pythonpath.sh
[28.612s] -- Symlinking: /home/vboxuser/Sentinel-AI/ros2_ws/install/sentinel_swarm/share/sentinel_swarm/environment/pythonpath.dsv
[28.624s] -- Symlinking: /home/vboxuser/Sentinel-AI/ros2_ws/install/sentinel_swarm/local/lib/python3.10/dist-packages/sentinel_swarm-0.0.1-py3.10.egg-info/PKG-INFO
[28.638s] -- Symlinking: /home/vboxuser/Sentinel-AI/ros2_ws/install/sentinel_swarm/local/lib/python3.10/dist-packages/sentinel_swarm-0.0.1-py3.10.egg-info/SOURCES.txt
[28.824s] -- Symlinking: /home/vboxuser/Sentinel-AI/ros2_ws/install/sentinel_swarm/local/lib/python3.10/dist-packages/sentinel_swarm-0.0.1-py3.10.egg-info/dependency_links.txt
[28.954s] -- Symlinking: /home/vboxuser/Sentinel-AI/ros2_ws/install/sentinel_swarm/local/lib/python3.10/dist-packages/sentinel_swarm-0.0.1-py3.10.egg-info/top_level.txt
[29.079s] -- Symlinking: /home/vboxuser/Sentinel-AI/ros2_ws/install/sentinel_swarm/local/lib/python3.10/dist-packages/sentinel_swarm/__init__.py
[29.228s] -- Symlinking: /home/vboxuser/Sentinel-AI/ros2_ws/install/sentinel_swarm/local/lib/python3.10/dist-packages/sentinel_swarm/_sentinel_swarm_s.ep.rosidl_typesupport_c.c
[29.336s] -- Symlinking: /home/vboxuser/Sentinel-AI/ros2_ws/install/sentinel_swarm/local/lib/python3.10/dist-packages/sentinel_swarm/_sentinel_swarm_s.ep.rosidl_typesupport_fastrtps_c.c
[29.802s] -- Symlinking: /home/vboxuser/Sentinel-AI/ros2_ws/install/sentinel_swarm/local/lib/python3.10/dist-packages/sentinel_swarm/_sentinel_swarm_s.ep.rosidl_typesupport_introspection_c.c
[29.955s] -- Symlinking: /home/vboxuser/Sentinel-AI/ros2_ws/install/sentinel_swarm/local/lib/python3.10/dist-packages/sentinel_swarm/libsentinel_swarm__rosidl_generator_py.so
[30.108s] -- Symlinking: /home/vboxuser/Sentinel-AI/ros2_ws/install/sentinel_swarm/local/lib/python3.10/dist-packages/sentinel_swarm/msg/__init__.py
[30.156s] -- Symlinking: /home/vboxuser/Sentinel-AI/ros2_ws/install/sentinel_swarm/local/lib/python3.10/dist-packages/sentinel_swarm/msg/_drone_state.py
[30.343s] -- Symlinking: /home/vboxuser/Sentinel-AI/ros2_ws/install/sentinel_swarm/local/lib/python3.10/dist-packages/sentinel_swarm/msg/_drone_state_s.c
[30.447s] -- Symlinking: /home/vboxuser/Sentinel-AI/ros2_ws/install/sentinel_swarm/local/lib/python3.10/dist-packages/sentinel_swarm/msg/_formation_reference.py
[30.511s] -- Symlinking: /home/vboxuser/Sentinel-AI/ros2_ws/install/sentinel_swarm/local/lib/python3.10/dist-packages/sentinel_swarm/msg/_formation_reference_s.c
[30.567s] -- Symlinking: /home/vboxuser/Sentinel-AI/ros2_ws/install/sentinel_swarm/local/lib/python3.10/dist-packages/sentinel_swarm/msg/_swarm_command.py
[30.698s] -- Symlinking: /home/vboxuser/Sentinel-AI/ros2_ws/install/sentinel_swarm/local/lib/python3.10/dist-packages/sentinel_swarm/msg/_swarm_command_s.c
[30.750s] -- Symlinking: /home/vboxuser/Sentinel-AI/ros2_ws/install/sentinel_swarm/local/lib/python3.10/dist-packages/sentinel_swarm/sentinel_swarm_s__rosidl_typesupport_c.cpython-310-x86_64-linux-gnu.so
[31.027s] -- Symlinking: /home/vboxuser/Sentinel-AI/ros2_ws/install/sentinel_swarm/local/lib/python3.10/dist-packages/sentinel_swarm/sentinel_swarm_s__rosidl_typesupport_fastrtps_c.cpython-310-x86_64-linux-gnu.so
[31.096s] -- Symlinking: /home/vboxuser/Sentinel-AI/ros2_ws/install/sentinel_swarm/local/lib/python3.10/dist-packages/sentinel_swarm/sentinel_swarm_s__rosidl_typesupport_introspection_c.cpython-310-x86_64-linux-gnu.so
[31.254s] -- Up-to-date symlink: /home/vboxuser/Sentinel-AI/ros2_ws/install/sentinel_swarm/local/lib/python3.10/dist-packages/sentinel_swarm/sentinel_swarm_s__rosidl_typesupport_fastrtps_c.cpython-310-x86_64-linux-gnu.so
[31.254s] -- Up-to-date symlink: /home/vboxuser/Sentinel-AI/ros2_ws/install/sentinel_swarm/local/lib/python3.10/dist-packages/sentinel_swarm/sentinel_swarm_s__rosidl_typesupport_introspection_c.cpython-310-x86_64-linux-gnu.so
[31.255s] -- Up-to-date symlink: /home/vboxuser/Sentinel-AI/ros2_ws/install/sentinel_swarm/local/lib/python3.10/dist-packages/sentinel_swarm/sentinel_swarm_s__rosidl_typesupport_c.cpython-310-x86_64-linux-gnu.so
[31.256s] -- Symlinking: /home/vboxuser/Sentinel-AI/ros2_ws/install/sentinel_swarm/share/ament_index/resource_index/rust_packages/sentinel_swarm
[31.333s] -- Symlinking: /home/vboxuser/Sentinel-AI/ros2_ws/install/sentinel_swarm/share/sentinel_swarm/rust/Cargo.toml
[31.373s] -- Symlinking: /home/vboxuser/Sentinel-AI/ros2_ws/install/sentinel_swarm/share/sentinel_swarm/rust/build.rs
[31.407s] -- Symlinking: /home/vboxuser/Sentinel-AI/ros2_ws/install/sentinel_swarm/share/sentinel_swarm/rust/src/lib.rs
[31.509s] -- Symlinking: /home/vboxuser/Sentinel-AI/ros2_ws/install/sentinel_swarm/share/sentinel_swarm/rust/src/msg.rs
[31.531s] -- Symlinking: /home/vboxuser/Sentinel-AI/ros2_ws/install/sentinel_swarm/share/sentinel_swarm/rust/src/msg/rmw.rs
[31.563s] -- Symlinking: /home/vboxuser/Sentinel-AI/ros2_ws/install/sentinel_swarm/share/sentinel_swarm/msg/DroneState.idl
[31.574s] -- Symlinking: /home/vboxuser/Sentinel-AI/ros2_ws/install/sentinel_swarm/share/sentinel_swarm/msg/SwarmCommand.idl
[31.604s] -- Symlinking: /home/vboxuser/Sentinel-AI/ros2_ws/install/sentinel_swarm/share/sentinel_swarm/msg/FormationReference.idl
[31.634s] -- Symlinking: /home/vboxuser/Sentinel-AI/ros2_ws/install/sentinel_swarm/share/sentinel_swarm/msg/DroneState.msg
[31.654s] -- Symlinking: /home/vboxuser/Sentinel-AI/ros2_ws/install/sentinel_swarm/share/sentinel_swarm/msg/SwarmCommand.msg
[31.777s] -- Symlinking: /home/vboxuser/Sentinel-AI/ros2_ws/install/sentinel_swarm/share/sentinel_swarm/msg/FormationReference.msg
[31.794s] -- Symlinking: /home/vboxuser/Sentinel-AI/ros2_ws/install/sentinel_swarm/local/lib/python3.10/dist-packages/swarm_core-0.0.1-py3.10.egg-info/PKG-INFO
[31.907s] -- Symlinking: /home/vboxuser/Sentinel-AI/ros2_ws/install/sentinel_swarm/local/lib/python3.10/dist-packages/swarm_core-0.0.1-py3.10.egg-info/SOURCES.txt
[32.077s] -- Symlinking: /home/vboxuser/Sentinel-AI/ros2_ws/install/sentinel_swarm/local/lib/python3.10/dist-packages/swarm_core-0.0.1-py3.10.egg-info/dependency_links.txt
[32.096s] -- Symlinking: /home/vboxuser/Sentinel-AI/ros2_ws/install/sentinel_swarm/local/lib/python3.10/dist-packages/swarm_core-0.0.1-py3.10.egg-info/top_level.txt
[32.114s] -- Symlinking: /home/vboxuser/Sentinel-AI/ros2_ws/install/sentinel_swarm/local/lib/python3.10/dist-packages/swarm_core/__init__.py
[32.160s] -- Symlinking: /home/vboxuser/Sentinel-AI/ros2_ws/install/sentinel_swarm/local/lib/python3.10/dist-packages/swarm_core/communication_layer.py
[32.259s] -- Symlinking: /home/vboxuser/Sentinel-AI/ros2_ws/install/sentinel_swarm/local/lib/python3.10/dist-packages/swarm_core/drone_controller.py
[32.283s] -- Symlinking: /home/vboxuser/Sentinel-AI/ros2_ws/install/sentinel_swarm/local/lib/python3.10/dist-packages/swarm_core/gazebo_bridge.py
[32.300s] -- Symlinking: /home/vboxuser/Sentinel-AI/ros2_ws/install/sentinel_swarm/local/lib/python3.10/dist-packages/swarm_core/math_utilities.py
[32.312s] -- Symlinking: /home/vboxuser/Sentinel-AI/ros2_ws/install/sentinel_swarm/local/lib/python3.10/dist-packages/swarm_core/mission_planner.py
[32.335s] -- Symlinking: /home/vboxuser/Sentinel-AI/ros2_ws/install/sentinel_swarm/local/lib/python3.10/dist-packages/swarm_core/swarm_coordinator.py
[32.361s] -- Symlinking: /home/vboxuser/Sentinel-AI/ros2_ws/install/sentinel_swarm/local/lib/python3.10/dist-packages/swarm_core/swarm_monitor.py
[32.411s] -- Symlinking: /home/vboxuser/Sentinel-AI/ros2_ws/install/sentinel_swarm/share/sentinel_swarm/swarm_core/__init__.py
[32.432s] -- Symlinking: /home/vboxuser/Sentinel-AI/ros2_ws/install/sentinel_swarm/share/sentinel_swarm/swarm_core/__pycache__/__init__.cpython-310.pyc
[32.479s] -- Symlinking: /home/vboxuser/Sentinel-AI/ros2_ws/install/sentinel_swarm/share/sentinel_swarm/swarm_core/__pycache__/communication_layer.cpython-310.pyc
[32.491s] -- Symlinking: /home/vboxuser/Sentinel-AI/ros2_ws/install/sentinel_swarm/share/sentinel_swarm/swarm_core/__pycache__/drone_controller.cpython-310.pyc
[32.509s] -- Symlinking: /home/vboxuser/Sentinel-AI/ros2_ws/install/sentinel_swarm/share/sentinel_swarm/swarm_core/__pycache__/gazebo_bridge.cpython-310.pyc
[32.593s] -- Symlinking: /home/vboxuser/Sentinel-AI/ros2_ws/install/sentinel_swarm/share/sentinel_swarm/swarm_core/__pycache__/math_utilities.cpython-310.pyc
[32.607s] -- Symlinking: /home/vboxuser/Sentinel-AI/ros2_ws/install/sentinel_swarm/share/sentinel_swarm/swarm_core/__pycache__/mission_planner.cpython-310.pyc
[32.659s] -- Symlinking: /home/vboxuser/Sentinel-AI/ros2_ws/install/sentinel_swarm/share/sentinel_swarm/swarm_core/__pycache__/swarm_coordinator.cpython-310.pyc
[32.704s] -- Symlinking: /home/vboxuser/Sentinel-AI/ros2_ws/install/sentinel_swarm/share/sentinel_swarm/swarm_core/__pycache__/swarm_monitor.cpython-310.pyc
[32.772s] -- Symlinking: /home/vboxuser/Sentinel-AI/ros2_ws/install/sentinel_swarm/share/sentinel_swarm/swarm_core/communication_layer.py
[32.821s] -- Symlinking: /home/vboxuser/Sentinel-AI/ros2_ws/install/sentinel_swarm/share/sentinel_swarm/swarm_core/drone_controller.py
[32.834s] -- Symlinking: /home/vboxuser/Sentinel-AI/ros2_ws/install/sentinel_swarm/share/sentinel_swarm/swarm_core/gazebo_bridge.py
[32.856s] -- Symlinking: /home/vboxuser/Sentinel-AI/ros2_ws/install/sentinel_swarm/share/sentinel_swarm/swarm_core/math_utilities.py
[32.906s] -- Symlinking: /home/vboxuser/Sentinel-AI/ros2_ws/install/sentinel_swarm/share/sentinel_swarm/swarm_core/mission_planner.py
[32.933s] -- Symlinking: /home/vboxuser/Sentinel-AI/ros2_ws/install/sentinel_swarm/share/sentinel_swarm/swarm_core/swarm_coordinator.py
[33.042s] -- Symlinking: /home/vboxuser/Sentinel-AI/ros2_ws/install/sentinel_swarm/share/sentinel_swarm/swarm_core/swarm_monitor.py
[33.123s] CMake Error at ament_cmake_symlink_install/ament_cmake_symlink_install.cmake:105 (message):
[33.123s]   ament_cmake_symlink_install_directory() can't find
[33.123s]   '/home/vboxuser/Sentinel-AI/ros2_ws/src/sentinel_swarm/config'
[33.123s] Call Stack (most recent call first):
[33.123s]   ament_cmake_symlink_install/ament_cmake_symlink_install.cmake:397 (ament_cmake_symlink_install_directory)
[33.123s]   cmake_install.cmake:46 (include)
[33.123s] 
[33.124s] 
[33.172s] Invoked command in '/home/vboxuser/Sentinel-AI/ros2_ws/build/sentinel_swarm' returned '1': CMAKE_PREFIX_PATH=${CMAKE_PREFIX_PATH}:/opt/ros/humble /usr/bin/cmake --install /home/vboxuser/Sentinel-AI/ros2_ws/build/sentinel_swarm
