[0.797s] DEBUG:colcon:Command line arguments: ['/usr/bin/colcon', 'build', '--symlink-install']
[0.802s] DEBUG:colcon:Parsed command line arguments: Namespace(log_base=None, log_level=None, verb_name='build', build_base='build', install_base='install', merge_install=False, symlink_install=True, test_result_base=None, continue_on_error=False, executor='parallel', parallel_workers=10, event_handlers=None, ignore_user_meta=False, metas=['./colcon.meta'], base_paths=['.'], packages_ignore=None, packages_ignore_regex=None, paths=None, packages_up_to=None, packages_up_to_regex=None, packages_above=None, packages_above_and_dependencies=None, packages_above_depth=None, packages_select_by_dep=None, packages_skip_by_dep=None, packages_skip_up_to=None, packages_select_build_failed=False, packages_skip_build_finished=False, packages_select_test_failures=False, packages_skip_test_passed=False, packages_select=None, packages_skip=None, packages_select_regex=None, packages_skip_regex=None, packages_start=None, packages_end=None, allow_overriding=[], cmake_args=None, cmake_target=None, cmake_target_skip_unavailable=False, cmake_clean_cache=False, cmake_clean_first=False, cmake_force_configure=False, ament_cmake_args=None, catkin_cmake_args=None, catkin_skip_building_tests=False, mixin_files=None, mixin=None, verb_parser=<colcon_mixin.mixin.mixin_argument.MixinArgumentDecorator object at 0x7d46f16fa830>, verb_extension=<colcon_core.verb.build.BuildVerb object at 0x7d46f16f9d20>, main=<bound method BuildVerb.main of <colcon_core.verb.build.BuildVerb object at 0x7d46f16f9d20>>, mixin_verb=('build',))
[2.089s] Level 1:colcon.colcon_core.package_discovery:discover_packages(colcon_meta) check parameters
[2.090s] Level 1:colcon.colcon_core.package_discovery:discover_packages(recursive) check parameters
[2.090s] Level 1:colcon.colcon_core.package_discovery:discover_packages(ignore) check parameters
[2.090s] Level 1:colcon.colcon_core.package_discovery:discover_packages(path) check parameters
[2.090s] Level 1:colcon.colcon_core.package_discovery:discover_packages(colcon_meta) discover
[2.095s] Level 1:colcon.colcon_core.package_discovery:discover_packages(recursive) discover
[2.095s] INFO:colcon.colcon_core.package_discovery:Crawling recursively for packages in '/home/vboxuser/Sentinel-AI/ros2_ws'
[2.095s] Level 1:colcon.colcon_core.package_identification:_identify(.) by extensions ['ignore', 'ignore_ament_install']
[2.095s] Level 1:colcon.colcon_core.package_identification:_identify(.) by extension 'ignore'
[2.095s] Level 1:colcon.colcon_core.package_identification:_identify(.) by extension 'ignore_ament_install'
[2.095s] Level 1:colcon.colcon_core.package_identification:_identify(.) by extensions ['colcon_pkg']
[2.095s] Level 1:colcon.colcon_core.package_identification:_identify(.) by extension 'colcon_pkg'
[2.095s] Level 1:colcon.colcon_core.package_identification:_identify(.) by extensions ['colcon_meta']
[2.100s] Level 1:colcon.colcon_core.package_identification:_identify(.) by extension 'colcon_meta'
[2.100s] Level 1:colcon.colcon_core.package_identification:_identify(.) by extensions ['ros']
[2.102s] Level 1:colcon.colcon_core.package_identification:_identify(.) by extension 'ros'
[2.343s] Level 1:colcon.colcon_core.package_identification:_identify(.) by extensions ['cmake', 'python']
[2.349s] Level 1:colcon.colcon_core.package_identification:_identify(.) by extension 'cmake'
[2.349s] Level 1:colcon.colcon_core.package_identification:_identify(.) by extension 'python'
[2.349s] Level 1:colcon.colcon_core.package_identification:_identify(.) by extensions ['python_setup_py']
[2.349s] Level 1:colcon.colcon_core.package_identification:_identify(.) by extension 'python_setup_py'
[2.349s] Level 1:colcon.colcon_core.package_identification:_identify(build) by extensions ['ignore', 'ignore_ament_install']
[2.352s] Level 1:colcon.colcon_core.package_identification:_identify(build) by extension 'ignore'
[2.352s] Level 1:colcon.colcon_core.package_identification:_identify(build) ignored
[2.355s] Level 1:colcon.colcon_core.package_identification:_identify(install) by extensions ['ignore', 'ignore_ament_install']
[2.355s] Level 1:colcon.colcon_core.package_identification:_identify(install) by extension 'ignore'
[2.355s] Level 1:colcon.colcon_core.package_identification:_identify(install) ignored
[2.355s] Level 1:colcon.colcon_core.package_identification:_identify(log) by extensions ['ignore', 'ignore_ament_install']
[2.355s] Level 1:colcon.colcon_core.package_identification:_identify(log) by extension 'ignore'
[2.355s] Level 1:colcon.colcon_core.package_identification:_identify(log) ignored
[2.355s] Level 1:colcon.colcon_core.package_identification:_identify(src) by extensions ['ignore', 'ignore_ament_install']
[2.355s] Level 1:colcon.colcon_core.package_identification:_identify(src) by extension 'ignore'
[2.355s] Level 1:colcon.colcon_core.package_identification:_identify(src) by extension 'ignore_ament_install'
[2.355s] Level 1:colcon.colcon_core.package_identification:_identify(src) by extensions ['colcon_pkg']
[2.358s] Level 1:colcon.colcon_core.package_identification:_identify(src) by extension 'colcon_pkg'
[2.358s] Level 1:colcon.colcon_core.package_identification:_identify(src) by extensions ['colcon_meta']
[2.358s] Level 1:colcon.colcon_core.package_identification:_identify(src) by extension 'colcon_meta'
[2.358s] Level 1:colcon.colcon_core.package_identification:_identify(src) by extensions ['ros']
[2.358s] Level 1:colcon.colcon_core.package_identification:_identify(src) by extension 'ros'
[2.358s] Level 1:colcon.colcon_core.package_identification:_identify(src) by extensions ['cmake', 'python']
[2.358s] Level 1:colcon.colcon_core.package_identification:_identify(src) by extension 'cmake'
[2.358s] Level 1:colcon.colcon_core.package_identification:_identify(src) by extension 'python'
[2.358s] Level 1:colcon.colcon_core.package_identification:_identify(src) by extensions ['python_setup_py']
[2.358s] Level 1:colcon.colcon_core.package_identification:_identify(src) by extension 'python_setup_py'
[2.362s] Level 1:colcon.colcon_core.package_identification:_identify(src/sentinel_swarm) by extensions ['ignore', 'ignore_ament_install']
[2.363s] Level 1:colcon.colcon_core.package_identification:_identify(src/sentinel_swarm) by extension 'ignore'
[2.363s] Level 1:colcon.colcon_core.package_identification:_identify(src/sentinel_swarm) by extension 'ignore_ament_install'
[2.363s] Level 1:colcon.colcon_core.package_identification:_identify(src/sentinel_swarm) by extensions ['colcon_pkg']
[2.363s] Level 1:colcon.colcon_core.package_identification:_identify(src/sentinel_swarm) by extension 'colcon_pkg'
[2.363s] Level 1:colcon.colcon_core.package_identification:_identify(src/sentinel_swarm) by extensions ['colcon_meta']
[2.363s] Level 1:colcon.colcon_core.package_identification:_identify(src/sentinel_swarm) by extension 'colcon_meta'
[2.363s] Level 1:colcon.colcon_core.package_identification:_identify(src/sentinel_swarm) by extensions ['ros']
[2.363s] Level 1:colcon.colcon_core.package_identification:_identify(src/sentinel_swarm) by extension 'ros'
[2.384s] DEBUG:colcon.colcon_core.package_identification:Package 'src/sentinel_swarm' with type 'ros.ament_cmake' and name 'sentinel_swarm'
[2.396s] Level 1:colcon.colcon_core.package_discovery:discover_packages(recursive) using defaults
[2.397s] Level 1:colcon.colcon_core.package_discovery:discover_packages(ignore) discover
[2.397s] Level 1:colcon.colcon_core.package_discovery:discover_packages(ignore) using defaults
[2.397s] Level 1:colcon.colcon_core.package_discovery:discover_packages(path) discover
[2.397s] Level 1:colcon.colcon_core.package_discovery:discover_packages(path) using defaults
[2.555s] Level 1:colcon.colcon_core.package_discovery:discover_packages(prefix_path) check parameters
[2.555s] Level 1:colcon.colcon_core.package_discovery:discover_packages(prefix_path) discover
[2.556s] DEBUG:colcon.colcon_installed_package_information.package_discovery:Found 1 installed packages in /home/vboxuser/Sentinel-AI/ros2_ws/install
[2.558s] DEBUG:colcon.colcon_installed_package_information.package_discovery:Found 280 installed packages in /opt/ros/humble
[2.576s] Level 1:colcon.colcon_core.package_discovery:discover_packages(prefix_path) using defaults
[2.613s] Level 5:colcon.colcon_core.verb:set package 'sentinel_swarm' build argument 'cmake_args' from command line to 'None'
[2.614s] Level 5:colcon.colcon_core.verb:set package 'sentinel_swarm' build argument 'cmake_target' from command line to 'None'
[2.614s] Level 5:colcon.colcon_core.verb:set package 'sentinel_swarm' build argument 'cmake_target_skip_unavailable' from command line to 'False'
[2.614s] Level 5:colcon.colcon_core.verb:set package 'sentinel_swarm' build argument 'cmake_clean_cache' from command line to 'False'
[2.614s] Level 5:colcon.colcon_core.verb:set package 'sentinel_swarm' build argument 'cmake_clean_first' from command line to 'False'
[2.614s] Level 5:colcon.colcon_core.verb:set package 'sentinel_swarm' build argument 'cmake_force_configure' from command line to 'False'
[2.614s] Level 5:colcon.colcon_core.verb:set package 'sentinel_swarm' build argument 'ament_cmake_args' from command line to 'None'
[2.614s] Level 5:colcon.colcon_core.verb:set package 'sentinel_swarm' build argument 'catkin_cmake_args' from command line to 'None'
[2.614s] Level 5:colcon.colcon_core.verb:set package 'sentinel_swarm' build argument 'catkin_skip_building_tests' from command line to 'False'
[2.614s] DEBUG:colcon.colcon_core.verb:Building package 'sentinel_swarm' with the following arguments: {'ament_cmake_args': None, 'build_base': '/home/vboxuser/Sentinel-AI/ros2_ws/build/sentinel_swarm', 'catkin_cmake_args': None, 'catkin_skip_building_tests': False, 'cmake_args': None, 'cmake_clean_cache': False, 'cmake_clean_first': False, 'cmake_force_configure': False, 'cmake_target': None, 'cmake_target_skip_unavailable': False, 'install_base': '/home/vboxuser/Sentinel-AI/ros2_ws/install/sentinel_swarm', 'merge_install': False, 'path': '/home/vboxuser/Sentinel-AI/ros2_ws/src/sentinel_swarm', 'symlink_install': True, 'test_result_base': None}
[2.614s] INFO:colcon.colcon_core.executor:Executing jobs using 'parallel' executor
[2.619s] DEBUG:colcon.colcon_parallel_executor.executor.parallel:run_until_complete
[2.619s] INFO:colcon.colcon_ros.task.ament_cmake.build:Building ROS package in '/home/vboxuser/Sentinel-AI/ros2_ws/src/sentinel_swarm' with build type 'ament_cmake'
[2.620s] INFO:colcon.colcon_cmake.task.cmake.build:Building CMake package in '/home/vboxuser/Sentinel-AI/ros2_ws/src/sentinel_swarm'
[2.622s] INFO:colcon.colcon_core.plugin_system:Skipping extension 'colcon_core.shell.bat': Not used on non-Windows systems
[2.623s] INFO:colcon.colcon_core.shell:Skip shell extension 'powershell' for command environment: Not usable outside of PowerShell
[2.623s] DEBUG:colcon.colcon_core.shell:Skip shell extension 'dsv' for command environment
[2.771s] DEBUG:colcon.colcon_core.event_handler.log_command:Invoking command in '/home/vboxuser/Sentinel-AI/ros2_ws/build/sentinel_swarm': CMAKE_PREFIX_PATH=${CMAKE_PREFIX_PATH}:/opt/ros/humble /usr/bin/cmake /home/vboxuser/Sentinel-AI/ros2_ws/src/sentinel_swarm -DAMENT_CMAKE_SYMLINK_INSTALL=1 -DCMAKE_INSTALL_PREFIX=/home/vboxuser/Sentinel-AI/ros2_ws/install/sentinel_swarm
[11.181s] DEBUG:colcon.colcon_core.event_handler.log_command:Invoked command in '/home/vboxuser/Sentinel-AI/ros2_ws/build/sentinel_swarm' returned '0': CMAKE_PREFIX_PATH=${CMAKE_PREFIX_PATH}:/opt/ros/humble /usr/bin/cmake /home/vboxuser/Sentinel-AI/ros2_ws/src/sentinel_swarm -DAMENT_CMAKE_SYMLINK_INSTALL=1 -DCMAKE_INSTALL_PREFIX=/home/vboxuser/Sentinel-AI/ros2_ws/install/sentinel_swarm
[11.181s] DEBUG:colcon.colcon_core.event_handler.log_command:Invoking command in '/home/vboxuser/Sentinel-AI/ros2_ws/build/sentinel_swarm': CMAKE_PREFIX_PATH=${CMAKE_PREFIX_PATH}:/opt/ros/humble /usr/bin/cmake --build /home/vboxuser/Sentinel-AI/ros2_ws/build/sentinel_swarm -- -j10 -l10
[53.395s] DEBUG:colcon.colcon_core.event_handler.log_command:Invoked command in '/home/vboxuser/Sentinel-AI/ros2_ws/build/sentinel_swarm' returned '0': CMAKE_PREFIX_PATH=${CMAKE_PREFIX_PATH}:/opt/ros/humble /usr/bin/cmake --build /home/vboxuser/Sentinel-AI/ros2_ws/build/sentinel_swarm -- -j10 -l10
[53.633s] DEBUG:colcon.colcon_core.event_handler.log_command:Invoking command in '/home/vboxuser/Sentinel-AI/ros2_ws/build/sentinel_swarm': CMAKE_PREFIX_PATH=${CMAKE_PREFIX_PATH}:/opt/ros/humble /usr/bin/cmake --install /home/vboxuser/Sentinel-AI/ros2_ws/build/sentinel_swarm
[55.708s] Level 1:colcon.colcon_core.environment:create_environment_scripts_only(sentinel_swarm)
[55.711s] DEBUG:colcon.colcon_core.event_handler.log_command:Invoked command in '/home/vboxuser/Sentinel-AI/ros2_ws/build/sentinel_swarm' returned '0': CMAKE_PREFIX_PATH=${CMAKE_PREFIX_PATH}:/opt/ros/humble /usr/bin/cmake --install /home/vboxuser/Sentinel-AI/ros2_ws/build/sentinel_swarm
[55.718s] Level 1:colcon.colcon_core.environment:checking '/home/vboxuser/Sentinel-AI/ros2_ws/install/sentinel_swarm' for CMake module files
[55.719s] Level 1:colcon.colcon_core.environment:checking '/home/vboxuser/Sentinel-AI/ros2_ws/install/sentinel_swarm' for CMake config files
[55.722s] Level 1:colcon.colcon_core.shell:create_environment_hook('sentinel_swarm', 'cmake_prefix_path')
[55.722s] INFO:colcon.colcon_core.shell:Creating environment hook '/home/vboxuser/Sentinel-AI/ros2_ws/install/sentinel_swarm/share/sentinel_swarm/hook/cmake_prefix_path.ps1'
[55.724s] INFO:colcon.colcon_core.shell:Creating environment descriptor '/home/vboxuser/Sentinel-AI/ros2_ws/install/sentinel_swarm/share/sentinel_swarm/hook/cmake_prefix_path.dsv'
[55.725s] INFO:colcon.colcon_core.shell:Creating environment hook '/home/vboxuser/Sentinel-AI/ros2_ws/install/sentinel_swarm/share/sentinel_swarm/hook/cmake_prefix_path.sh'
[55.727s] Level 1:colcon.colcon_core.environment:checking '/home/vboxuser/Sentinel-AI/ros2_ws/install/sentinel_swarm/lib'
[55.728s] Level 1:colcon.colcon_core.shell:create_environment_hook('sentinel_swarm', 'ld_library_path_lib')
[55.728s] INFO:colcon.colcon_core.shell:Creating environment hook '/home/vboxuser/Sentinel-AI/ros2_ws/install/sentinel_swarm/share/sentinel_swarm/hook/ld_library_path_lib.ps1'
[55.728s] INFO:colcon.colcon_core.shell:Creating environment descriptor '/home/vboxuser/Sentinel-AI/ros2_ws/install/sentinel_swarm/share/sentinel_swarm/hook/ld_library_path_lib.dsv'
[55.728s] INFO:colcon.colcon_core.shell:Creating environment hook '/home/vboxuser/Sentinel-AI/ros2_ws/install/sentinel_swarm/share/sentinel_swarm/hook/ld_library_path_lib.sh'
[55.728s] Level 1:colcon.colcon_core.environment:checking '/home/vboxuser/Sentinel-AI/ros2_ws/install/sentinel_swarm/bin'
[55.728s] Level 1:colcon.colcon_core.environment:checking '/home/vboxuser/Sentinel-AI/ros2_ws/install/sentinel_swarm/lib/pkgconfig/sentinel_swarm.pc'
[55.731s] Level 1:colcon.colcon_core.environment:checking '/home/vboxuser/Sentinel-AI/ros2_ws/install/sentinel_swarm/lib/python3.10/site-packages'
[55.732s] Level 1:colcon.colcon_core.environment:checking '/home/vboxuser/Sentinel-AI/ros2_ws/install/sentinel_swarm/bin'
[55.732s] INFO:colcon.colcon_core.shell:Creating package script '/home/vboxuser/Sentinel-AI/ros2_ws/install/sentinel_swarm/share/sentinel_swarm/package.ps1'
[55.734s] INFO:colcon.colcon_core.shell:Creating package descriptor '/home/vboxuser/Sentinel-AI/ros2_ws/install/sentinel_swarm/share/sentinel_swarm/package.dsv'
[55.735s] INFO:colcon.colcon_core.shell:Creating package script '/home/vboxuser/Sentinel-AI/ros2_ws/install/sentinel_swarm/share/sentinel_swarm/package.sh'
[55.737s] INFO:colcon.colcon_core.shell:Creating package script '/home/vboxuser/Sentinel-AI/ros2_ws/install/sentinel_swarm/share/sentinel_swarm/package.bash'
[55.737s] INFO:colcon.colcon_core.shell:Creating package script '/home/vboxuser/Sentinel-AI/ros2_ws/install/sentinel_swarm/share/sentinel_swarm/package.zsh'
[55.738s] Level 1:colcon.colcon_core.environment:create_file_with_runtime_dependencies(/home/vboxuser/Sentinel-AI/ros2_ws/install/sentinel_swarm/share/colcon-core/packages/sentinel_swarm)
[55.740s] Level 1:colcon.colcon_core.environment:create_environment_scripts_only(sentinel_swarm)
[55.740s] Level 1:colcon.colcon_core.environment:checking '/home/vboxuser/Sentinel-AI/ros2_ws/install/sentinel_swarm' for CMake module files
[55.740s] Level 1:colcon.colcon_core.environment:checking '/home/vboxuser/Sentinel-AI/ros2_ws/install/sentinel_swarm' for CMake config files
[55.742s] Level 1:colcon.colcon_core.shell:create_environment_hook('sentinel_swarm', 'cmake_prefix_path')
[55.742s] INFO:colcon.colcon_core.shell:Creating environment hook '/home/vboxuser/Sentinel-AI/ros2_ws/install/sentinel_swarm/share/sentinel_swarm/hook/cmake_prefix_path.ps1'
[55.743s] INFO:colcon.colcon_core.shell:Creating environment descriptor '/home/vboxuser/Sentinel-AI/ros2_ws/install/sentinel_swarm/share/sentinel_swarm/hook/cmake_prefix_path.dsv'
[55.744s] INFO:colcon.colcon_core.shell:Creating environment hook '/home/vboxuser/Sentinel-AI/ros2_ws/install/sentinel_swarm/share/sentinel_swarm/hook/cmake_prefix_path.sh'
[55.745s] Level 1:colcon.colcon_core.environment:checking '/home/vboxuser/Sentinel-AI/ros2_ws/install/sentinel_swarm/lib'
[55.745s] Level 1:colcon.colcon_core.shell:create_environment_hook('sentinel_swarm', 'ld_library_path_lib')
[55.746s] INFO:colcon.colcon_core.shell:Creating environment hook '/home/vboxuser/Sentinel-AI/ros2_ws/install/sentinel_swarm/share/sentinel_swarm/hook/ld_library_path_lib.ps1'
[55.748s] INFO:colcon.colcon_core.shell:Creating environment descriptor '/home/vboxuser/Sentinel-AI/ros2_ws/install/sentinel_swarm/share/sentinel_swarm/hook/ld_library_path_lib.dsv'
[55.748s] INFO:colcon.colcon_core.shell:Creating environment hook '/home/vboxuser/Sentinel-AI/ros2_ws/install/sentinel_swarm/share/sentinel_swarm/hook/ld_library_path_lib.sh'
[55.749s] Level 1:colcon.colcon_core.environment:checking '/home/vboxuser/Sentinel-AI/ros2_ws/install/sentinel_swarm/bin'
[55.749s] Level 1:colcon.colcon_core.environment:checking '/home/vboxuser/Sentinel-AI/ros2_ws/install/sentinel_swarm/lib/pkgconfig/sentinel_swarm.pc'
[55.750s] Level 1:colcon.colcon_core.environment:checking '/home/vboxuser/Sentinel-AI/ros2_ws/install/sentinel_swarm/lib/python3.10/site-packages'
[55.750s] Level 1:colcon.colcon_core.environment:checking '/home/vboxuser/Sentinel-AI/ros2_ws/install/sentinel_swarm/bin'
[55.750s] INFO:colcon.colcon_core.shell:Creating package script '/home/vboxuser/Sentinel-AI/ros2_ws/install/sentinel_swarm/share/sentinel_swarm/package.ps1'
[55.751s] INFO:colcon.colcon_core.shell:Creating package descriptor '/home/vboxuser/Sentinel-AI/ros2_ws/install/sentinel_swarm/share/sentinel_swarm/package.dsv'
[55.752s] INFO:colcon.colcon_core.shell:Creating package script '/home/vboxuser/Sentinel-AI/ros2_ws/install/sentinel_swarm/share/sentinel_swarm/package.sh'
[55.759s] INFO:colcon.colcon_core.shell:Creating package script '/home/vboxuser/Sentinel-AI/ros2_ws/install/sentinel_swarm/share/sentinel_swarm/package.bash'
[55.761s] INFO:colcon.colcon_core.shell:Creating package script '/home/vboxuser/Sentinel-AI/ros2_ws/install/sentinel_swarm/share/sentinel_swarm/package.zsh'
[55.762s] Level 1:colcon.colcon_core.environment:create_file_with_runtime_dependencies(/home/vboxuser/Sentinel-AI/ros2_ws/install/sentinel_swarm/share/colcon-core/packages/sentinel_swarm)
[55.762s] DEBUG:colcon.colcon_parallel_executor.executor.parallel:closing loop
[55.763s] DEBUG:colcon.colcon_parallel_executor.executor.parallel:loop closed
[55.763s] DEBUG:colcon.colcon_parallel_executor.executor.parallel:run_until_complete finished with '0'
[55.763s] DEBUG:colcon.colcon_core.event_reactor:joining thread
[55.769s] INFO:colcon.colcon_core.plugin_system:Skipping extension 'colcon_notification.desktop_notification.terminal_notifier': Not used on non-Darwin systems
[55.769s] INFO:colcon.colcon_core.plugin_system:Skipping extension 'colcon_notification.desktop_notification.win32': Not used on non-Windows systems
[55.769s] INFO:colcon.colcon_notification.desktop_notification:Sending desktop notification using 'notify2'
[55.798s] DEBUG:colcon.colcon_core.event_reactor:joined thread
[55.798s] INFO:colcon.colcon_core.shell:Creating prefix script '/home/vboxuser/Sentinel-AI/ros2_ws/install/local_setup.ps1'
[55.800s] INFO:colcon.colcon_core.shell:Creating prefix util module '/home/vboxuser/Sentinel-AI/ros2_ws/install/_local_setup_util_ps1.py'
[55.802s] INFO:colcon.colcon_core.shell:Creating prefix chain script '/home/vboxuser/Sentinel-AI/ros2_ws/install/setup.ps1'
[55.803s] INFO:colcon.colcon_core.shell:Creating prefix script '/home/vboxuser/Sentinel-AI/ros2_ws/install/local_setup.sh'
[55.804s] INFO:colcon.colcon_core.shell:Creating prefix util module '/home/vboxuser/Sentinel-AI/ros2_ws/install/_local_setup_util_sh.py'
[55.804s] INFO:colcon.colcon_core.shell:Creating prefix chain script '/home/vboxuser/Sentinel-AI/ros2_ws/install/setup.sh'
[55.806s] INFO:colcon.colcon_core.shell:Creating prefix script '/home/vboxuser/Sentinel-AI/ros2_ws/install/local_setup.bash'
[55.806s] INFO:colcon.colcon_core.shell:Creating prefix chain script '/home/vboxuser/Sentinel-AI/ros2_ws/install/setup.bash'
[55.807s] INFO:colcon.colcon_core.shell:Creating prefix script '/home/vboxuser/Sentinel-AI/ros2_ws/install/local_setup.zsh'
[55.808s] INFO:colcon.colcon_core.shell:Creating prefix chain script '/home/vboxuser/Sentinel-AI/ros2_ws/install/setup.zsh'
