[0.147s] Invoking command in '/home/vboxuser/Sentinel-AI/ros2_ws/build/sentinel_swarm': CMAKE_PREFIX_PATH=${CMAKE_PREFIX_PATH}:/opt/ros/humble /usr/bin/cmake /home/vboxuser/Sentinel-AI/ros2_ws/src/sentinel_swarm -DAMENT_CMAKE_SYMLINK_INSTALL=1 -DCMAKE_INSTALL_PREFIX=/home/vboxuser/Sentinel-AI/ros2_ws/install/sentinel_swarm
[0.718s] -- The C compiler identification is GNU 11.4.0
[1.553s] -- The CXX compiler identification is GNU 11.4.0
[1.696s] -- Detecting C compiler ABI info
[3.073s] -- Detecting C compiler ABI info - done
[3.113s] -- Check for working C compiler: /usr/bin/cc - skipped
[3.113s] -- Detecting C compile features
[3.121s] -- Detecting C compile features - done
[3.154s] -- Detecting CXX compiler ABI info
[4.679s] -- Detecting CXX compiler ABI info - done
[4.712s] -- Check for working CXX compiler: /usr/bin/c++ - skipped
[4.715s] -- Detecting CXX compile features
[4.715s] -- Detecting CXX compile features - done
[4.760s] -- Found ament_cmake: 1.3.14 (/opt/ros/humble/share/ament_cmake/cmake)
[5.937s] -- Found Python3: /usr/bin/python3 (found version "3.10.12") found components: Interpreter 
[6.010s] -- Override CMake install command with custom implementation using symlinks instead of copying resources
[6.037s] -- Found rosidl_default_generators: 1.2.1 (/opt/ros/humble/share/rosidl_default_generators/cmake)
[6.038s] -- Using all available rosidl_typesupport_c: rosidl_typesupport_fastrtps_c;rosidl_typesupport_introspection_c
[6.046s] -- Found rosidl_adapter: 3.1.8 (/opt/ros/humble/share/rosidl_adapter/cmake)
[6.079s] -- Using all available rosidl_typesupport_cpp: rosidl_typesupport_fastrtps_cpp;rosidl_typesupport_introspection_cpp
[6.141s] -- Found geometry_msgs: 4.9.1 (/opt/ros/humble/share/geometry_msgs/cmake)
[6.192s] -- Found sensor_msgs: 4.9.1 (/opt/ros/humble/share/sensor_msgs/cmake)
[6.635s] -- Found ament_cmake_ros: 0.10.0 (/opt/ros/humble/share/ament_cmake_ros/cmake)
[7.069s] -- Using all available rosidl_typesupport_c: rosidl_typesupport_fastrtps_c;rosidl_typesupport_introspection_c
[8.023s] -- Using all available rosidl_typesupport_cpp: rosidl_typesupport_fastrtps_cpp;rosidl_typesupport_introspection_cpp
[8.114s] -- Found PythonInterp: /usr/bin/python3 (found suitable version "3.10.12", minimum required is "3.6") 
[8.117s] -- Found python_cmake_module: 0.10.0 (/opt/ros/humble/share/python_cmake_module/cmake)
[8.159s] -- Found PythonLibs: /usr/lib/x86_64-linux-gnu/libpython3.10.so (found suitable version "3.10.12", minimum required is "3.5") 
[8.159s] -- Using PYTHON_EXECUTABLE: /usr/bin/python3
[8.159s] -- Using PYTHON_INCLUDE_DIRS: /usr/include/python3.10
[8.159s] -- Using PYTHON_LIBRARIES: /usr/lib/x86_64-linux-gnu/libpython3.10.so
[8.196s] -- Found PythonExtra: .so  
[8.469s] -- Configuring done
[8.518s] -- Generating done
[8.538s] -- Build files have been written to: /home/vboxuser/Sentinel-AI/ros2_ws/build/sentinel_swarm
[8.557s] Invoked command in '/home/vboxuser/Sentinel-AI/ros2_ws/build/sentinel_swarm' returned '0': CMAKE_PREFIX_PATH=${CMAKE_PREFIX_PATH}:/opt/ros/humble /usr/bin/cmake /home/vboxuser/Sentinel-AI/ros2_ws/src/sentinel_swarm -DAMENT_CMAKE_SYMLINK_INSTALL=1 -DCMAKE_INSTALL_PREFIX=/home/vboxuser/Sentinel-AI/ros2_ws/install/sentinel_swarm
[8.557s] Invoking command in '/home/vboxuser/Sentinel-AI/ros2_ws/build/sentinel_swarm': CMAKE_PREFIX_PATH=${CMAKE_PREFIX_PATH}:/opt/ros/humble /usr/bin/cmake --build /home/vboxuser/Sentinel-AI/ros2_ws/build/sentinel_swarm -- -j10 -l10
[8.680s] [  2%] Generating C code for ROS interfaces
[9.110s] [  4%] Generating C++ code for ROS interfaces
[9.111s] [  4%] Built target ament_cmake_python_symlink_sentinel_swarm
[9.129s] [  6%] Generating Rust code for ROS interfaces
[9.384s] [  6%] Built target ament_cmake_python_symlink_swarm_core
[11.238s] running egg_info
[11.239s] creating sentinel_swarm.egg-info
[11.240s] writing sentinel_swarm.egg-info/PKG-INFO
[11.240s] writing dependency_links to sentinel_swarm.egg-info/dependency_links.txt
[11.240s] writing top-level names to sentinel_swarm.egg-info/top_level.txt
[11.241s] writing manifest file 'sentinel_swarm.egg-info/SOURCES.txt'
[11.264s] reading manifest file 'sentinel_swarm.egg-info/SOURCES.txt'
[11.267s] writing manifest file 'sentinel_swarm.egg-info/SOURCES.txt'
[11.622s] [  6%] Built target ament_cmake_python_build_sentinel_swarm_egg
[11.664s] running egg_info
[11.666s] creating swarm_core.egg-info
[11.666s] writing swarm_core.egg-info/PKG-INFO
[11.682s] writing dependency_links to swarm_core.egg-info/dependency_links.txt
[11.682s] writing top-level names to swarm_core.egg-info/top_level.txt
[11.682s] writing manifest file 'swarm_core.egg-info/SOURCES.txt'
[11.711s] reading manifest file 'swarm_core.egg-info/SOURCES.txt'
[11.729s] writing manifest file 'swarm_core.egg-info/SOURCES.txt'
[12.099s] [  6%] Built target sentinel_swarm__rs
[12.272s] [  6%] Built target ament_cmake_python_build_swarm_core_egg
[13.103s] [  6%] Built target sentinel_swarm__cpp
[13.171s] [  8%] Building C object CMakeFiles/sentinel_swarm__rosidl_generator_c.dir/rosidl_generator_c/sentinel_swarm/msg/detail/drone_state__functions.c.o
[13.256s] [ 10%] Building C object CMakeFiles/sentinel_swarm__rosidl_generator_c.dir/rosidl_generator_c/sentinel_swarm/msg/detail/swarm_command__functions.c.o
[13.256s] [ 12%] Building C object CMakeFiles/sentinel_swarm__rosidl_generator_c.dir/rosidl_generator_c/sentinel_swarm/msg/detail/formation_reference__functions.c.o
[13.349s] [ 14%] Generating C++ type support dispatch for ROS interfaces
[13.371s] [ 16%] Generating C++ type support for eProsima Fast-RTPS
[13.431s] [ 18%] Generating C++ introspection for ROS interfaces
[14.805s] [ 20%] Linking C shared library libsentinel_swarm__rosidl_generator_c.so
[16.126s] [ 20%] Built target sentinel_swarm__rosidl_generator_c
[16.393s] [ 22%] Generating C introspection for ROS interfaces
[16.415s] [ 25%] Generating C type support for eProsima Fast-RTPS
[16.489s] [ 27%] Generating C type support dispatch for ROS interfaces
[18.563s] [ 29%] Building CXX object CMakeFiles/sentinel_swarm__rosidl_typesupport_cpp.dir/rosidl_typesupport_cpp/sentinel_swarm/msg/drone_state__type_support.cpp.o
[18.677s] [ 33%] Building CXX object CMakeFiles/sentinel_swarm__rosidl_typesupport_cpp.dir/rosidl_typesupport_cpp/sentinel_swarm/msg/formation_reference__type_support.cpp.o
[18.725s] [ 33%] Building CXX object CMakeFiles/sentinel_swarm__rosidl_typesupport_cpp.dir/rosidl_typesupport_cpp/sentinel_swarm/msg/swarm_command__type_support.cpp.o
[19.974s] [ 35%] Building CXX object CMakeFiles/sentinel_swarm__rosidl_typesupport_fastrtps_cpp.dir/rosidl_typesupport_fastrtps_cpp/sentinel_swarm/msg/detail/dds_fastrtps/drone_state__type_support.cpp.o
[19.991s] [ 37%] Building CXX object CMakeFiles/sentinel_swarm__rosidl_typesupport_fastrtps_cpp.dir/rosidl_typesupport_fastrtps_cpp/sentinel_swarm/msg/detail/dds_fastrtps/swarm_command__type_support.cpp.o
[20.129s] [ 39%] Building CXX object CMakeFiles/sentinel_swarm__rosidl_typesupport_fastrtps_cpp.dir/rosidl_typesupport_fastrtps_cpp/sentinel_swarm/msg/detail/dds_fastrtps/formation_reference__type_support.cpp.o
[21.642s] [ 41%] Building CXX object CMakeFiles/sentinel_swarm__rosidl_typesupport_c.dir/rosidl_typesupport_c/sentinel_swarm/msg/drone_state__type_support.cpp.o
[22.015s] [ 43%] Building CXX object CMakeFiles/sentinel_swarm__rosidl_typesupport_fastrtps_c.dir/rosidl_typesupport_fastrtps_c/sentinel_swarm/msg/detail/drone_state__type_support_c.cpp.o
[22.275s] [ 45%] Building CXX object CMakeFiles/sentinel_swarm__rosidl_typesupport_c.dir/rosidl_typesupport_c/sentinel_swarm/msg/swarm_command__type_support.cpp.o
[22.682s] [ 47%] Building CXX object CMakeFiles/sentinel_swarm__rosidl_typesupport_introspection_cpp.dir/rosidl_typesupport_introspection_cpp/sentinel_swarm/msg/detail/drone_state__type_support.cpp.o
[23.138s] [ 50%] Building CXX object CMakeFiles/sentinel_swarm__rosidl_typesupport_c.dir/rosidl_typesupport_c/sentinel_swarm/msg/formation_reference__type_support.cpp.o
[23.728s] [ 52%] Building CXX object CMakeFiles/sentinel_swarm__rosidl_typesupport_introspection_cpp.dir/rosidl_typesupport_introspection_cpp/sentinel_swarm/msg/detail/swarm_command__type_support.cpp.o
[24.191s] [ 54%] Building C object CMakeFiles/sentinel_swarm__rosidl_typesupport_introspection_c.dir/rosidl_typesupport_introspection_c/sentinel_swarm/msg/detail/drone_state__type_support.c.o
[24.255s] [ 56%] Linking CXX shared library libsentinel_swarm__rosidl_typesupport_c.so
[25.097s] [ 58%] Building C object CMakeFiles/sentinel_swarm__rosidl_typesupport_introspection_c.dir/rosidl_typesupport_introspection_c/sentinel_swarm/msg/detail/swarm_command__type_support.c.o
[25.389s] [ 60%] Linking CXX shared library libsentinel_swarm__rosidl_typesupport_cpp.so
[25.947s] [ 60%] Built target sentinel_swarm__rosidl_typesupport_c
[26.009s] [ 62%] Building C object CMakeFiles/sentinel_swarm__rosidl_typesupport_introspection_c.dir/rosidl_typesupport_introspection_c/sentinel_swarm/msg/detail/formation_reference__type_support.c.o
[26.647s] [ 62%] Built target sentinel_swarm__rosidl_typesupport_cpp
[26.810s] [ 64%] Linking C shared library libsentinel_swarm__rosidl_typesupport_introspection_c.so
[27.973s] [ 64%] Built target sentinel_swarm__rosidl_typesupport_introspection_c
[29.559s] [ 66%] Building CXX object CMakeFiles/sentinel_swarm__rosidl_typesupport_fastrtps_c.dir/rosidl_typesupport_fastrtps_c/sentinel_swarm/msg/detail/formation_reference__type_support_c.cpp.o
[30.621s] [ 68%] Building CXX object CMakeFiles/sentinel_swarm__rosidl_typesupport_introspection_cpp.dir/rosidl_typesupport_introspection_cpp/sentinel_swarm/msg/detail/formation_reference__type_support.cpp.o
[30.886s] [ 70%] Linking CXX shared library libsentinel_swarm__rosidl_typesupport_fastrtps_cpp.so
[32.159s] [ 70%] Built target sentinel_swarm__rosidl_typesupport_fastrtps_cpp
[34.163s] [ 72%] Building CXX object CMakeFiles/sentinel_swarm__rosidl_typesupport_fastrtps_c.dir/rosidl_typesupport_fastrtps_c/sentinel_swarm/msg/detail/swarm_command__type_support_c.cpp.o
[35.224s] [ 75%] Linking CXX shared library libsentinel_swarm__rosidl_typesupport_introspection_cpp.so
[36.298s] [ 75%] Built target sentinel_swarm__rosidl_typesupport_introspection_cpp
[36.822s] [ 77%] Linking CXX shared library libsentinel_swarm__rosidl_typesupport_fastrtps_c.so
[37.780s] [ 77%] Built target sentinel_swarm__rosidl_typesupport_fastrtps_c
[38.284s] [ 77%] Built target sentinel_swarm
[38.827s] [ 79%] Generating Python code for ROS interfaces
[42.937s] [ 79%] Built target sentinel_swarm__py
[43.369s] [ 81%] Building C object CMakeFiles/sentinel_swarm__rosidl_generator_py.dir/rosidl_generator_py/sentinel_swarm/msg/_drone_state_s.c.o
[44.208s] [ 83%] Building C object CMakeFiles/sentinel_swarm__rosidl_generator_py.dir/rosidl_generator_py/sentinel_swarm/msg/_formation_reference_s.c.o
[45.449s] [ 85%] Building C object CMakeFiles/sentinel_swarm__rosidl_generator_py.dir/rosidl_generator_py/sentinel_swarm/msg/_swarm_command_s.c.o
[46.779s] [ 87%] Linking C shared library rosidl_generator_py/sentinel_swarm/libsentinel_swarm__rosidl_generator_py.so
[47.315s] [ 87%] Built target sentinel_swarm__rosidl_generator_py
[47.696s] [ 89%] Building C object CMakeFiles/sentinel_swarm__rosidl_typesupport_fastrtps_c__pyext.dir/rosidl_generator_py/sentinel_swarm/_sentinel_swarm_s.ep.rosidl_typesupport_fastrtps_c.c.o
[48.360s] [ 91%] Linking C shared library rosidl_generator_py/sentinel_swarm/sentinel_swarm_s__rosidl_typesupport_fastrtps_c.cpython-310-x86_64-linux-gnu.so
[48.950s] [ 91%] Built target sentinel_swarm__rosidl_typesupport_fastrtps_c__pyext
[49.175s] [ 93%] Building C object CMakeFiles/sentinel_swarm__rosidl_typesupport_c__pyext.dir/rosidl_generator_py/sentinel_swarm/_sentinel_swarm_s.ep.rosidl_typesupport_c.c.o
[49.507s] [ 95%] Linking C shared library rosidl_generator_py/sentinel_swarm/sentinel_swarm_s__rosidl_typesupport_c.cpython-310-x86_64-linux-gnu.so
[49.700s] [ 95%] Built target sentinel_swarm__rosidl_typesupport_c__pyext
[49.903s] [ 97%] Building C object CMakeFiles/sentinel_swarm__rosidl_typesupport_introspection_c__pyext.dir/rosidl_generator_py/sentinel_swarm/_sentinel_swarm_s.ep.rosidl_typesupport_introspection_c.c.o
[50.074s] [100%] Linking C shared library rosidl_generator_py/sentinel_swarm/sentinel_swarm_s__rosidl_typesupport_introspection_c.cpython-310-x86_64-linux-gnu.so
[50.522s] [100%] Built target sentinel_swarm__rosidl_typesupport_introspection_c__pyext
[50.737s] Invoked command in '/home/vboxuser/Sentinel-AI/ros2_ws/build/sentinel_swarm' returned '0': CMAKE_PREFIX_PATH=${CMAKE_PREFIX_PATH}:/opt/ros/humble /usr/bin/cmake --build /home/vboxuser/Sentinel-AI/ros2_ws/build/sentinel_swarm -- -j10 -l10
[51.009s] Invoking command in '/home/vboxuser/Sentinel-AI/ros2_ws/build/sentinel_swarm': CMAKE_PREFIX_PATH=${CMAKE_PREFIX_PATH}:/opt/ros/humble /usr/bin/cmake --install /home/vboxuser/Sentinel-AI/ros2_ws/build/sentinel_swarm
[51.127s] -- Install configuration: ""
[51.143s] -- Execute custom install script
[51.143s] -- Up-to-date symlink: /home/vboxuser/Sentinel-AI/ros2_ws/install/sentinel_swarm/share/ament_index/resource_index/rosidl_interfaces/sentinel_swarm
[51.143s] -- Up-to-date symlink: /home/vboxuser/Sentinel-AI/ros2_ws/install/sentinel_swarm/include/sentinel_swarm/sentinel_swarm/msg/detail/drone_state__functions.h
[51.143s] -- Up-to-date symlink: /home/vboxuser/Sentinel-AI/ros2_ws/install/sentinel_swarm/include/sentinel_swarm/sentinel_swarm/msg/detail/drone_state__struct.h
[51.143s] -- Up-to-date symlink: /home/vboxuser/Sentinel-AI/ros2_ws/install/sentinel_swarm/include/sentinel_swarm/sentinel_swarm/msg/detail/drone_state__type_support.h
[51.143s] -- Up-to-date symlink: /home/vboxuser/Sentinel-AI/ros2_ws/install/sentinel_swarm/include/sentinel_swarm/sentinel_swarm/msg/detail/formation_reference__functions.h
[51.143s] -- Up-to-date symlink: /home/vboxuser/Sentinel-AI/ros2_ws/install/sentinel_swarm/include/sentinel_swarm/sentinel_swarm/msg/detail/formation_reference__struct.h
[51.143s] -- Up-to-date symlink: /home/vboxuser/Sentinel-AI/ros2_ws/install/sentinel_swarm/include/sentinel_swarm/sentinel_swarm/msg/detail/formation_reference__type_support.h
[51.144s] -- Up-to-date symlink: /home/vboxuser/Sentinel-AI/ros2_ws/install/sentinel_swarm/include/sentinel_swarm/sentinel_swarm/msg/detail/swarm_command__functions.h
[51.144s] -- Up-to-date symlink: /home/vboxuser/Sentinel-AI/ros2_ws/install/sentinel_swarm/include/sentinel_swarm/sentinel_swarm/msg/detail/swarm_command__struct.h
[51.144s] -- Up-to-date symlink: /home/vboxuser/Sentinel-AI/ros2_ws/install/sentinel_swarm/include/sentinel_swarm/sentinel_swarm/msg/detail/swarm_command__type_support.h
[51.146s] -- Up-to-date symlink: /home/vboxuser/Sentinel-AI/ros2_ws/install/sentinel_swarm/include/sentinel_swarm/sentinel_swarm/msg/drone_state.h
[51.146s] -- Up-to-date symlink: /home/vboxuser/Sentinel-AI/ros2_ws/install/sentinel_swarm/include/sentinel_swarm/sentinel_swarm/msg/formation_reference.h
[51.187s] -- Up-to-date symlink: /home/vboxuser/Sentinel-AI/ros2_ws/install/sentinel_swarm/include/sentinel_swarm/sentinel_swarm/msg/rosidl_generator_c__visibility_control.h
[51.191s] -- Up-to-date symlink: /home/vboxuser/Sentinel-AI/ros2_ws/install/sentinel_swarm/include/sentinel_swarm/sentinel_swarm/msg/swarm_command.h
[51.191s] -- Up-to-date symlink: /home/vboxuser/Sentinel-AI/ros2_ws/install/sentinel_swarm/share/sentinel_swarm/environment/library_path.sh
[51.191s] -- Up-to-date symlink: /home/vboxuser/Sentinel-AI/ros2_ws/install/sentinel_swarm/share/sentinel_swarm/environment/library_path.dsv
[51.191s] -- Up-to-date symlink: /home/vboxuser/Sentinel-AI/ros2_ws/install/sentinel_swarm/include/sentinel_swarm/sentinel_swarm/msg/detail/drone_state__rosidl_typesupport_fastrtps_c.h
[51.191s] -- Up-to-date symlink: /home/vboxuser/Sentinel-AI/ros2_ws/install/sentinel_swarm/include/sentinel_swarm/sentinel_swarm/msg/detail/formation_reference__rosidl_typesupport_fastrtps_c.h
[51.191s] -- Up-to-date symlink: /home/vboxuser/Sentinel-AI/ros2_ws/install/sentinel_swarm/include/sentinel_swarm/sentinel_swarm/msg/detail/swarm_command__rosidl_typesupport_fastrtps_c.h
[51.191s] -- Up-to-date symlink: /home/vboxuser/Sentinel-AI/ros2_ws/install/sentinel_swarm/include/sentinel_swarm/sentinel_swarm/msg/rosidl_typesupport_fastrtps_c__visibility_control.h
[51.191s] -- Up-to-date symlink: /home/vboxuser/Sentinel-AI/ros2_ws/install/sentinel_swarm/include/sentinel_swarm/sentinel_swarm/msg/detail/drone_state__rosidl_typesupport_introspection_c.h
[51.191s] -- Up-to-date symlink: /home/vboxuser/Sentinel-AI/ros2_ws/install/sentinel_swarm/include/sentinel_swarm/sentinel_swarm/msg/detail/formation_reference__rosidl_typesupport_introspection_c.h
[51.191s] -- Up-to-date symlink: /home/vboxuser/Sentinel-AI/ros2_ws/install/sentinel_swarm/include/sentinel_swarm/sentinel_swarm/msg/detail/swarm_command__rosidl_typesupport_introspection_c.h
[51.191s] -- Up-to-date symlink: /home/vboxuser/Sentinel-AI/ros2_ws/install/sentinel_swarm/include/sentinel_swarm/sentinel_swarm/msg/rosidl_typesupport_introspection_c__visibility_control.h
[51.217s] -- Up-to-date symlink: /home/vboxuser/Sentinel-AI/ros2_ws/install/sentinel_swarm/include/sentinel_swarm/sentinel_swarm/msg/detail/drone_state__builder.hpp
[51.217s] -- Up-to-date symlink: /home/vboxuser/Sentinel-AI/ros2_ws/install/sentinel_swarm/include/sentinel_swarm/sentinel_swarm/msg/detail/drone_state__struct.hpp
[51.218s] -- Up-to-date symlink: /home/vboxuser/Sentinel-AI/ros2_ws/install/sentinel_swarm/include/sentinel_swarm/sentinel_swarm/msg/detail/drone_state__traits.hpp
[51.218s] -- Up-to-date symlink: /home/vboxuser/Sentinel-AI/ros2_ws/install/sentinel_swarm/include/sentinel_swarm/sentinel_swarm/msg/detail/drone_state__type_support.hpp
[51.218s] -- Up-to-date symlink: /home/vboxuser/Sentinel-AI/ros2_ws/install/sentinel_swarm/include/sentinel_swarm/sentinel_swarm/msg/detail/formation_reference__builder.hpp
[51.218s] -- Up-to-date symlink: /home/vboxuser/Sentinel-AI/ros2_ws/install/sentinel_swarm/include/sentinel_swarm/sentinel_swarm/msg/detail/formation_reference__struct.hpp
[51.220s] -- Up-to-date symlink: /home/vboxuser/Sentinel-AI/ros2_ws/install/sentinel_swarm/include/sentinel_swarm/sentinel_swarm/msg/detail/formation_reference__traits.hpp
[51.220s] -- Up-to-date symlink: /home/vboxuser/Sentinel-AI/ros2_ws/install/sentinel_swarm/include/sentinel_swarm/sentinel_swarm/msg/detail/formation_reference__type_support.hpp
[51.220s] -- Up-to-date symlink: /home/vboxuser/Sentinel-AI/ros2_ws/install/sentinel_swarm/include/sentinel_swarm/sentinel_swarm/msg/detail/swarm_command__builder.hpp
[51.231s] -- Up-to-date symlink: /home/vboxuser/Sentinel-AI/ros2_ws/install/sentinel_swarm/include/sentinel_swarm/sentinel_swarm/msg/detail/swarm_command__struct.hpp
[51.231s] -- Up-to-date symlink: /home/vboxuser/Sentinel-AI/ros2_ws/install/sentinel_swarm/include/sentinel_swarm/sentinel_swarm/msg/detail/swarm_command__traits.hpp
[51.231s] -- Up-to-date symlink: /home/vboxuser/Sentinel-AI/ros2_ws/install/sentinel_swarm/include/sentinel_swarm/sentinel_swarm/msg/detail/swarm_command__type_support.hpp
[51.235s] -- Up-to-date symlink: /home/vboxuser/Sentinel-AI/ros2_ws/install/sentinel_swarm/include/sentinel_swarm/sentinel_swarm/msg/drone_state.hpp
[51.236s] -- Up-to-date symlink: /home/vboxuser/Sentinel-AI/ros2_ws/install/sentinel_swarm/include/sentinel_swarm/sentinel_swarm/msg/formation_reference.hpp
[51.236s] -- Up-to-date symlink: /home/vboxuser/Sentinel-AI/ros2_ws/install/sentinel_swarm/include/sentinel_swarm/sentinel_swarm/msg/rosidl_generator_cpp__visibility_control.hpp
[51.236s] -- Up-to-date symlink: /home/vboxuser/Sentinel-AI/ros2_ws/install/sentinel_swarm/include/sentinel_swarm/sentinel_swarm/msg/swarm_command.hpp
[51.236s] -- Up-to-date symlink: /home/vboxuser/Sentinel-AI/ros2_ws/install/sentinel_swarm/include/sentinel_swarm/sentinel_swarm/msg/detail/drone_state__rosidl_typesupport_fastrtps_cpp.hpp
[51.236s] -- Up-to-date symlink: /home/vboxuser/Sentinel-AI/ros2_ws/install/sentinel_swarm/include/sentinel_swarm/sentinel_swarm/msg/detail/formation_reference__rosidl_typesupport_fastrtps_cpp.hpp
[51.236s] -- Up-to-date symlink: /home/vboxuser/Sentinel-AI/ros2_ws/install/sentinel_swarm/include/sentinel_swarm/sentinel_swarm/msg/detail/swarm_command__rosidl_typesupport_fastrtps_cpp.hpp
[51.236s] -- Up-to-date symlink: /home/vboxuser/Sentinel-AI/ros2_ws/install/sentinel_swarm/include/sentinel_swarm/sentinel_swarm/msg/rosidl_typesupport_fastrtps_cpp__visibility_control.h
[51.236s] -- Up-to-date symlink: /home/vboxuser/Sentinel-AI/ros2_ws/install/sentinel_swarm/include/sentinel_swarm/sentinel_swarm/msg/detail/drone_state__rosidl_typesupport_introspection_cpp.hpp
[51.236s] -- Up-to-date symlink: /home/vboxuser/Sentinel-AI/ros2_ws/install/sentinel_swarm/include/sentinel_swarm/sentinel_swarm/msg/detail/formation_reference__rosidl_typesupport_introspection_cpp.hpp
[51.236s] -- Up-to-date symlink: /home/vboxuser/Sentinel-AI/ros2_ws/install/sentinel_swarm/include/sentinel_swarm/sentinel_swarm/msg/detail/swarm_command__rosidl_typesupport_introspection_cpp.hpp
[51.258s] -- Up-to-date symlink: /home/vboxuser/Sentinel-AI/ros2_ws/install/sentinel_swarm/share/sentinel_swarm/environment/pythonpath.sh
[51.265s] -- Up-to-date symlink: /home/vboxuser/Sentinel-AI/ros2_ws/install/sentinel_swarm/share/sentinel_swarm/environment/pythonpath.dsv
[51.273s] -- Up-to-date symlink: /home/vboxuser/Sentinel-AI/ros2_ws/install/sentinel_swarm/local/lib/python3.10/dist-packages/sentinel_swarm-0.0.1-py3.10.egg-info/PKG-INFO
[51.273s] -- Up-to-date symlink: /home/vboxuser/Sentinel-AI/ros2_ws/install/sentinel_swarm/local/lib/python3.10/dist-packages/sentinel_swarm-0.0.1-py3.10.egg-info/SOURCES.txt
[51.273s] -- Up-to-date symlink: /home/vboxuser/Sentinel-AI/ros2_ws/install/sentinel_swarm/local/lib/python3.10/dist-packages/sentinel_swarm-0.0.1-py3.10.egg-info/dependency_links.txt
[51.273s] -- Up-to-date symlink: /home/vboxuser/Sentinel-AI/ros2_ws/install/sentinel_swarm/local/lib/python3.10/dist-packages/sentinel_swarm-0.0.1-py3.10.egg-info/top_level.txt
[51.273s] -- Up-to-date symlink: /home/vboxuser/Sentinel-AI/ros2_ws/install/sentinel_swarm/local/lib/python3.10/dist-packages/sentinel_swarm/__init__.py
[51.273s] -- Up-to-date symlink: /home/vboxuser/Sentinel-AI/ros2_ws/install/sentinel_swarm/local/lib/python3.10/dist-packages/sentinel_swarm/_sentinel_swarm_s.ep.rosidl_typesupport_c.c
[51.274s] -- Up-to-date symlink: /home/vboxuser/Sentinel-AI/ros2_ws/install/sentinel_swarm/local/lib/python3.10/dist-packages/sentinel_swarm/_sentinel_swarm_s.ep.rosidl_typesupport_fastrtps_c.c
[51.274s] -- Up-to-date symlink: /home/vboxuser/Sentinel-AI/ros2_ws/install/sentinel_swarm/local/lib/python3.10/dist-packages/sentinel_swarm/_sentinel_swarm_s.ep.rosidl_typesupport_introspection_c.c
[51.274s] -- Up-to-date symlink: /home/vboxuser/Sentinel-AI/ros2_ws/install/sentinel_swarm/local/lib/python3.10/dist-packages/sentinel_swarm/libsentinel_swarm__rosidl_generator_py.so
[51.274s] -- Up-to-date symlink: /home/vboxuser/Sentinel-AI/ros2_ws/install/sentinel_swarm/local/lib/python3.10/dist-packages/sentinel_swarm/msg/__init__.py
[51.274s] -- Up-to-date symlink: /home/vboxuser/Sentinel-AI/ros2_ws/install/sentinel_swarm/local/lib/python3.10/dist-packages/sentinel_swarm/msg/_drone_state.py
[51.288s] -- Up-to-date symlink: /home/vboxuser/Sentinel-AI/ros2_ws/install/sentinel_swarm/local/lib/python3.10/dist-packages/sentinel_swarm/msg/_drone_state_s.c
[51.288s] -- Up-to-date symlink: /home/vboxuser/Sentinel-AI/ros2_ws/install/sentinel_swarm/local/lib/python3.10/dist-packages/sentinel_swarm/msg/_formation_reference.py
[51.288s] -- Up-to-date symlink: /home/vboxuser/Sentinel-AI/ros2_ws/install/sentinel_swarm/local/lib/python3.10/dist-packages/sentinel_swarm/msg/_formation_reference_s.c
[51.288s] -- Up-to-date symlink: /home/vboxuser/Sentinel-AI/ros2_ws/install/sentinel_swarm/local/lib/python3.10/dist-packages/sentinel_swarm/msg/_swarm_command.py
[51.315s] -- Up-to-date symlink: /home/vboxuser/Sentinel-AI/ros2_ws/install/sentinel_swarm/local/lib/python3.10/dist-packages/sentinel_swarm/msg/_swarm_command_s.c
[51.315s] -- Up-to-date symlink: /home/vboxuser/Sentinel-AI/ros2_ws/install/sentinel_swarm/local/lib/python3.10/dist-packages/sentinel_swarm/sentinel_swarm_s__rosidl_typesupport_c.cpython-310-x86_64-linux-gnu.so
[51.315s] -- Up-to-date symlink: /home/vboxuser/Sentinel-AI/ros2_ws/install/sentinel_swarm/local/lib/python3.10/dist-packages/sentinel_swarm/sentinel_swarm_s__rosidl_typesupport_fastrtps_c.cpython-310-x86_64-linux-gnu.so
[51.315s] -- Up-to-date symlink: /home/vboxuser/Sentinel-AI/ros2_ws/install/sentinel_swarm/local/lib/python3.10/dist-packages/sentinel_swarm/sentinel_swarm_s__rosidl_typesupport_introspection_c.cpython-310-x86_64-linux-gnu.so
[51.325s] -- Up-to-date symlink: /home/vboxuser/Sentinel-AI/ros2_ws/install/sentinel_swarm/local/lib/python3.10/dist-packages/sentinel_swarm/sentinel_swarm_s__rosidl_typesupport_fastrtps_c.cpython-310-x86_64-linux-gnu.so
[51.327s] -- Up-to-date symlink: /home/vboxuser/Sentinel-AI/ros2_ws/install/sentinel_swarm/local/lib/python3.10/dist-packages/sentinel_swarm/sentinel_swarm_s__rosidl_typesupport_introspection_c.cpython-310-x86_64-linux-gnu.so
[51.340s] -- Up-to-date symlink: /home/vboxuser/Sentinel-AI/ros2_ws/install/sentinel_swarm/local/lib/python3.10/dist-packages/sentinel_swarm/sentinel_swarm_s__rosidl_typesupport_c.cpython-310-x86_64-linux-gnu.so
[51.349s] -- Up-to-date symlink: /home/vboxuser/Sentinel-AI/ros2_ws/install/sentinel_swarm/share/ament_index/resource_index/rust_packages/sentinel_swarm
[51.349s] -- Up-to-date symlink: /home/vboxuser/Sentinel-AI/ros2_ws/install/sentinel_swarm/share/sentinel_swarm/rust/Cargo.toml
[51.349s] -- Up-to-date symlink: /home/vboxuser/Sentinel-AI/ros2_ws/install/sentinel_swarm/share/sentinel_swarm/rust/build.rs
[51.349s] -- Up-to-date symlink: /home/vboxuser/Sentinel-AI/ros2_ws/install/sentinel_swarm/share/sentinel_swarm/rust/src/lib.rs
[51.353s] -- Up-to-date symlink: /home/vboxuser/Sentinel-AI/ros2_ws/install/sentinel_swarm/share/sentinel_swarm/rust/src/msg.rs
[51.353s] -- Up-to-date symlink: /home/vboxuser/Sentinel-AI/ros2_ws/install/sentinel_swarm/share/sentinel_swarm/rust/src/msg/rmw.rs
[51.353s] -- Up-to-date symlink: /home/vboxuser/Sentinel-AI/ros2_ws/install/sentinel_swarm/share/sentinel_swarm/msg/DroneState.idl
[51.353s] -- Up-to-date symlink: /home/vboxuser/Sentinel-AI/ros2_ws/install/sentinel_swarm/share/sentinel_swarm/msg/SwarmCommand.idl
[51.353s] -- Up-to-date symlink: /home/vboxuser/Sentinel-AI/ros2_ws/install/sentinel_swarm/share/sentinel_swarm/msg/FormationReference.idl
[51.354s] -- Up-to-date symlink: /home/vboxuser/Sentinel-AI/ros2_ws/install/sentinel_swarm/share/sentinel_swarm/msg/DroneState.msg
[51.354s] -- Up-to-date symlink: /home/vboxuser/Sentinel-AI/ros2_ws/install/sentinel_swarm/share/sentinel_swarm/msg/SwarmCommand.msg
[51.354s] -- Up-to-date symlink: /home/vboxuser/Sentinel-AI/ros2_ws/install/sentinel_swarm/share/sentinel_swarm/msg/FormationReference.msg
[51.366s] -- Up-to-date symlink: /home/vboxuser/Sentinel-AI/ros2_ws/install/sentinel_swarm/local/lib/python3.10/dist-packages/swarm_core-0.0.1-py3.10.egg-info/PKG-INFO
[51.366s] -- Up-to-date symlink: /home/vboxuser/Sentinel-AI/ros2_ws/install/sentinel_swarm/local/lib/python3.10/dist-packages/swarm_core-0.0.1-py3.10.egg-info/SOURCES.txt
[51.366s] -- Up-to-date symlink: /home/vboxuser/Sentinel-AI/ros2_ws/install/sentinel_swarm/local/lib/python3.10/dist-packages/swarm_core-0.0.1-py3.10.egg-info/dependency_links.txt
[51.366s] -- Up-to-date symlink: /home/vboxuser/Sentinel-AI/ros2_ws/install/sentinel_swarm/local/lib/python3.10/dist-packages/swarm_core-0.0.1-py3.10.egg-info/top_level.txt
[51.366s] -- Up-to-date symlink: /home/vboxuser/Sentinel-AI/ros2_ws/install/sentinel_swarm/local/lib/python3.10/dist-packages/swarm_core/__init__.py
[51.367s] -- Up-to-date symlink: /home/vboxuser/Sentinel-AI/ros2_ws/install/sentinel_swarm/local/lib/python3.10/dist-packages/swarm_core/communication_layer.py
[51.367s] -- Up-to-date symlink: /home/vboxuser/Sentinel-AI/ros2_ws/install/sentinel_swarm/local/lib/python3.10/dist-packages/swarm_core/drone_controller.py
[51.367s] -- Up-to-date symlink: /home/vboxuser/Sentinel-AI/ros2_ws/install/sentinel_swarm/local/lib/python3.10/dist-packages/swarm_core/gazebo_bridge.py
[51.367s] -- Up-to-date symlink: /home/vboxuser/Sentinel-AI/ros2_ws/install/sentinel_swarm/local/lib/python3.10/dist-packages/swarm_core/math_utilities.py
[51.367s] -- Up-to-date symlink: /home/vboxuser/Sentinel-AI/ros2_ws/install/sentinel_swarm/local/lib/python3.10/dist-packages/swarm_core/mission_planner.py
[51.367s] -- Up-to-date symlink: /home/vboxuser/Sentinel-AI/ros2_ws/install/sentinel_swarm/local/lib/python3.10/dist-packages/swarm_core/swarm_coordinator.py
[51.367s] -- Up-to-date symlink: /home/vboxuser/Sentinel-AI/ros2_ws/install/sentinel_swarm/local/lib/python3.10/dist-packages/swarm_core/swarm_monitor.py
[51.367s] -- Up-to-date symlink: /home/vboxuser/Sentinel-AI/ros2_ws/install/sentinel_swarm/share/sentinel_swarm/swarm_core/__init__.py
[51.367s] -- Up-to-date symlink: /home/vboxuser/Sentinel-AI/ros2_ws/install/sentinel_swarm/share/sentinel_swarm/swarm_core/__pycache__/__init__.cpython-310.pyc
[51.367s] -- Up-to-date symlink: /home/vboxuser/Sentinel-AI/ros2_ws/install/sentinel_swarm/share/sentinel_swarm/swarm_core/__pycache__/communication_layer.cpython-310.pyc
[51.367s] -- Up-to-date symlink: /home/vboxuser/Sentinel-AI/ros2_ws/install/sentinel_swarm/share/sentinel_swarm/swarm_core/__pycache__/drone_controller.cpython-310.pyc
[51.367s] -- Up-to-date symlink: /home/vboxuser/Sentinel-AI/ros2_ws/install/sentinel_swarm/share/sentinel_swarm/swarm_core/__pycache__/gazebo_bridge.cpython-310.pyc
[51.367s] -- Up-to-date symlink: /home/vboxuser/Sentinel-AI/ros2_ws/install/sentinel_swarm/share/sentinel_swarm/swarm_core/__pycache__/math_utilities.cpython-310.pyc
[51.367s] -- Up-to-date symlink: /home/vboxuser/Sentinel-AI/ros2_ws/install/sentinel_swarm/share/sentinel_swarm/swarm_core/__pycache__/mission_planner.cpython-310.pyc
[51.369s] -- Up-to-date symlink: /home/vboxuser/Sentinel-AI/ros2_ws/install/sentinel_swarm/share/sentinel_swarm/swarm_core/__pycache__/swarm_coordinator.cpython-310.pyc
[51.369s] -- Up-to-date symlink: /home/vboxuser/Sentinel-AI/ros2_ws/install/sentinel_swarm/share/sentinel_swarm/swarm_core/__pycache__/swarm_monitor.cpython-310.pyc
[51.369s] -- Up-to-date symlink: /home/vboxuser/Sentinel-AI/ros2_ws/install/sentinel_swarm/share/sentinel_swarm/swarm_core/communication_layer.py
[51.369s] -- Up-to-date symlink: /home/vboxuser/Sentinel-AI/ros2_ws/install/sentinel_swarm/share/sentinel_swarm/swarm_core/drone_controller.py
[51.369s] -- Up-to-date symlink: /home/vboxuser/Sentinel-AI/ros2_ws/install/sentinel_swarm/share/sentinel_swarm/swarm_core/gazebo_bridge.py
[51.369s] -- Up-to-date symlink: /home/vboxuser/Sentinel-AI/ros2_ws/install/sentinel_swarm/share/sentinel_swarm/swarm_core/math_utilities.py
[51.369s] -- Up-to-date symlink: /home/vboxuser/Sentinel-AI/ros2_ws/install/sentinel_swarm/share/sentinel_swarm/swarm_core/mission_planner.py
[51.369s] -- Up-to-date symlink: /home/vboxuser/Sentinel-AI/ros2_ws/install/sentinel_swarm/share/sentinel_swarm/swarm_core/swarm_coordinator.py
[51.370s] -- Up-to-date symlink: /home/vboxuser/Sentinel-AI/ros2_ws/install/sentinel_swarm/share/sentinel_swarm/swarm_core/swarm_monitor.py
[51.370s] -- Symlinking: /home/vboxuser/Sentinel-AI/ros2_ws/install/sentinel_swarm/share/sentinel_swarm/config/swarm_config.yaml
[51.381s] -- Symlinking: /home/vboxuser/Sentinel-AI/ros2_ws/install/sentinel_swarm/share/sentinel_swarm/launch/swarm_launch.py
[51.469s] -- Symlinking: /home/vboxuser/Sentinel-AI/ros2_ws/install/sentinel_swarm/share/ament_index/resource_index/package_run_dependencies/sentinel_swarm
[51.554s] -- Symlinking: /home/vboxuser/Sentinel-AI/ros2_ws/install/sentinel_swarm/share/ament_index/resource_index/parent_prefix_path/sentinel_swarm
[51.677s] -- Symlinking: /home/vboxuser/Sentinel-AI/ros2_ws/install/sentinel_swarm/share/sentinel_swarm/environment/ament_prefix_path.sh
[51.768s] -- Symlinking: /home/vboxuser/Sentinel-AI/ros2_ws/install/sentinel_swarm/share/sentinel_swarm/environment/ament_prefix_path.dsv
[51.931s] -- Symlinking: /home/vboxuser/Sentinel-AI/ros2_ws/install/sentinel_swarm/share/sentinel_swarm/environment/path.sh
[51.988s] -- Symlinking: /home/vboxuser/Sentinel-AI/ros2_ws/install/sentinel_swarm/share/sentinel_swarm/environment/path.dsv
[52.022s] -- Symlinking: /home/vboxuser/Sentinel-AI/ros2_ws/install/sentinel_swarm/share/sentinel_swarm/local_setup.bash
[52.035s] -- Symlinking: /home/vboxuser/Sentinel-AI/ros2_ws/install/sentinel_swarm/share/sentinel_swarm/local_setup.sh
[52.081s] -- Symlinking: /home/vboxuser/Sentinel-AI/ros2_ws/install/sentinel_swarm/share/sentinel_swarm/local_setup.zsh
[52.119s] -- Symlinking: /home/vboxuser/Sentinel-AI/ros2_ws/install/sentinel_swarm/share/sentinel_swarm/local_setup.dsv
[52.320s] -- Symlinking: /home/vboxuser/Sentinel-AI/ros2_ws/install/sentinel_swarm/share/sentinel_swarm/package.dsv
[52.500s] -- Symlinking: /home/vboxuser/Sentinel-AI/ros2_ws/install/sentinel_swarm/share/ament_index/resource_index/packages/sentinel_swarm
[52.555s] -- Symlinking: /home/vboxuser/Sentinel-AI/ros2_ws/install/sentinel_swarm/share/sentinel_swarm/cmake/rosidl_cmake-extras.cmake
[52.574s] -- Symlinking: /home/vboxuser/Sentinel-AI/ros2_ws/install/sentinel_swarm/share/sentinel_swarm/cmake/ament_cmake_export_dependencies-extras.cmake
[52.589s] -- Symlinking: /home/vboxuser/Sentinel-AI/ros2_ws/install/sentinel_swarm/share/sentinel_swarm/cmake/ament_cmake_export_include_directories-extras.cmake
[52.641s] -- Symlinking: /home/vboxuser/Sentinel-AI/ros2_ws/install/sentinel_swarm/share/sentinel_swarm/cmake/ament_cmake_export_libraries-extras.cmake
[52.673s] -- Symlinking: /home/vboxuser/Sentinel-AI/ros2_ws/install/sentinel_swarm/share/sentinel_swarm/cmake/ament_cmake_export_targets-extras.cmake
[52.693s] -- Symlinking: /home/vboxuser/Sentinel-AI/ros2_ws/install/sentinel_swarm/share/sentinel_swarm/cmake/rosidl_cmake_export_typesupport_targets-extras.cmake
[52.721s] -- Symlinking: /home/vboxuser/Sentinel-AI/ros2_ws/install/sentinel_swarm/share/sentinel_swarm/cmake/rosidl_cmake_export_typesupport_libraries-extras.cmake
[52.775s] -- Symlinking: /home/vboxuser/Sentinel-AI/ros2_ws/install/sentinel_swarm/share/sentinel_swarm/cmake/sentinel_swarmConfig.cmake
[52.820s] -- Symlinking: /home/vboxuser/Sentinel-AI/ros2_ws/install/sentinel_swarm/share/sentinel_swarm/cmake/sentinel_swarmConfig-version.cmake
[52.880s] -- Symlinking: /home/vboxuser/Sentinel-AI/ros2_ws/install/sentinel_swarm/share/sentinel_swarm/package.xml
[52.905s] -- Installing: /home/vboxuser/Sentinel-AI/ros2_ws/install/sentinel_swarm/lib/libsentinel_swarm__rosidl_generator_c.so
[52.905s] -- Set runtime path of "/home/vboxuser/Sentinel-AI/ros2_ws/install/sentinel_swarm/lib/libsentinel_swarm__rosidl_generator_c.so" to ""
[52.905s] -- Installing: /home/vboxuser/Sentinel-AI/ros2_ws/install/sentinel_swarm/lib/libsentinel_swarm__rosidl_typesupport_fastrtps_c.so
[52.905s] -- Set runtime path of "/home/vboxuser/Sentinel-AI/ros2_ws/install/sentinel_swarm/lib/libsentinel_swarm__rosidl_typesupport_fastrtps_c.so" to ""
[52.905s] -- Installing: /home/vboxuser/Sentinel-AI/ros2_ws/install/sentinel_swarm/lib/libsentinel_swarm__rosidl_typesupport_introspection_c.so
[52.905s] -- Set runtime path of "/home/vboxuser/Sentinel-AI/ros2_ws/install/sentinel_swarm/lib/libsentinel_swarm__rosidl_typesupport_introspection_c.so" to ""
[52.905s] -- Installing: /home/vboxuser/Sentinel-AI/ros2_ws/install/sentinel_swarm/lib/libsentinel_swarm__rosidl_typesupport_c.so
[52.910s] -- Set runtime path of "/home/vboxuser/Sentinel-AI/ros2_ws/install/sentinel_swarm/lib/libsentinel_swarm__rosidl_typesupport_c.so" to ""
[52.910s] -- Installing: /home/vboxuser/Sentinel-AI/ros2_ws/install/sentinel_swarm/lib/libsentinel_swarm__rosidl_typesupport_fastrtps_cpp.so
[52.911s] -- Set runtime path of "/home/vboxuser/Sentinel-AI/ros2_ws/install/sentinel_swarm/lib/libsentinel_swarm__rosidl_typesupport_fastrtps_cpp.so" to ""
[52.911s] -- Installing: /home/vboxuser/Sentinel-AI/ros2_ws/install/sentinel_swarm/lib/libsentinel_swarm__rosidl_typesupport_introspection_cpp.so
[52.912s] -- Set runtime path of "/home/vboxuser/Sentinel-AI/ros2_ws/install/sentinel_swarm/lib/libsentinel_swarm__rosidl_typesupport_introspection_cpp.so" to ""
[52.912s] -- Installing: /home/vboxuser/Sentinel-AI/ros2_ws/install/sentinel_swarm/lib/libsentinel_swarm__rosidl_typesupport_cpp.so
[52.913s] -- Set runtime path of "/home/vboxuser/Sentinel-AI/ros2_ws/install/sentinel_swarm/lib/libsentinel_swarm__rosidl_typesupport_cpp.so" to ""
[52.966s] Listing '/home/vboxuser/Sentinel-AI/ros2_ws/install/sentinel_swarm/local/lib/python3.10/dist-packages/sentinel_swarm'...
[52.966s] Compiling '/home/vboxuser/Sentinel-AI/ros2_ws/install/sentinel_swarm/local/lib/python3.10/dist-packages/sentinel_swarm/__init__.py'...
[52.967s] Listing '/home/vboxuser/Sentinel-AI/ros2_ws/install/sentinel_swarm/local/lib/python3.10/dist-packages/sentinel_swarm/msg'...
[52.967s] Compiling '/home/vboxuser/Sentinel-AI/ros2_ws/install/sentinel_swarm/local/lib/python3.10/dist-packages/sentinel_swarm/msg/__init__.py'...
[52.967s] Compiling '/home/vboxuser/Sentinel-AI/ros2_ws/install/sentinel_swarm/local/lib/python3.10/dist-packages/sentinel_swarm/msg/_drone_state.py'...
[52.967s] Compiling '/home/vboxuser/Sentinel-AI/ros2_ws/install/sentinel_swarm/local/lib/python3.10/dist-packages/sentinel_swarm/msg/_formation_reference.py'...
[52.967s] Compiling '/home/vboxuser/Sentinel-AI/ros2_ws/install/sentinel_swarm/local/lib/python3.10/dist-packages/sentinel_swarm/msg/_swarm_command.py'...
[52.982s] -- Installing: /home/vboxuser/Sentinel-AI/ros2_ws/install/sentinel_swarm/lib/libsentinel_swarm__rosidl_generator_py.so
[52.982s] -- Set runtime path of "/home/vboxuser/Sentinel-AI/ros2_ws/install/sentinel_swarm/lib/libsentinel_swarm__rosidl_generator_py.so" to ""
[53.059s] Listing '/home/vboxuser/Sentinel-AI/ros2_ws/install/sentinel_swarm/local/lib/python3.10/dist-packages/swarm_core'...
[53.059s] Compiling '/home/vboxuser/Sentinel-AI/ros2_ws/install/sentinel_swarm/local/lib/python3.10/dist-packages/swarm_core/__init__.py'...
[53.059s] Compiling '/home/vboxuser/Sentinel-AI/ros2_ws/install/sentinel_swarm/local/lib/python3.10/dist-packages/swarm_core/communication_layer.py'...
[53.059s] Compiling '/home/vboxuser/Sentinel-AI/ros2_ws/install/sentinel_swarm/local/lib/python3.10/dist-packages/swarm_core/drone_controller.py'...
[53.060s] Compiling '/home/vboxuser/Sentinel-AI/ros2_ws/install/sentinel_swarm/local/lib/python3.10/dist-packages/swarm_core/gazebo_bridge.py'...
[53.060s] Compiling '/home/vboxuser/Sentinel-AI/ros2_ws/install/sentinel_swarm/local/lib/python3.10/dist-packages/swarm_core/math_utilities.py'...
[53.060s] Compiling '/home/vboxuser/Sentinel-AI/ros2_ws/install/sentinel_swarm/local/lib/python3.10/dist-packages/swarm_core/mission_planner.py'...
[53.060s] Compiling '/home/vboxuser/Sentinel-AI/ros2_ws/install/sentinel_swarm/local/lib/python3.10/dist-packages/swarm_core/swarm_coordinator.py'...
[53.060s] Compiling '/home/vboxuser/Sentinel-AI/ros2_ws/install/sentinel_swarm/local/lib/python3.10/dist-packages/swarm_core/swarm_monitor.py'...
[53.067s] -- Installing: /home/vboxuser/Sentinel-AI/ros2_ws/install/sentinel_swarm/share/sentinel_swarm/cmake/export_sentinel_swarm__rosidl_generator_cExport.cmake
[53.067s] -- Installing: /home/vboxuser/Sentinel-AI/ros2_ws/install/sentinel_swarm/share/sentinel_swarm/cmake/export_sentinel_swarm__rosidl_generator_cExport-noconfig.cmake
[53.067s] -- Installing: /home/vboxuser/Sentinel-AI/ros2_ws/install/sentinel_swarm/share/sentinel_swarm/cmake/export_sentinel_swarm__rosidl_typesupport_fastrtps_cExport.cmake
[53.067s] -- Installing: /home/vboxuser/Sentinel-AI/ros2_ws/install/sentinel_swarm/share/sentinel_swarm/cmake/export_sentinel_swarm__rosidl_typesupport_fastrtps_cExport-noconfig.cmake
[53.067s] -- Installing: /home/vboxuser/Sentinel-AI/ros2_ws/install/sentinel_swarm/share/sentinel_swarm/cmake/sentinel_swarm__rosidl_typesupport_introspection_cExport.cmake
[53.068s] -- Installing: /home/vboxuser/Sentinel-AI/ros2_ws/install/sentinel_swarm/share/sentinel_swarm/cmake/sentinel_swarm__rosidl_typesupport_introspection_cExport-noconfig.cmake
[53.072s] -- Installing: /home/vboxuser/Sentinel-AI/ros2_ws/install/sentinel_swarm/share/sentinel_swarm/cmake/sentinel_swarm__rosidl_typesupport_cExport.cmake
[53.072s] -- Installing: /home/vboxuser/Sentinel-AI/ros2_ws/install/sentinel_swarm/share/sentinel_swarm/cmake/sentinel_swarm__rosidl_typesupport_cExport-noconfig.cmake
[53.072s] -- Installing: /home/vboxuser/Sentinel-AI/ros2_ws/install/sentinel_swarm/share/sentinel_swarm/cmake/export_sentinel_swarm__rosidl_generator_cppExport.cmake
[53.072s] -- Installing: /home/vboxuser/Sentinel-AI/ros2_ws/install/sentinel_swarm/share/sentinel_swarm/cmake/export_sentinel_swarm__rosidl_typesupport_fastrtps_cppExport.cmake
[53.072s] -- Installing: /home/vboxuser/Sentinel-AI/ros2_ws/install/sentinel_swarm/share/sentinel_swarm/cmake/export_sentinel_swarm__rosidl_typesupport_fastrtps_cppExport-noconfig.cmake
[53.080s] -- Installing: /home/vboxuser/Sentinel-AI/ros2_ws/install/sentinel_swarm/share/sentinel_swarm/cmake/sentinel_swarm__rosidl_typesupport_introspection_cppExport.cmake
[53.080s] -- Installing: /home/vboxuser/Sentinel-AI/ros2_ws/install/sentinel_swarm/share/sentinel_swarm/cmake/sentinel_swarm__rosidl_typesupport_introspection_cppExport-noconfig.cmake
[53.080s] -- Installing: /home/vboxuser/Sentinel-AI/ros2_ws/install/sentinel_swarm/share/sentinel_swarm/cmake/sentinel_swarm__rosidl_typesupport_cppExport.cmake
[53.081s] -- Installing: /home/vboxuser/Sentinel-AI/ros2_ws/install/sentinel_swarm/share/sentinel_swarm/cmake/sentinel_swarm__rosidl_typesupport_cppExport-noconfig.cmake
[53.081s] -- Installing: /home/vboxuser/Sentinel-AI/ros2_ws/install/sentinel_swarm/share/sentinel_swarm/cmake/export_sentinel_swarm__rosidl_generator_pyExport.cmake
[53.081s] -- Installing: /home/vboxuser/Sentinel-AI/ros2_ws/install/sentinel_swarm/share/sentinel_swarm/cmake/export_sentinel_swarm__rosidl_generator_pyExport-noconfig.cmake
[53.087s] Invoked command in '/home/vboxuser/Sentinel-AI/ros2_ws/build/sentinel_swarm' returned '0': CMAKE_PREFIX_PATH=${CMAKE_PREFIX_PATH}:/opt/ros/humble /usr/bin/cmake --install /home/vboxuser/Sentinel-AI/ros2_ws/build/sentinel_swarm
