[ 10%] Built target sentinel_swarm__rosidl_generator_c
[ 10%] Built target ament_cmake_python_symlink_sentinel_swarm
[ 12%] Built target sentinel_swarm__rs
[ 14%] Built target sentinel_swarm__cpp
[ 25%] Built target sentinel_swarm__rosidl_typesupport_fastrtps_c
[ 35%] Built target sentinel_swarm__rosidl_typesupport_introspection_c
[ 35%] Built target ament_cmake_python_symlink_swarm_core
[ 45%] Built target sentinel_swarm__rosidl_typesupport_c
[ 56%] Built target sentinel_swarm__rosidl_typesupport_cpp
[ 66%] Built target sentinel_swarm__rosidl_typesupport_introspection_cpp
[ 77%] Built target sentinel_swarm__rosidl_typesupport_fastrtps_cpp
[ 77%] Built target sentinel_swarm
[ 79%] Built target sentinel_swarm__py
[ 87%] Built target sentinel_swarm__rosidl_generator_py
running egg_info
writing sentinel_swarm.egg-info/PKG-INFO
writing dependency_links to sentinel_swarm.egg-info/dependency_links.txt
writing top-level names to sentinel_swarm.egg-info/top_level.txt
reading manifest file 'sentinel_swarm.egg-info/SOURCES.txt'
writing manifest file 'sentinel_swarm.egg-info/SOURCES.txt'
[ 91%] Built target sentinel_swarm__rosidl_typesupport_c__pyext
[ 95%] Built target sentinel_swarm__rosidl_typesupport_introspection_c__pyext
[100%] Built target sentinel_swarm__rosidl_typesupport_fastrtps_c__pyext
[100%] Built target ament_cmake_python_build_sentinel_swarm_egg
running egg_info
writing swarm_core.egg-info/PKG-INFO
writing dependency_links to swarm_core.egg-info/dependency_links.txt
writing top-level names to swarm_core.egg-info/top_level.txt
reading manifest file 'swarm_core.egg-info/SOURCES.txt'
writing manifest file 'swarm_core.egg-info/SOURCES.txt'
[100%] Built target ament_cmake_python_build_swarm_core_egg
-- Install configuration: ""
-- Execute custom install script
-- Up-to-date symlink: /home/vboxuser/Sentinel-AI/ros2_ws/install/sentinel_swarm/share/ament_index/resource_index/rosidl_interfaces/sentinel_swarm
-- Up-to-date symlink: /home/vboxuser/Sentinel-AI/ros2_ws/install/sentinel_swarm/include/sentinel_swarm/sentinel_swarm/msg/detail/drone_state__functions.h
-- Up-to-date symlink: /home/vboxuser/Sentinel-AI/ros2_ws/install/sentinel_swarm/include/sentinel_swarm/sentinel_swarm/msg/detail/drone_state__struct.h
-- Up-to-date symlink: /home/vboxuser/Sentinel-AI/ros2_ws/install/sentinel_swarm/include/sentinel_swarm/sentinel_swarm/msg/detail/drone_state__type_support.h
-- Up-to-date symlink: /home/vboxuser/Sentinel-AI/ros2_ws/install/sentinel_swarm/include/sentinel_swarm/sentinel_swarm/msg/detail/formation_reference__functions.h
-- Up-to-date symlink: /home/vboxuser/Sentinel-AI/ros2_ws/install/sentinel_swarm/include/sentinel_swarm/sentinel_swarm/msg/detail/formation_reference__struct.h
-- Up-to-date symlink: /home/vboxuser/Sentinel-AI/ros2_ws/install/sentinel_swarm/include/sentinel_swarm/sentinel_swarm/msg/detail/formation_reference__type_support.h
-- Up-to-date symlink: /home/vboxuser/Sentinel-AI/ros2_ws/install/sentinel_swarm/include/sentinel_swarm/sentinel_swarm/msg/detail/swarm_command__functions.h
-- Up-to-date symlink: /home/vboxuser/Sentinel-AI/ros2_ws/install/sentinel_swarm/include/sentinel_swarm/sentinel_swarm/msg/detail/swarm_command__struct.h
-- Up-to-date symlink: /home/vboxuser/Sentinel-AI/ros2_ws/install/sentinel_swarm/include/sentinel_swarm/sentinel_swarm/msg/detail/swarm_command__type_support.h
-- Up-to-date symlink: /home/vboxuser/Sentinel-AI/ros2_ws/install/sentinel_swarm/include/sentinel_swarm/sentinel_swarm/msg/drone_state.h
-- Up-to-date symlink: /home/vboxuser/Sentinel-AI/ros2_ws/install/sentinel_swarm/include/sentinel_swarm/sentinel_swarm/msg/formation_reference.h
-- Up-to-date symlink: /home/vboxuser/Sentinel-AI/ros2_ws/install/sentinel_swarm/include/sentinel_swarm/sentinel_swarm/msg/rosidl_generator_c__visibility_control.h
-- Up-to-date symlink: /home/vboxuser/Sentinel-AI/ros2_ws/install/sentinel_swarm/include/sentinel_swarm/sentinel_swarm/msg/swarm_command.h
-- Up-to-date symlink: /home/vboxuser/Sentinel-AI/ros2_ws/install/sentinel_swarm/share/sentinel_swarm/environment/library_path.sh
-- Up-to-date symlink: /home/vboxuser/Sentinel-AI/ros2_ws/install/sentinel_swarm/share/sentinel_swarm/environment/library_path.dsv
-- Up-to-date symlink: /home/vboxuser/Sentinel-AI/ros2_ws/install/sentinel_swarm/include/sentinel_swarm/sentinel_swarm/msg/detail/drone_state__rosidl_typesupport_fastrtps_c.h
-- Up-to-date symlink: /home/vboxuser/Sentinel-AI/ros2_ws/install/sentinel_swarm/include/sentinel_swarm/sentinel_swarm/msg/detail/formation_reference__rosidl_typesupport_fastrtps_c.h
-- Up-to-date symlink: /home/vboxuser/Sentinel-AI/ros2_ws/install/sentinel_swarm/include/sentinel_swarm/sentinel_swarm/msg/detail/swarm_command__rosidl_typesupport_fastrtps_c.h
-- Up-to-date symlink: /home/vboxuser/Sentinel-AI/ros2_ws/install/sentinel_swarm/include/sentinel_swarm/sentinel_swarm/msg/rosidl_typesupport_fastrtps_c__visibility_control.h
-- Up-to-date symlink: /home/vboxuser/Sentinel-AI/ros2_ws/install/sentinel_swarm/include/sentinel_swarm/sentinel_swarm/msg/detail/drone_state__rosidl_typesupport_introspection_c.h
-- Up-to-date symlink: /home/vboxuser/Sentinel-AI/ros2_ws/install/sentinel_swarm/include/sentinel_swarm/sentinel_swarm/msg/detail/formation_reference__rosidl_typesupport_introspection_c.h
-- Up-to-date symlink: /home/vboxuser/Sentinel-AI/ros2_ws/install/sentinel_swarm/include/sentinel_swarm/sentinel_swarm/msg/detail/swarm_command__rosidl_typesupport_introspection_c.h
-- Up-to-date symlink: /home/vboxuser/Sentinel-AI/ros2_ws/install/sentinel_swarm/include/sentinel_swarm/sentinel_swarm/msg/rosidl_typesupport_introspection_c__visibility_control.h
-- Up-to-date symlink: /home/vboxuser/Sentinel-AI/ros2_ws/install/sentinel_swarm/include/sentinel_swarm/sentinel_swarm/msg/detail/drone_state__builder.hpp
-- Up-to-date symlink: /home/vboxuser/Sentinel-AI/ros2_ws/install/sentinel_swarm/include/sentinel_swarm/sentinel_swarm/msg/detail/drone_state__struct.hpp
-- Up-to-date symlink: /home/vboxuser/Sentinel-AI/ros2_ws/install/sentinel_swarm/include/sentinel_swarm/sentinel_swarm/msg/detail/drone_state__traits.hpp
-- Up-to-date symlink: /home/vboxuser/Sentinel-AI/ros2_ws/install/sentinel_swarm/include/sentinel_swarm/sentinel_swarm/msg/detail/drone_state__type_support.hpp
-- Up-to-date symlink: /home/vboxuser/Sentinel-AI/ros2_ws/install/sentinel_swarm/include/sentinel_swarm/sentinel_swarm/msg/detail/formation_reference__builder.hpp
-- Up-to-date symlink: /home/vboxuser/Sentinel-AI/ros2_ws/install/sentinel_swarm/include/sentinel_swarm/sentinel_swarm/msg/detail/formation_reference__struct.hpp
-- Up-to-date symlink: /home/vboxuser/Sentinel-AI/ros2_ws/install/sentinel_swarm/include/sentinel_swarm/sentinel_swarm/msg/detail/formation_reference__traits.hpp
-- Up-to-date symlink: /home/vboxuser/Sentinel-AI/ros2_ws/install/sentinel_swarm/include/sentinel_swarm/sentinel_swarm/msg/detail/formation_reference__type_support.hpp
-- Up-to-date symlink: /home/vboxuser/Sentinel-AI/ros2_ws/install/sentinel_swarm/include/sentinel_swarm/sentinel_swarm/msg/detail/swarm_command__builder.hpp
-- Up-to-date symlink: /home/vboxuser/Sentinel-AI/ros2_ws/install/sentinel_swarm/include/sentinel_swarm/sentinel_swarm/msg/detail/swarm_command__struct.hpp
-- Up-to-date symlink: /home/vboxuser/Sentinel-AI/ros2_ws/install/sentinel_swarm/include/sentinel_swarm/sentinel_swarm/msg/detail/swarm_command__traits.hpp
-- Up-to-date symlink: /home/vboxuser/Sentinel-AI/ros2_ws/install/sentinel_swarm/include/sentinel_swarm/sentinel_swarm/msg/detail/swarm_command__type_support.hpp
-- Up-to-date symlink: /home/vboxuser/Sentinel-AI/ros2_ws/install/sentinel_swarm/include/sentinel_swarm/sentinel_swarm/msg/drone_state.hpp
-- Up-to-date symlink: /home/vboxuser/Sentinel-AI/ros2_ws/install/sentinel_swarm/include/sentinel_swarm/sentinel_swarm/msg/formation_reference.hpp
-- Up-to-date symlink: /home/vboxuser/Sentinel-AI/ros2_ws/install/sentinel_swarm/include/sentinel_swarm/sentinel_swarm/msg/rosidl_generator_cpp__visibility_control.hpp
-- Up-to-date symlink: /home/vboxuser/Sentinel-AI/ros2_ws/install/sentinel_swarm/include/sentinel_swarm/sentinel_swarm/msg/swarm_command.hpp
-- Up-to-date symlink: /home/vboxuser/Sentinel-AI/ros2_ws/install/sentinel_swarm/include/sentinel_swarm/sentinel_swarm/msg/detail/drone_state__rosidl_typesupport_fastrtps_cpp.hpp
-- Up-to-date symlink: /home/vboxuser/Sentinel-AI/ros2_ws/install/sentinel_swarm/include/sentinel_swarm/sentinel_swarm/msg/detail/formation_reference__rosidl_typesupport_fastrtps_cpp.hpp
-- Up-to-date symlink: /home/vboxuser/Sentinel-AI/ros2_ws/install/sentinel_swarm/include/sentinel_swarm/sentinel_swarm/msg/detail/swarm_command__rosidl_typesupport_fastrtps_cpp.hpp
-- Up-to-date symlink: /home/vboxuser/Sentinel-AI/ros2_ws/install/sentinel_swarm/include/sentinel_swarm/sentinel_swarm/msg/rosidl_typesupport_fastrtps_cpp__visibility_control.h
-- Up-to-date symlink: /home/vboxuser/Sentinel-AI/ros2_ws/install/sentinel_swarm/include/sentinel_swarm/sentinel_swarm/msg/detail/drone_state__rosidl_typesupport_introspection_cpp.hpp
-- Up-to-date symlink: /home/vboxuser/Sentinel-AI/ros2_ws/install/sentinel_swarm/include/sentinel_swarm/sentinel_swarm/msg/detail/formation_reference__rosidl_typesupport_introspection_cpp.hpp
-- Up-to-date symlink: /home/vboxuser/Sentinel-AI/ros2_ws/install/sentinel_swarm/include/sentinel_swarm/sentinel_swarm/msg/detail/swarm_command__rosidl_typesupport_introspection_cpp.hpp
-- Up-to-date symlink: /home/vboxuser/Sentinel-AI/ros2_ws/install/sentinel_swarm/share/sentinel_swarm/environment/pythonpath.sh
-- Up-to-date symlink: /home/vboxuser/Sentinel-AI/ros2_ws/install/sentinel_swarm/share/sentinel_swarm/environment/pythonpath.dsv
-- Up-to-date symlink: /home/vboxuser/Sentinel-AI/ros2_ws/install/sentinel_swarm/local/lib/python3.10/dist-packages/sentinel_swarm-0.0.1-py3.10.egg-info/PKG-INFO
-- Up-to-date symlink: /home/vboxuser/Sentinel-AI/ros2_ws/install/sentinel_swarm/local/lib/python3.10/dist-packages/sentinel_swarm-0.0.1-py3.10.egg-info/SOURCES.txt
-- Up-to-date symlink: /home/vboxuser/Sentinel-AI/ros2_ws/install/sentinel_swarm/local/lib/python3.10/dist-packages/sentinel_swarm-0.0.1-py3.10.egg-info/dependency_links.txt
-- Up-to-date symlink: /home/vboxuser/Sentinel-AI/ros2_ws/install/sentinel_swarm/local/lib/python3.10/dist-packages/sentinel_swarm-0.0.1-py3.10.egg-info/top_level.txt
-- Up-to-date symlink: /home/vboxuser/Sentinel-AI/ros2_ws/install/sentinel_swarm/local/lib/python3.10/dist-packages/sentinel_swarm/__init__.py
-- Up-to-date symlink: /home/vboxuser/Sentinel-AI/ros2_ws/install/sentinel_swarm/local/lib/python3.10/dist-packages/sentinel_swarm/_sentinel_swarm_s.ep.rosidl_typesupport_c.c
-- Up-to-date symlink: /home/vboxuser/Sentinel-AI/ros2_ws/install/sentinel_swarm/local/lib/python3.10/dist-packages/sentinel_swarm/_sentinel_swarm_s.ep.rosidl_typesupport_fastrtps_c.c
-- Up-to-date symlink: /home/vboxuser/Sentinel-AI/ros2_ws/install/sentinel_swarm/local/lib/python3.10/dist-packages/sentinel_swarm/_sentinel_swarm_s.ep.rosidl_typesupport_introspection_c.c
-- Up-to-date symlink: /home/vboxuser/Sentinel-AI/ros2_ws/install/sentinel_swarm/local/lib/python3.10/dist-packages/sentinel_swarm/libsentinel_swarm__rosidl_generator_py.so
-- Up-to-date symlink: /home/vboxuser/Sentinel-AI/ros2_ws/install/sentinel_swarm/local/lib/python3.10/dist-packages/sentinel_swarm/msg/__init__.py
-- Up-to-date symlink: /home/vboxuser/Sentinel-AI/ros2_ws/install/sentinel_swarm/local/lib/python3.10/dist-packages/sentinel_swarm/msg/_drone_state.py
-- Up-to-date symlink: /home/vboxuser/Sentinel-AI/ros2_ws/install/sentinel_swarm/local/lib/python3.10/dist-packages/sentinel_swarm/msg/_drone_state_s.c
-- Up-to-date symlink: /home/vboxuser/Sentinel-AI/ros2_ws/install/sentinel_swarm/local/lib/python3.10/dist-packages/sentinel_swarm/msg/_formation_reference.py
-- Up-to-date symlink: /home/vboxuser/Sentinel-AI/ros2_ws/install/sentinel_swarm/local/lib/python3.10/dist-packages/sentinel_swarm/msg/_formation_reference_s.c
-- Up-to-date symlink: /home/vboxuser/Sentinel-AI/ros2_ws/install/sentinel_swarm/local/lib/python3.10/dist-packages/sentinel_swarm/msg/_swarm_command.py
-- Up-to-date symlink: /home/vboxuser/Sentinel-AI/ros2_ws/install/sentinel_swarm/local/lib/python3.10/dist-packages/sentinel_swarm/msg/_swarm_command_s.c
-- Up-to-date symlink: /home/vboxuser/Sentinel-AI/ros2_ws/install/sentinel_swarm/local/lib/python3.10/dist-packages/sentinel_swarm/sentinel_swarm_s__rosidl_typesupport_c.cpython-310-x86_64-linux-gnu.so
-- Up-to-date symlink: /home/vboxuser/Sentinel-AI/ros2_ws/install/sentinel_swarm/local/lib/python3.10/dist-packages/sentinel_swarm/sentinel_swarm_s__rosidl_typesupport_fastrtps_c.cpython-310-x86_64-linux-gnu.so
-- Up-to-date symlink: /home/vboxuser/Sentinel-AI/ros2_ws/install/sentinel_swarm/local/lib/python3.10/dist-packages/sentinel_swarm/sentinel_swarm_s__rosidl_typesupport_introspection_c.cpython-310-x86_64-linux-gnu.so
-- Up-to-date symlink: /home/vboxuser/Sentinel-AI/ros2_ws/install/sentinel_swarm/local/lib/python3.10/dist-packages/sentinel_swarm/sentinel_swarm_s__rosidl_typesupport_fastrtps_c.cpython-310-x86_64-linux-gnu.so
-- Up-to-date symlink: /home/vboxuser/Sentinel-AI/ros2_ws/install/sentinel_swarm/local/lib/python3.10/dist-packages/sentinel_swarm/sentinel_swarm_s__rosidl_typesupport_introspection_c.cpython-310-x86_64-linux-gnu.so
-- Up-to-date symlink: /home/vboxuser/Sentinel-AI/ros2_ws/install/sentinel_swarm/local/lib/python3.10/dist-packages/sentinel_swarm/sentinel_swarm_s__rosidl_typesupport_c.cpython-310-x86_64-linux-gnu.so
-- Up-to-date symlink: /home/vboxuser/Sentinel-AI/ros2_ws/install/sentinel_swarm/share/ament_index/resource_index/rust_packages/sentinel_swarm
-- Up-to-date symlink: /home/vboxuser/Sentinel-AI/ros2_ws/install/sentinel_swarm/share/sentinel_swarm/rust/Cargo.toml
-- Up-to-date symlink: /home/vboxuser/Sentinel-AI/ros2_ws/install/sentinel_swarm/share/sentinel_swarm/rust/build.rs
-- Up-to-date symlink: /home/vboxuser/Sentinel-AI/ros2_ws/install/sentinel_swarm/share/sentinel_swarm/rust/src/lib.rs
-- Up-to-date symlink: /home/vboxuser/Sentinel-AI/ros2_ws/install/sentinel_swarm/share/sentinel_swarm/rust/src/msg.rs
-- Up-to-date symlink: /home/vboxuser/Sentinel-AI/ros2_ws/install/sentinel_swarm/share/sentinel_swarm/rust/src/msg/rmw.rs
-- Up-to-date symlink: /home/vboxuser/Sentinel-AI/ros2_ws/install/sentinel_swarm/share/sentinel_swarm/msg/DroneState.idl
-- Up-to-date symlink: /home/vboxuser/Sentinel-AI/ros2_ws/install/sentinel_swarm/share/sentinel_swarm/msg/SwarmCommand.idl
-- Up-to-date symlink: /home/vboxuser/Sentinel-AI/ros2_ws/install/sentinel_swarm/share/sentinel_swarm/msg/FormationReference.idl
-- Up-to-date symlink: /home/vboxuser/Sentinel-AI/ros2_ws/install/sentinel_swarm/share/sentinel_swarm/msg/DroneState.msg
-- Up-to-date symlink: /home/vboxuser/Sentinel-AI/ros2_ws/install/sentinel_swarm/share/sentinel_swarm/msg/SwarmCommand.msg
-- Up-to-date symlink: /home/vboxuser/Sentinel-AI/ros2_ws/install/sentinel_swarm/share/sentinel_swarm/msg/FormationReference.msg
-- Up-to-date symlink: /home/vboxuser/Sentinel-AI/ros2_ws/install/sentinel_swarm/local/lib/python3.10/dist-packages/swarm_core-0.0.1-py3.10.egg-info/PKG-INFO
-- Up-to-date symlink: /home/vboxuser/Sentinel-AI/ros2_ws/install/sentinel_swarm/local/lib/python3.10/dist-packages/swarm_core-0.0.1-py3.10.egg-info/SOURCES.txt
-- Up-to-date symlink: /home/vboxuser/Sentinel-AI/ros2_ws/install/sentinel_swarm/local/lib/python3.10/dist-packages/swarm_core-0.0.1-py3.10.egg-info/dependency_links.txt
-- Up-to-date symlink: /home/vboxuser/Sentinel-AI/ros2_ws/install/sentinel_swarm/local/lib/python3.10/dist-packages/swarm_core-0.0.1-py3.10.egg-info/top_level.txt
-- Up-to-date symlink: /home/vboxuser/Sentinel-AI/ros2_ws/install/sentinel_swarm/local/lib/python3.10/dist-packages/swarm_core/__init__.py
-- Up-to-date symlink: /home/vboxuser/Sentinel-AI/ros2_ws/install/sentinel_swarm/local/lib/python3.10/dist-packages/swarm_core/communication_layer.py
-- Up-to-date symlink: /home/vboxuser/Sentinel-AI/ros2_ws/install/sentinel_swarm/local/lib/python3.10/dist-packages/swarm_core/drone_controller.py
-- Up-to-date symlink: /home/vboxuser/Sentinel-AI/ros2_ws/install/sentinel_swarm/local/lib/python3.10/dist-packages/swarm_core/gazebo_bridge.py
-- Up-to-date symlink: /home/vboxuser/Sentinel-AI/ros2_ws/install/sentinel_swarm/local/lib/python3.10/dist-packages/swarm_core/math_utilities.py
-- Up-to-date symlink: /home/vboxuser/Sentinel-AI/ros2_ws/install/sentinel_swarm/local/lib/python3.10/dist-packages/swarm_core/mission_planner.py
-- Up-to-date symlink: /home/vboxuser/Sentinel-AI/ros2_ws/install/sentinel_swarm/local/lib/python3.10/dist-packages/swarm_core/swarm_coordinator.py
-- Up-to-date symlink: /home/vboxuser/Sentinel-AI/ros2_ws/install/sentinel_swarm/local/lib/python3.10/dist-packages/swarm_core/swarm_monitor.py
-- Up-to-date symlink: /home/vboxuser/Sentinel-AI/ros2_ws/install/sentinel_swarm/lib/sentinel_swarm/swarm_coordinator.py
-- Up-to-date symlink: /home/vboxuser/Sentinel-AI/ros2_ws/install/sentinel_swarm/lib/sentinel_swarm/mission_planner.py
-- Up-to-date symlink: /home/vboxuser/Sentinel-AI/ros2_ws/install/sentinel_swarm/lib/sentinel_swarm/drone_controller.py
-- Up-to-date symlink: /home/vboxuser/Sentinel-AI/ros2_ws/install/sentinel_swarm/lib/sentinel_swarm/swarm_monitor.py
-- Up-to-date symlink: /home/vboxuser/Sentinel-AI/ros2_ws/install/sentinel_swarm/lib/sentinel_swarm/gazebo_bridge.py
-- Up-to-date symlink: /home/vboxuser/Sentinel-AI/ros2_ws/install/sentinel_swarm/share/sentinel_swarm/config/swarm_config.yaml
-- Up-to-date symlink: /home/vboxuser/Sentinel-AI/ros2_ws/install/sentinel_swarm/share/sentinel_swarm/launch/swarm_launch.py
-- Up-to-date symlink: /home/vboxuser/Sentinel-AI/ros2_ws/install/sentinel_swarm/share/sentinel_swarm/gazebo/worlds/swarm_arena.world
-- Up-to-date symlink: /home/vboxuser/Sentinel-AI/ros2_ws/install/sentinel_swarm/share/ament_index/resource_index/package_run_dependencies/sentinel_swarm
-- Up-to-date symlink: /home/vboxuser/Sentinel-AI/ros2_ws/install/sentinel_swarm/share/ament_index/resource_index/parent_prefix_path/sentinel_swarm
-- Up-to-date symlink: /home/vboxuser/Sentinel-AI/ros2_ws/install/sentinel_swarm/share/sentinel_swarm/environment/ament_prefix_path.sh
-- Up-to-date symlink: /home/vboxuser/Sentinel-AI/ros2_ws/install/sentinel_swarm/share/sentinel_swarm/environment/ament_prefix_path.dsv
-- Up-to-date symlink: /home/vboxuser/Sentinel-AI/ros2_ws/install/sentinel_swarm/share/sentinel_swarm/environment/path.sh
-- Up-to-date symlink: /home/vboxuser/Sentinel-AI/ros2_ws/install/sentinel_swarm/share/sentinel_swarm/environment/path.dsv
-- Up-to-date symlink: /home/vboxuser/Sentinel-AI/ros2_ws/install/sentinel_swarm/share/sentinel_swarm/local_setup.bash
-- Up-to-date symlink: /home/vboxuser/Sentinel-AI/ros2_ws/install/sentinel_swarm/share/sentinel_swarm/local_setup.sh
-- Up-to-date symlink: /home/vboxuser/Sentinel-AI/ros2_ws/install/sentinel_swarm/share/sentinel_swarm/local_setup.zsh
-- Up-to-date symlink: /home/vboxuser/Sentinel-AI/ros2_ws/install/sentinel_swarm/share/sentinel_swarm/local_setup.dsv
-- Symlinking: /home/vboxuser/Sentinel-AI/ros2_ws/install/sentinel_swarm/share/sentinel_swarm/package.dsv
-- Up-to-date symlink: /home/vboxuser/Sentinel-AI/ros2_ws/install/sentinel_swarm/share/ament_index/resource_index/packages/sentinel_swarm
-- Up-to-date symlink: /home/vboxuser/Sentinel-AI/ros2_ws/install/sentinel_swarm/share/sentinel_swarm/cmake/rosidl_cmake-extras.cmake
-- Up-to-date symlink: /home/vboxuser/Sentinel-AI/ros2_ws/install/sentinel_swarm/share/sentinel_swarm/cmake/ament_cmake_export_dependencies-extras.cmake
-- Up-to-date symlink: /home/vboxuser/Sentinel-AI/ros2_ws/install/sentinel_swarm/share/sentinel_swarm/cmake/ament_cmake_export_include_directories-extras.cmake
-- Up-to-date symlink: /home/vboxuser/Sentinel-AI/ros2_ws/install/sentinel_swarm/share/sentinel_swarm/cmake/ament_cmake_export_libraries-extras.cmake
-- Up-to-date symlink: /home/vboxuser/Sentinel-AI/ros2_ws/install/sentinel_swarm/share/sentinel_swarm/cmake/ament_cmake_export_targets-extras.cmake
-- Up-to-date symlink: /home/vboxuser/Sentinel-AI/ros2_ws/install/sentinel_swarm/share/sentinel_swarm/cmake/rosidl_cmake_export_typesupport_targets-extras.cmake
-- Up-to-date symlink: /home/vboxuser/Sentinel-AI/ros2_ws/install/sentinel_swarm/share/sentinel_swarm/cmake/rosidl_cmake_export_typesupport_libraries-extras.cmake
-- Up-to-date symlink: /home/vboxuser/Sentinel-AI/ros2_ws/install/sentinel_swarm/share/sentinel_swarm/cmake/sentinel_swarmConfig.cmake
-- Up-to-date symlink: /home/vboxuser/Sentinel-AI/ros2_ws/install/sentinel_swarm/share/sentinel_swarm/cmake/sentinel_swarmConfig-version.cmake
-- Up-to-date symlink: /home/vboxuser/Sentinel-AI/ros2_ws/install/sentinel_swarm/share/sentinel_swarm/package.xml
-- Up-to-date: /home/vboxuser/Sentinel-AI/ros2_ws/install/sentinel_swarm/lib/libsentinel_swarm__rosidl_generator_c.so
-- Up-to-date: /home/vboxuser/Sentinel-AI/ros2_ws/install/sentinel_swarm/lib/libsentinel_swarm__rosidl_typesupport_fastrtps_c.so
-- Up-to-date: /home/vboxuser/Sentinel-AI/ros2_ws/install/sentinel_swarm/lib/libsentinel_swarm__rosidl_typesupport_introspection_c.so
-- Up-to-date: /home/vboxuser/Sentinel-AI/ros2_ws/install/sentinel_swarm/lib/libsentinel_swarm__rosidl_typesupport_c.so
-- Up-to-date: /home/vboxuser/Sentinel-AI/ros2_ws/install/sentinel_swarm/lib/libsentinel_swarm__rosidl_typesupport_fastrtps_cpp.so
-- Up-to-date: /home/vboxuser/Sentinel-AI/ros2_ws/install/sentinel_swarm/lib/libsentinel_swarm__rosidl_typesupport_introspection_cpp.so
-- Up-to-date: /home/vboxuser/Sentinel-AI/ros2_ws/install/sentinel_swarm/lib/libsentinel_swarm__rosidl_typesupport_cpp.so
Listing '/home/vboxuser/Sentinel-AI/ros2_ws/install/sentinel_swarm/local/lib/python3.10/dist-packages/sentinel_swarm'...
Listing '/home/vboxuser/Sentinel-AI/ros2_ws/install/sentinel_swarm/local/lib/python3.10/dist-packages/sentinel_swarm/msg'...
-- Up-to-date: /home/vboxuser/Sentinel-AI/ros2_ws/install/sentinel_swarm/lib/libsentinel_swarm__rosidl_generator_py.so
Listing '/home/vboxuser/Sentinel-AI/ros2_ws/install/sentinel_swarm/local/lib/python3.10/dist-packages/swarm_core'...
-- Up-to-date: /home/vboxuser/Sentinel-AI/ros2_ws/install/sentinel_swarm/share/sentinel_swarm/cmake/export_sentinel_swarm__rosidl_generator_cExport.cmake
-- Up-to-date: /home/vboxuser/Sentinel-AI/ros2_ws/install/sentinel_swarm/share/sentinel_swarm/cmake/export_sentinel_swarm__rosidl_generator_cExport-noconfig.cmake
-- Up-to-date: /home/vboxuser/Sentinel-AI/ros2_ws/install/sentinel_swarm/share/sentinel_swarm/cmake/export_sentinel_swarm__rosidl_typesupport_fastrtps_cExport.cmake
-- Up-to-date: /home/vboxuser/Sentinel-AI/ros2_ws/install/sentinel_swarm/share/sentinel_swarm/cmake/export_sentinel_swarm__rosidl_typesupport_fastrtps_cExport-noconfig.cmake
-- Up-to-date: /home/vboxuser/Sentinel-AI/ros2_ws/install/sentinel_swarm/share/sentinel_swarm/cmake/sentinel_swarm__rosidl_typesupport_introspection_cExport.cmake
-- Up-to-date: /home/vboxuser/Sentinel-AI/ros2_ws/install/sentinel_swarm/share/sentinel_swarm/cmake/sentinel_swarm__rosidl_typesupport_introspection_cExport-noconfig.cmake
-- Up-to-date: /home/vboxuser/Sentinel-AI/ros2_ws/install/sentinel_swarm/share/sentinel_swarm/cmake/sentinel_swarm__rosidl_typesupport_cExport.cmake
-- Up-to-date: /home/vboxuser/Sentinel-AI/ros2_ws/install/sentinel_swarm/share/sentinel_swarm/cmake/sentinel_swarm__rosidl_typesupport_cExport-noconfig.cmake
-- Up-to-date: /home/vboxuser/Sentinel-AI/ros2_ws/install/sentinel_swarm/share/sentinel_swarm/cmake/export_sentinel_swarm__rosidl_generator_cppExport.cmake
-- Up-to-date: /home/vboxuser/Sentinel-AI/ros2_ws/install/sentinel_swarm/share/sentinel_swarm/cmake/export_sentinel_swarm__rosidl_typesupport_fastrtps_cppExport.cmake
-- Up-to-date: /home/vboxuser/Sentinel-AI/ros2_ws/install/sentinel_swarm/share/sentinel_swarm/cmake/export_sentinel_swarm__rosidl_typesupport_fastrtps_cppExport-noconfig.cmake
-- Up-to-date: /home/vboxuser/Sentinel-AI/ros2_ws/install/sentinel_swarm/share/sentinel_swarm/cmake/sentinel_swarm__rosidl_typesupport_introspection_cppExport.cmake
-- Up-to-date: /home/vboxuser/Sentinel-AI/ros2_ws/install/sentinel_swarm/share/sentinel_swarm/cmake/sentinel_swarm__rosidl_typesupport_introspection_cppExport-noconfig.cmake
-- Up-to-date: /home/vboxuser/Sentinel-AI/ros2_ws/install/sentinel_swarm/share/sentinel_swarm/cmake/sentinel_swarm__rosidl_typesupport_cppExport.cmake
-- Up-to-date: /home/vboxuser/Sentinel-AI/ros2_ws/install/sentinel_swarm/share/sentinel_swarm/cmake/sentinel_swarm__rosidl_typesupport_cppExport-noconfig.cmake
-- Up-to-date: /home/vboxuser/Sentinel-AI/ros2_ws/install/sentinel_swarm/share/sentinel_swarm/cmake/export_sentinel_swarm__rosidl_generator_pyExport.cmake
-- Up-to-date: /home/vboxuser/Sentinel-AI/ros2_ws/install/sentinel_swarm/share/sentinel_swarm/cmake/export_sentinel_swarm__rosidl_generator_pyExport-noconfig.cmake
