[0.933s] DEBUG:colcon:Command line arguments: ['/usr/bin/colcon', 'build', '--symlink-install']
[0.934s] DEBUG:colcon:Parsed command line arguments: Namespace(log_base=None, log_level=None, verb_name='build', build_base='build', install_base='install', merge_install=False, symlink_install=True, test_result_base=None, continue_on_error=False, executor='parallel', parallel_workers=10, event_handlers=None, ignore_user_meta=False, metas=['./colcon.meta'], base_paths=['.'], packages_ignore=None, packages_ignore_regex=None, paths=None, packages_up_to=None, packages_up_to_regex=None, packages_above=None, packages_above_and_dependencies=None, packages_above_depth=None, packages_select_by_dep=None, packages_skip_by_dep=None, packages_skip_up_to=None, packages_select_build_failed=False, packages_skip_build_finished=False, packages_select_test_failures=False, packages_skip_test_passed=False, packages_select=None, packages_skip=None, packages_select_regex=None, packages_skip_regex=None, packages_start=None, packages_end=None, allow_overriding=[], cmake_args=None, cmake_target=None, cmake_target_skip_unavailable=False, cmake_clean_cache=False, cmake_clean_first=False, cmake_force_configure=False, ament_cmake_args=None, catkin_cmake_args=None, catkin_skip_building_tests=False, mixin_files=None, mixin=None, verb_parser=<colcon_mixin.mixin.mixin_argument.MixinArgumentDecorator object at 0x76113c53e830>, verb_extension=<colcon_core.verb.build.BuildVerb object at 0x76113c53dd20>, main=<bound method BuildVerb.main of <colcon_core.verb.build.BuildVerb object at 0x76113c53dd20>>, mixin_verb=('build',))
[2.322s] Level 1:colcon.colcon_core.package_discovery:discover_packages(colcon_meta) check parameters
[2.326s] Level 1:colcon.colcon_core.package_discovery:discover_packages(recursive) check parameters
[2.332s] Level 1:colcon.colcon_core.package_discovery:discover_packages(ignore) check parameters
[2.332s] Level 1:colcon.colcon_core.package_discovery:discover_packages(path) check parameters
[2.332s] Level 1:colcon.colcon_core.package_discovery:discover_packages(colcon_meta) discover
[2.333s] Level 1:colcon.colcon_core.package_discovery:discover_packages(recursive) discover
[2.333s] INFO:colcon.colcon_core.package_discovery:Crawling recursively for packages in '/home/vboxuser/Sentinel-AI/ros2_ws'
[2.333s] Level 1:colcon.colcon_core.package_identification:_identify(.) by extensions ['ignore', 'ignore_ament_install']
[2.333s] Level 1:colcon.colcon_core.package_identification:_identify(.) by extension 'ignore'
[2.335s] Level 1:colcon.colcon_core.package_identification:_identify(.) by extension 'ignore_ament_install'
[2.341s] Level 1:colcon.colcon_core.package_identification:_identify(.) by extensions ['colcon_pkg']
[2.341s] Level 1:colcon.colcon_core.package_identification:_identify(.) by extension 'colcon_pkg'
[2.341s] Level 1:colcon.colcon_core.package_identification:_identify(.) by extensions ['colcon_meta']
[2.341s] Level 1:colcon.colcon_core.package_identification:_identify(.) by extension 'colcon_meta'
[2.342s] Level 1:colcon.colcon_core.package_identification:_identify(.) by extensions ['ros']
[2.342s] Level 1:colcon.colcon_core.package_identification:_identify(.) by extension 'ros'
[2.572s] Level 1:colcon.colcon_core.package_identification:_identify(.) by extensions ['cmake', 'python']
[2.572s] Level 1:colcon.colcon_core.package_identification:_identify(.) by extension 'cmake'
[2.572s] Level 1:colcon.colcon_core.package_identification:_identify(.) by extension 'python'
[2.572s] Level 1:colcon.colcon_core.package_identification:_identify(.) by extensions ['python_setup_py']
[2.572s] Level 1:colcon.colcon_core.package_identification:_identify(.) by extension 'python_setup_py'
[2.584s] Level 1:colcon.colcon_core.package_identification:_identify(build) by extensions ['ignore', 'ignore_ament_install']
[2.586s] Level 1:colcon.colcon_core.package_identification:_identify(build) by extension 'ignore'
[2.590s] Level 1:colcon.colcon_core.package_identification:_identify(build) ignored
[2.601s] Level 1:colcon.colcon_core.package_identification:_identify(install) by extensions ['ignore', 'ignore_ament_install']
[2.606s] Level 1:colcon.colcon_core.package_identification:_identify(install) by extension 'ignore'
[2.610s] Level 1:colcon.colcon_core.package_identification:_identify(install) ignored
[2.618s] Level 1:colcon.colcon_core.package_identification:_identify(log) by extensions ['ignore', 'ignore_ament_install']
[2.618s] Level 1:colcon.colcon_core.package_identification:_identify(log) by extension 'ignore'
[2.620s] Level 1:colcon.colcon_core.package_identification:_identify(log) ignored
[2.620s] Level 1:colcon.colcon_core.package_identification:_identify(src) by extensions ['ignore', 'ignore_ament_install']
[2.621s] Level 1:colcon.colcon_core.package_identification:_identify(src) by extension 'ignore'
[2.621s] Level 1:colcon.colcon_core.package_identification:_identify(src) by extension 'ignore_ament_install'
[2.621s] Level 1:colcon.colcon_core.package_identification:_identify(src) by extensions ['colcon_pkg']
[2.621s] Level 1:colcon.colcon_core.package_identification:_identify(src) by extension 'colcon_pkg'
[2.621s] Level 1:colcon.colcon_core.package_identification:_identify(src) by extensions ['colcon_meta']
[2.621s] Level 1:colcon.colcon_core.package_identification:_identify(src) by extension 'colcon_meta'
[2.621s] Level 1:colcon.colcon_core.package_identification:_identify(src) by extensions ['ros']
[2.621s] Level 1:colcon.colcon_core.package_identification:_identify(src) by extension 'ros'
[2.621s] Level 1:colcon.colcon_core.package_identification:_identify(src) by extensions ['cmake', 'python']
[2.621s] Level 1:colcon.colcon_core.package_identification:_identify(src) by extension 'cmake'
[2.621s] Level 1:colcon.colcon_core.package_identification:_identify(src) by extension 'python'
[2.621s] Level 1:colcon.colcon_core.package_identification:_identify(src) by extensions ['python_setup_py']
[2.621s] Level 1:colcon.colcon_core.package_identification:_identify(src) by extension 'python_setup_py'
[2.624s] Level 1:colcon.colcon_core.package_identification:_identify(src/sentinel_swarm) by extensions ['ignore', 'ignore_ament_install']
[2.624s] Level 1:colcon.colcon_core.package_identification:_identify(src/sentinel_swarm) by extension 'ignore'
[2.624s] Level 1:colcon.colcon_core.package_identification:_identify(src/sentinel_swarm) by extension 'ignore_ament_install'
[2.624s] Level 1:colcon.colcon_core.package_identification:_identify(src/sentinel_swarm) by extensions ['colcon_pkg']
[2.624s] Level 1:colcon.colcon_core.package_identification:_identify(src/sentinel_swarm) by extension 'colcon_pkg'
[2.624s] Level 1:colcon.colcon_core.package_identification:_identify(src/sentinel_swarm) by extensions ['colcon_meta']
[2.624s] Level 1:colcon.colcon_core.package_identification:_identify(src/sentinel_swarm) by extension 'colcon_meta'
[2.624s] Level 1:colcon.colcon_core.package_identification:_identify(src/sentinel_swarm) by extensions ['ros']
[2.624s] Level 1:colcon.colcon_core.package_identification:_identify(src/sentinel_swarm) by extension 'ros'
[2.634s] DEBUG:colcon.colcon_core.package_identification:Package 'src/sentinel_swarm' with type 'ros.ament_cmake' and name 'sentinel_swarm'
[2.634s] Level 1:colcon.colcon_core.package_discovery:discover_packages(recursive) using defaults
[2.634s] Level 1:colcon.colcon_core.package_discovery:discover_packages(ignore) discover
[2.634s] Level 1:colcon.colcon_core.package_discovery:discover_packages(ignore) using defaults
[2.634s] Level 1:colcon.colcon_core.package_discovery:discover_packages(path) discover
[2.634s] Level 1:colcon.colcon_core.package_discovery:discover_packages(path) using defaults
[2.844s] Level 1:colcon.colcon_core.package_discovery:discover_packages(prefix_path) check parameters
[2.848s] Level 1:colcon.colcon_core.package_discovery:discover_packages(prefix_path) discover
[2.853s] DEBUG:colcon.colcon_installed_package_information.package_discovery:Found 1 installed packages in /home/vboxuser/Sentinel-AI/ros2_ws/install
[2.854s] DEBUG:colcon.colcon_installed_package_information.package_discovery:Found 280 installed packages in /opt/ros/humble
[2.857s] Level 1:colcon.colcon_core.package_discovery:discover_packages(prefix_path) using defaults
[3.101s] Level 5:colcon.colcon_core.verb:set package 'sentinel_swarm' build argument 'cmake_args' from command line to 'None'
[3.108s] Level 5:colcon.colcon_core.verb:set package 'sentinel_swarm' build argument 'cmake_target' from command line to 'None'
[3.127s] Level 5:colcon.colcon_core.verb:set package 'sentinel_swarm' build argument 'cmake_target_skip_unavailable' from command line to 'False'
[3.127s] Level 5:colcon.colcon_core.verb:set package 'sentinel_swarm' build argument 'cmake_clean_cache' from command line to 'False'
[3.127s] Level 5:colcon.colcon_core.verb:set package 'sentinel_swarm' build argument 'cmake_clean_first' from command line to 'False'
[3.128s] Level 5:colcon.colcon_core.verb:set package 'sentinel_swarm' build argument 'cmake_force_configure' from command line to 'False'
[3.128s] Level 5:colcon.colcon_core.verb:set package 'sentinel_swarm' build argument 'ament_cmake_args' from command line to 'None'
[3.128s] Level 5:colcon.colcon_core.verb:set package 'sentinel_swarm' build argument 'catkin_cmake_args' from command line to 'None'
[3.128s] Level 5:colcon.colcon_core.verb:set package 'sentinel_swarm' build argument 'catkin_skip_building_tests' from command line to 'False'
[3.128s] DEBUG:colcon.colcon_core.verb:Building package 'sentinel_swarm' with the following arguments: {'ament_cmake_args': None, 'build_base': '/home/vboxuser/Sentinel-AI/ros2_ws/build/sentinel_swarm', 'catkin_cmake_args': None, 'catkin_skip_building_tests': False, 'cmake_args': None, 'cmake_clean_cache': False, 'cmake_clean_first': False, 'cmake_force_configure': False, 'cmake_target': None, 'cmake_target_skip_unavailable': False, 'install_base': '/home/vboxuser/Sentinel-AI/ros2_ws/install/sentinel_swarm', 'merge_install': False, 'path': '/home/vboxuser/Sentinel-AI/ros2_ws/src/sentinel_swarm', 'symlink_install': True, 'test_result_base': None}
[3.128s] INFO:colcon.colcon_core.executor:Executing jobs using 'parallel' executor
[3.237s] DEBUG:colcon.colcon_parallel_executor.executor.parallel:run_until_complete
[3.241s] INFO:colcon.colcon_ros.task.ament_cmake.build:Building ROS package in '/home/vboxuser/Sentinel-AI/ros2_ws/src/sentinel_swarm' with build type 'ament_cmake'
[3.243s] INFO:colcon.colcon_cmake.task.cmake.build:Building CMake package in '/home/vboxuser/Sentinel-AI/ros2_ws/src/sentinel_swarm'
[3.295s] INFO:colcon.colcon_core.plugin_system:Skipping extension 'colcon_core.shell.bat': Not used on non-Windows systems
[3.311s] INFO:colcon.colcon_core.shell:Skip shell extension 'powershell' for command environment: Not usable outside of PowerShell
[3.313s] DEBUG:colcon.colcon_core.shell:Skip shell extension 'dsv' for command environment
[3.671s] DEBUG:colcon.colcon_core.event_handler.log_command:Invoking command in '/home/vboxuser/Sentinel-AI/ros2_ws/build/sentinel_swarm': CMAKE_PREFIX_PATH=${CMAKE_PREFIX_PATH}:/opt/ros/humble /usr/bin/cmake --build /home/vboxuser/Sentinel-AI/ros2_ws/build/sentinel_swarm -- -j10 -l10
[18.564s] DEBUG:colcon.colcon_core.event_handler.log_command:Invoked command in '/home/vboxuser/Sentinel-AI/ros2_ws/build/sentinel_swarm' returned '0': CMAKE_PREFIX_PATH=${CMAKE_PREFIX_PATH}:/opt/ros/humble /usr/bin/cmake --build /home/vboxuser/Sentinel-AI/ros2_ws/build/sentinel_swarm -- -j10 -l10
[18.794s] DEBUG:colcon.colcon_core.event_handler.log_command:Invoking command in '/home/vboxuser/Sentinel-AI/ros2_ws/build/sentinel_swarm': CMAKE_PREFIX_PATH=${CMAKE_PREFIX_PATH}:/opt/ros/humble /usr/bin/cmake --install /home/vboxuser/Sentinel-AI/ros2_ws/build/sentinel_swarm
[21.298s] Level 1:colcon.colcon_core.environment:create_environment_scripts_only(sentinel_swarm)
[21.321s] Level 1:colcon.colcon_core.environment:checking '/home/vboxuser/Sentinel-AI/ros2_ws/install/sentinel_swarm' for CMake module files
[21.331s] Level 1:colcon.colcon_core.environment:checking '/home/vboxuser/Sentinel-AI/ros2_ws/install/sentinel_swarm' for CMake config files
[21.368s] DEBUG:colcon.colcon_core.event_handler.log_command:Invoked command in '/home/vboxuser/Sentinel-AI/ros2_ws/build/sentinel_swarm' returned '0': CMAKE_PREFIX_PATH=${CMAKE_PREFIX_PATH}:/opt/ros/humble /usr/bin/cmake --install /home/vboxuser/Sentinel-AI/ros2_ws/build/sentinel_swarm
[21.391s] Level 1:colcon.colcon_core.shell:create_environment_hook('sentinel_swarm', 'cmake_prefix_path')
[21.400s] INFO:colcon.colcon_core.shell:Creating environment hook '/home/vboxuser/Sentinel-AI/ros2_ws/install/sentinel_swarm/share/sentinel_swarm/hook/cmake_prefix_path.ps1'
[21.421s] INFO:colcon.colcon_core.shell:Creating environment descriptor '/home/vboxuser/Sentinel-AI/ros2_ws/install/sentinel_swarm/share/sentinel_swarm/hook/cmake_prefix_path.dsv'
[21.444s] INFO:colcon.colcon_core.shell:Creating environment hook '/home/vboxuser/Sentinel-AI/ros2_ws/install/sentinel_swarm/share/sentinel_swarm/hook/cmake_prefix_path.sh'
[21.478s] Level 1:colcon.colcon_core.environment:checking '/home/vboxuser/Sentinel-AI/ros2_ws/install/sentinel_swarm/lib'
[21.486s] Level 1:colcon.colcon_core.shell:create_environment_hook('sentinel_swarm', 'ld_library_path_lib')
[21.509s] INFO:colcon.colcon_core.shell:Creating environment hook '/home/vboxuser/Sentinel-AI/ros2_ws/install/sentinel_swarm/share/sentinel_swarm/hook/ld_library_path_lib.ps1'
[21.534s] INFO:colcon.colcon_core.shell:Creating environment descriptor '/home/vboxuser/Sentinel-AI/ros2_ws/install/sentinel_swarm/share/sentinel_swarm/hook/ld_library_path_lib.dsv'
[21.546s] INFO:colcon.colcon_core.shell:Creating environment hook '/home/vboxuser/Sentinel-AI/ros2_ws/install/sentinel_swarm/share/sentinel_swarm/hook/ld_library_path_lib.sh'
[21.557s] Level 1:colcon.colcon_core.environment:checking '/home/vboxuser/Sentinel-AI/ros2_ws/install/sentinel_swarm/bin'
[21.559s] Level 1:colcon.colcon_core.environment:checking '/home/vboxuser/Sentinel-AI/ros2_ws/install/sentinel_swarm/lib/pkgconfig/sentinel_swarm.pc'
[21.560s] Level 1:colcon.colcon_core.environment:checking '/home/vboxuser/Sentinel-AI/ros2_ws/install/sentinel_swarm/lib/python3.10/site-packages'
[21.560s] Level 1:colcon.colcon_core.environment:checking '/home/vboxuser/Sentinel-AI/ros2_ws/install/sentinel_swarm/bin'
[21.560s] INFO:colcon.colcon_core.shell:Creating package script '/home/vboxuser/Sentinel-AI/ros2_ws/install/sentinel_swarm/share/sentinel_swarm/package.ps1'
[21.586s] INFO:colcon.colcon_core.shell:Creating package descriptor '/home/vboxuser/Sentinel-AI/ros2_ws/install/sentinel_swarm/share/sentinel_swarm/package.dsv'
[21.600s] INFO:colcon.colcon_core.shell:Creating package script '/home/vboxuser/Sentinel-AI/ros2_ws/install/sentinel_swarm/share/sentinel_swarm/package.sh'
[21.608s] INFO:colcon.colcon_core.shell:Creating package script '/home/vboxuser/Sentinel-AI/ros2_ws/install/sentinel_swarm/share/sentinel_swarm/package.bash'
[21.637s] INFO:colcon.colcon_core.shell:Creating package script '/home/vboxuser/Sentinel-AI/ros2_ws/install/sentinel_swarm/share/sentinel_swarm/package.zsh'
[21.650s] Level 1:colcon.colcon_core.environment:create_file_with_runtime_dependencies(/home/vboxuser/Sentinel-AI/ros2_ws/install/sentinel_swarm/share/colcon-core/packages/sentinel_swarm)
[21.665s] Level 1:colcon.colcon_core.environment:create_environment_scripts_only(sentinel_swarm)
[21.684s] Level 1:colcon.colcon_core.environment:checking '/home/vboxuser/Sentinel-AI/ros2_ws/install/sentinel_swarm' for CMake module files
[21.697s] Level 1:colcon.colcon_core.environment:checking '/home/vboxuser/Sentinel-AI/ros2_ws/install/sentinel_swarm' for CMake config files
[21.709s] Level 1:colcon.colcon_core.shell:create_environment_hook('sentinel_swarm', 'cmake_prefix_path')
[21.724s] INFO:colcon.colcon_core.shell:Creating environment hook '/home/vboxuser/Sentinel-AI/ros2_ws/install/sentinel_swarm/share/sentinel_swarm/hook/cmake_prefix_path.ps1'
[21.728s] INFO:colcon.colcon_core.shell:Creating environment descriptor '/home/vboxuser/Sentinel-AI/ros2_ws/install/sentinel_swarm/share/sentinel_swarm/hook/cmake_prefix_path.dsv'
[21.762s] INFO:colcon.colcon_core.shell:Creating environment hook '/home/vboxuser/Sentinel-AI/ros2_ws/install/sentinel_swarm/share/sentinel_swarm/hook/cmake_prefix_path.sh'
[21.776s] Level 1:colcon.colcon_core.environment:checking '/home/vboxuser/Sentinel-AI/ros2_ws/install/sentinel_swarm/lib'
[21.776s] Level 1:colcon.colcon_core.shell:create_environment_hook('sentinel_swarm', 'ld_library_path_lib')
[21.783s] INFO:colcon.colcon_core.shell:Creating environment hook '/home/vboxuser/Sentinel-AI/ros2_ws/install/sentinel_swarm/share/sentinel_swarm/hook/ld_library_path_lib.ps1'
[21.798s] INFO:colcon.colcon_core.shell:Creating environment descriptor '/home/vboxuser/Sentinel-AI/ros2_ws/install/sentinel_swarm/share/sentinel_swarm/hook/ld_library_path_lib.dsv'
[21.827s] INFO:colcon.colcon_core.shell:Creating environment hook '/home/vboxuser/Sentinel-AI/ros2_ws/install/sentinel_swarm/share/sentinel_swarm/hook/ld_library_path_lib.sh'
[21.847s] Level 1:colcon.colcon_core.environment:checking '/home/vboxuser/Sentinel-AI/ros2_ws/install/sentinel_swarm/bin'
[21.858s] Level 1:colcon.colcon_core.environment:checking '/home/vboxuser/Sentinel-AI/ros2_ws/install/sentinel_swarm/lib/pkgconfig/sentinel_swarm.pc'
[21.865s] Level 1:colcon.colcon_core.environment:checking '/home/vboxuser/Sentinel-AI/ros2_ws/install/sentinel_swarm/lib/python3.10/site-packages'
[21.866s] Level 1:colcon.colcon_core.environment:checking '/home/vboxuser/Sentinel-AI/ros2_ws/install/sentinel_swarm/bin'
[21.866s] INFO:colcon.colcon_core.shell:Creating package script '/home/vboxuser/Sentinel-AI/ros2_ws/install/sentinel_swarm/share/sentinel_swarm/package.ps1'
[21.889s] INFO:colcon.colcon_core.shell:Creating package descriptor '/home/vboxuser/Sentinel-AI/ros2_ws/install/sentinel_swarm/share/sentinel_swarm/package.dsv'
[21.900s] INFO:colcon.colcon_core.shell:Creating package script '/home/vboxuser/Sentinel-AI/ros2_ws/install/sentinel_swarm/share/sentinel_swarm/package.sh'
[21.925s] INFO:colcon.colcon_core.shell:Creating package script '/home/vboxuser/Sentinel-AI/ros2_ws/install/sentinel_swarm/share/sentinel_swarm/package.bash'
[21.943s] INFO:colcon.colcon_core.shell:Creating package script '/home/vboxuser/Sentinel-AI/ros2_ws/install/sentinel_swarm/share/sentinel_swarm/package.zsh'
[21.951s] Level 1:colcon.colcon_core.environment:create_file_with_runtime_dependencies(/home/vboxuser/Sentinel-AI/ros2_ws/install/sentinel_swarm/share/colcon-core/packages/sentinel_swarm)
[21.978s] DEBUG:colcon.colcon_parallel_executor.executor.parallel:closing loop
[21.989s] DEBUG:colcon.colcon_parallel_executor.executor.parallel:loop closed
[21.991s] DEBUG:colcon.colcon_parallel_executor.executor.parallel:run_until_complete finished with '0'
[22.001s] DEBUG:colcon.colcon_core.event_reactor:joining thread
[22.068s] INFO:colcon.colcon_core.plugin_system:Skipping extension 'colcon_notification.desktop_notification.terminal_notifier': Not used on non-Darwin systems
[22.068s] INFO:colcon.colcon_core.plugin_system:Skipping extension 'colcon_notification.desktop_notification.win32': Not used on non-Windows systems
[22.068s] INFO:colcon.colcon_notification.desktop_notification:Sending desktop notification using 'notify2'
[22.500s] DEBUG:colcon.colcon_core.event_reactor:joined thread
[22.503s] INFO:colcon.colcon_core.shell:Creating prefix script '/home/vboxuser/Sentinel-AI/ros2_ws/install/local_setup.ps1'
[22.518s] INFO:colcon.colcon_core.shell:Creating prefix util module '/home/vboxuser/Sentinel-AI/ros2_ws/install/_local_setup_util_ps1.py'
[22.559s] INFO:colcon.colcon_core.shell:Creating prefix chain script '/home/vboxuser/Sentinel-AI/ros2_ws/install/setup.ps1'
[22.587s] INFO:colcon.colcon_core.shell:Creating prefix script '/home/vboxuser/Sentinel-AI/ros2_ws/install/local_setup.sh'
[22.614s] INFO:colcon.colcon_core.shell:Creating prefix util module '/home/vboxuser/Sentinel-AI/ros2_ws/install/_local_setup_util_sh.py'
[22.628s] INFO:colcon.colcon_core.shell:Creating prefix chain script '/home/vboxuser/Sentinel-AI/ros2_ws/install/setup.sh'
[22.653s] INFO:colcon.colcon_core.shell:Creating prefix script '/home/vboxuser/Sentinel-AI/ros2_ws/install/local_setup.bash'
[22.677s] INFO:colcon.colcon_core.shell:Creating prefix chain script '/home/vboxuser/Sentinel-AI/ros2_ws/install/setup.bash'
[22.721s] INFO:colcon.colcon_core.shell:Creating prefix script '/home/vboxuser/Sentinel-AI/ros2_ws/install/local_setup.zsh'
[22.731s] INFO:colcon.colcon_core.shell:Creating prefix chain script '/home/vboxuser/Sentinel-AI/ros2_ws/install/setup.zsh'
