[1.260s] DEBUG:colcon:Command line arguments: ['/usr/bin/colcon', 'build', '--symlink-install']
[1.265s] DEBUG:colcon:Parsed command line arguments: Namespace(log_base=None, log_level=None, verb_name='build', build_base='build', install_base='install', merge_install=False, symlink_install=True, test_result_base=None, continue_on_error=False, executor='parallel', parallel_workers=10, event_handlers=None, ignore_user_meta=False, metas=['./colcon.meta'], base_paths=['.'], packages_ignore=None, packages_ignore_regex=None, paths=None, packages_up_to=None, packages_up_to_regex=None, packages_above=None, packages_above_and_dependencies=None, packages_above_depth=None, packages_select_by_dep=None, packages_skip_by_dep=None, packages_skip_up_to=None, packages_select_build_failed=False, packages_skip_build_finished=False, packages_select_test_failures=False, packages_skip_test_passed=False, packages_select=None, packages_skip=None, packages_select_regex=None, packages_skip_regex=None, packages_start=None, packages_end=None, allow_overriding=[], cmake_args=None, cmake_target=None, cmake_target_skip_unavailable=False, cmake_clean_cache=False, cmake_clean_first=False, cmake_force_configure=False, ament_cmake_args=None, catkin_cmake_args=None, catkin_skip_building_tests=False, mixin_files=None, mixin=None, verb_parser=<colcon_mixin.mixin.mixin_argument.MixinArgumentDecorator object at 0x7866bbc6a5f0>, verb_extension=<colcon_core.verb.build.BuildVerb object at 0x7866bbc69ab0>, main=<bound method BuildVerb.main of <colcon_core.verb.build.BuildVerb object at 0x7866bbc69ab0>>, mixin_verb=('build',))
[3.127s] Level 1:colcon.colcon_core.package_discovery:discover_packages(colcon_meta) check parameters
[3.129s] Level 1:colcon.colcon_core.package_discovery:discover_packages(recursive) check parameters
[3.129s] Level 1:colcon.colcon_core.package_discovery:discover_packages(ignore) check parameters
[3.129s] Level 1:colcon.colcon_core.package_discovery:discover_packages(path) check parameters
[3.129s] Level 1:colcon.colcon_core.package_discovery:discover_packages(colcon_meta) discover
[3.129s] Level 1:colcon.colcon_core.package_discovery:discover_packages(recursive) discover
[3.129s] INFO:colcon.colcon_core.package_discovery:Crawling recursively for packages in '/home/vboxuser/Sentinel-AI/ros2_ws'
[3.129s] Level 1:colcon.colcon_core.package_identification:_identify(.) by extensions ['ignore', 'ignore_ament_install']
[3.134s] Level 1:colcon.colcon_core.package_identification:_identify(.) by extension 'ignore'
[3.134s] Level 1:colcon.colcon_core.package_identification:_identify(.) by extension 'ignore_ament_install'
[3.134s] Level 1:colcon.colcon_core.package_identification:_identify(.) by extensions ['colcon_pkg']
[3.134s] Level 1:colcon.colcon_core.package_identification:_identify(.) by extension 'colcon_pkg'
[3.134s] Level 1:colcon.colcon_core.package_identification:_identify(.) by extensions ['colcon_meta']
[3.134s] Level 1:colcon.colcon_core.package_identification:_identify(.) by extension 'colcon_meta'
[3.134s] Level 1:colcon.colcon_core.package_identification:_identify(.) by extensions ['ros']
[3.137s] Level 1:colcon.colcon_core.package_identification:_identify(.) by extension 'ros'
[3.421s] Level 1:colcon.colcon_core.package_identification:_identify(.) by extensions ['cmake', 'python']
[3.428s] Level 1:colcon.colcon_core.package_identification:_identify(.) by extension 'cmake'
[3.428s] Level 1:colcon.colcon_core.package_identification:_identify(.) by extension 'python'
[3.434s] Level 1:colcon.colcon_core.package_identification:_identify(.) by extensions ['python_setup_py']
[3.438s] Level 1:colcon.colcon_core.package_identification:_identify(.) by extension 'python_setup_py'
[3.440s] Level 1:colcon.colcon_core.package_identification:_identify(build) by extensions ['ignore', 'ignore_ament_install']
[3.440s] Level 1:colcon.colcon_core.package_identification:_identify(build) by extension 'ignore'
[3.445s] Level 1:colcon.colcon_core.package_identification:_identify(build) ignored
[3.452s] Level 1:colcon.colcon_core.package_identification:_identify(install) by extensions ['ignore', 'ignore_ament_install']
[3.462s] Level 1:colcon.colcon_core.package_identification:_identify(install) by extension 'ignore'
[3.462s] Level 1:colcon.colcon_core.package_identification:_identify(install) ignored
[3.462s] Level 1:colcon.colcon_core.package_identification:_identify(log) by extensions ['ignore', 'ignore_ament_install']
[3.464s] Level 1:colcon.colcon_core.package_identification:_identify(log) by extension 'ignore'
[3.470s] Level 1:colcon.colcon_core.package_identification:_identify(log) ignored
[3.470s] Level 1:colcon.colcon_core.package_identification:_identify(src) by extensions ['ignore', 'ignore_ament_install']
[3.470s] Level 1:colcon.colcon_core.package_identification:_identify(src) by extension 'ignore'
[3.470s] Level 1:colcon.colcon_core.package_identification:_identify(src) by extension 'ignore_ament_install'
[3.470s] Level 1:colcon.colcon_core.package_identification:_identify(src) by extensions ['colcon_pkg']
[3.470s] Level 1:colcon.colcon_core.package_identification:_identify(src) by extension 'colcon_pkg'
[3.473s] Level 1:colcon.colcon_core.package_identification:_identify(src) by extensions ['colcon_meta']
[3.473s] Level 1:colcon.colcon_core.package_identification:_identify(src) by extension 'colcon_meta'
[3.473s] Level 1:colcon.colcon_core.package_identification:_identify(src) by extensions ['ros']
[3.473s] Level 1:colcon.colcon_core.package_identification:_identify(src) by extension 'ros'
[3.475s] Level 1:colcon.colcon_core.package_identification:_identify(src) by extensions ['cmake', 'python']
[3.475s] Level 1:colcon.colcon_core.package_identification:_identify(src) by extension 'cmake'
[3.475s] Level 1:colcon.colcon_core.package_identification:_identify(src) by extension 'python'
[3.475s] Level 1:colcon.colcon_core.package_identification:_identify(src) by extensions ['python_setup_py']
[3.475s] Level 1:colcon.colcon_core.package_identification:_identify(src) by extension 'python_setup_py'
[3.478s] Level 1:colcon.colcon_core.package_identification:_identify(src/sentinel_swarm) by extensions ['ignore', 'ignore_ament_install']
[3.481s] Level 1:colcon.colcon_core.package_identification:_identify(src/sentinel_swarm) by extension 'ignore'
[3.482s] Level 1:colcon.colcon_core.package_identification:_identify(src/sentinel_swarm) by extension 'ignore_ament_install'
[3.482s] Level 1:colcon.colcon_core.package_identification:_identify(src/sentinel_swarm) by extensions ['colcon_pkg']
[3.489s] Level 1:colcon.colcon_core.package_identification:_identify(src/sentinel_swarm) by extension 'colcon_pkg'
[3.496s] Level 1:colcon.colcon_core.package_identification:_identify(src/sentinel_swarm) by extensions ['colcon_meta']
[3.496s] Level 1:colcon.colcon_core.package_identification:_identify(src/sentinel_swarm) by extension 'colcon_meta'
[3.496s] Level 1:colcon.colcon_core.package_identification:_identify(src/sentinel_swarm) by extensions ['ros']
[3.496s] Level 1:colcon.colcon_core.package_identification:_identify(src/sentinel_swarm) by extension 'ros'
[3.527s] DEBUG:colcon.colcon_core.package_identification:Package 'src/sentinel_swarm' with type 'ros.ament_cmake' and name 'sentinel_swarm'
[3.537s] Level 1:colcon.colcon_core.package_discovery:discover_packages(recursive) using defaults
[3.541s] Level 1:colcon.colcon_core.package_discovery:discover_packages(ignore) discover
[3.541s] Level 1:colcon.colcon_core.package_discovery:discover_packages(ignore) using defaults
[3.541s] Level 1:colcon.colcon_core.package_discovery:discover_packages(path) discover
[3.541s] Level 1:colcon.colcon_core.package_discovery:discover_packages(path) using defaults
[3.820s] Level 1:colcon.colcon_core.package_discovery:discover_packages(prefix_path) check parameters
[3.821s] Level 1:colcon.colcon_core.package_discovery:discover_packages(prefix_path) discover
[3.854s] DEBUG:colcon.colcon_installed_package_information.package_discovery:Found 280 installed packages in /opt/ros/humble
[3.897s] Level 1:colcon.colcon_core.package_discovery:discover_packages(prefix_path) using defaults
[4.279s] Level 5:colcon.colcon_core.verb:set package 'sentinel_swarm' build argument 'cmake_args' from command line to 'None'
[4.280s] Level 5:colcon.colcon_core.verb:set package 'sentinel_swarm' build argument 'cmake_target' from command line to 'None'
[4.281s] Level 5:colcon.colcon_core.verb:set package 'sentinel_swarm' build argument 'cmake_target_skip_unavailable' from command line to 'False'
[4.281s] Level 5:colcon.colcon_core.verb:set package 'sentinel_swarm' build argument 'cmake_clean_cache' from command line to 'False'
[4.281s] Level 5:colcon.colcon_core.verb:set package 'sentinel_swarm' build argument 'cmake_clean_first' from command line to 'False'
[4.281s] Level 5:colcon.colcon_core.verb:set package 'sentinel_swarm' build argument 'cmake_force_configure' from command line to 'False'
[4.281s] Level 5:colcon.colcon_core.verb:set package 'sentinel_swarm' build argument 'ament_cmake_args' from command line to 'None'
[4.281s] Level 5:colcon.colcon_core.verb:set package 'sentinel_swarm' build argument 'catkin_cmake_args' from command line to 'None'
[4.281s] Level 5:colcon.colcon_core.verb:set package 'sentinel_swarm' build argument 'catkin_skip_building_tests' from command line to 'False'
[4.292s] DEBUG:colcon.colcon_core.verb:Building package 'sentinel_swarm' with the following arguments: {'ament_cmake_args': None, 'build_base': '/home/vboxuser/Sentinel-AI/ros2_ws/build/sentinel_swarm', 'catkin_cmake_args': None, 'catkin_skip_building_tests': False, 'cmake_args': None, 'cmake_clean_cache': False, 'cmake_clean_first': False, 'cmake_force_configure': False, 'cmake_target': None, 'cmake_target_skip_unavailable': False, 'install_base': '/home/vboxuser/Sentinel-AI/ros2_ws/install/sentinel_swarm', 'merge_install': False, 'path': '/home/vboxuser/Sentinel-AI/ros2_ws/src/sentinel_swarm', 'symlink_install': True, 'test_result_base': None}
[4.298s] INFO:colcon.colcon_core.executor:Executing jobs using 'parallel' executor
[4.312s] DEBUG:colcon.colcon_parallel_executor.executor.parallel:run_until_complete
[4.320s] INFO:colcon.colcon_ros.task.ament_cmake.build:Building ROS package in '/home/vboxuser/Sentinel-AI/ros2_ws/src/sentinel_swarm' with build type 'ament_cmake'
[4.320s] INFO:colcon.colcon_cmake.task.cmake.build:Building CMake package in '/home/vboxuser/Sentinel-AI/ros2_ws/src/sentinel_swarm'
[4.344s] INFO:colcon.colcon_core.plugin_system:Skipping extension 'colcon_core.shell.bat': Not used on non-Windows systems
[4.350s] INFO:colcon.colcon_core.shell:Skip shell extension 'powershell' for command environment: Not usable outside of PowerShell
[4.350s] DEBUG:colcon.colcon_core.shell:Skip shell extension 'dsv' for command environment
[4.630s] DEBUG:colcon.colcon_core.event_handler.log_command:Invoking command in '/home/vboxuser/Sentinel-AI/ros2_ws/build/sentinel_swarm': CMAKE_PREFIX_PATH=/opt/ros/humble /usr/bin/cmake --build /home/vboxuser/Sentinel-AI/ros2_ws/build/sentinel_swarm -- -j10 -l10
[12.471s] DEBUG:colcon.colcon_core.event_handler.log_command:Invoked command in '/home/vboxuser/Sentinel-AI/ros2_ws/build/sentinel_swarm' returned '0': CMAKE_PREFIX_PATH=/opt/ros/humble /usr/bin/cmake --build /home/vboxuser/Sentinel-AI/ros2_ws/build/sentinel_swarm -- -j10 -l10
[12.687s] DEBUG:colcon.colcon_core.event_handler.log_command:Invoking command in '/home/vboxuser/Sentinel-AI/ros2_ws/build/sentinel_swarm': CMAKE_PREFIX_PATH=/opt/ros/humble /usr/bin/cmake --install /home/vboxuser/Sentinel-AI/ros2_ws/build/sentinel_swarm
[14.403s] Level 1:colcon.colcon_core.environment:create_environment_scripts_only(sentinel_swarm)
[14.411s] DEBUG:colcon.colcon_core.event_handler.log_command:Invoked command in '/home/vboxuser/Sentinel-AI/ros2_ws/build/sentinel_swarm' returned '0': CMAKE_PREFIX_PATH=/opt/ros/humble /usr/bin/cmake --install /home/vboxuser/Sentinel-AI/ros2_ws/build/sentinel_swarm
[14.473s] Level 1:colcon.colcon_core.environment:checking '/home/vboxuser/Sentinel-AI/ros2_ws/install/sentinel_swarm' for CMake module files
[14.492s] Level 1:colcon.colcon_core.environment:checking '/home/vboxuser/Sentinel-AI/ros2_ws/install/sentinel_swarm' for CMake config files
[14.504s] Level 1:colcon.colcon_core.shell:create_environment_hook('sentinel_swarm', 'cmake_prefix_path')
[14.512s] INFO:colcon.colcon_core.shell:Creating environment hook '/home/vboxuser/Sentinel-AI/ros2_ws/install/sentinel_swarm/share/sentinel_swarm/hook/cmake_prefix_path.ps1'
[14.523s] INFO:colcon.colcon_core.shell:Creating environment descriptor '/home/vboxuser/Sentinel-AI/ros2_ws/install/sentinel_swarm/share/sentinel_swarm/hook/cmake_prefix_path.dsv'
[14.545s] INFO:colcon.colcon_core.shell:Creating environment hook '/home/vboxuser/Sentinel-AI/ros2_ws/install/sentinel_swarm/share/sentinel_swarm/hook/cmake_prefix_path.sh'
[14.569s] Level 1:colcon.colcon_core.environment:checking '/home/vboxuser/Sentinel-AI/ros2_ws/install/sentinel_swarm/lib'
[14.569s] Level 1:colcon.colcon_core.shell:create_environment_hook('sentinel_swarm', 'ld_library_path_lib')
[14.576s] INFO:colcon.colcon_core.shell:Creating environment hook '/home/vboxuser/Sentinel-AI/ros2_ws/install/sentinel_swarm/share/sentinel_swarm/hook/ld_library_path_lib.ps1'
[14.586s] INFO:colcon.colcon_core.shell:Creating environment descriptor '/home/vboxuser/Sentinel-AI/ros2_ws/install/sentinel_swarm/share/sentinel_swarm/hook/ld_library_path_lib.dsv'
[14.590s] INFO:colcon.colcon_core.shell:Creating environment hook '/home/vboxuser/Sentinel-AI/ros2_ws/install/sentinel_swarm/share/sentinel_swarm/hook/ld_library_path_lib.sh'
[14.598s] Level 1:colcon.colcon_core.environment:checking '/home/vboxuser/Sentinel-AI/ros2_ws/install/sentinel_swarm/bin'
[14.598s] Level 1:colcon.colcon_core.environment:checking '/home/vboxuser/Sentinel-AI/ros2_ws/install/sentinel_swarm/lib/pkgconfig/sentinel_swarm.pc'
[14.605s] Level 1:colcon.colcon_core.environment:checking '/home/vboxuser/Sentinel-AI/ros2_ws/install/sentinel_swarm/lib/python3.10/site-packages'
[14.611s] Level 1:colcon.colcon_core.environment:checking '/home/vboxuser/Sentinel-AI/ros2_ws/install/sentinel_swarm/bin'
[14.612s] INFO:colcon.colcon_core.shell:Creating package script '/home/vboxuser/Sentinel-AI/ros2_ws/install/sentinel_swarm/share/sentinel_swarm/package.ps1'
[14.632s] INFO:colcon.colcon_core.shell:Creating package descriptor '/home/vboxuser/Sentinel-AI/ros2_ws/install/sentinel_swarm/share/sentinel_swarm/package.dsv'
[14.633s] INFO:colcon.colcon_core.shell:Creating package script '/home/vboxuser/Sentinel-AI/ros2_ws/install/sentinel_swarm/share/sentinel_swarm/package.sh'
[14.668s] INFO:colcon.colcon_core.shell:Creating package script '/home/vboxuser/Sentinel-AI/ros2_ws/install/sentinel_swarm/share/sentinel_swarm/package.bash'
[14.689s] INFO:colcon.colcon_core.shell:Creating package script '/home/vboxuser/Sentinel-AI/ros2_ws/install/sentinel_swarm/share/sentinel_swarm/package.zsh'
[14.709s] Level 1:colcon.colcon_core.environment:create_file_with_runtime_dependencies(/home/vboxuser/Sentinel-AI/ros2_ws/install/sentinel_swarm/share/colcon-core/packages/sentinel_swarm)
[14.721s] Level 1:colcon.colcon_core.environment:create_environment_scripts_only(sentinel_swarm)
[14.722s] Level 1:colcon.colcon_core.environment:checking '/home/vboxuser/Sentinel-AI/ros2_ws/install/sentinel_swarm' for CMake module files
[14.722s] Level 1:colcon.colcon_core.environment:checking '/home/vboxuser/Sentinel-AI/ros2_ws/install/sentinel_swarm' for CMake config files
[14.760s] Level 1:colcon.colcon_core.shell:create_environment_hook('sentinel_swarm', 'cmake_prefix_path')
[14.761s] INFO:colcon.colcon_core.shell:Creating environment hook '/home/vboxuser/Sentinel-AI/ros2_ws/install/sentinel_swarm/share/sentinel_swarm/hook/cmake_prefix_path.ps1'
[14.770s] INFO:colcon.colcon_core.shell:Creating environment descriptor '/home/vboxuser/Sentinel-AI/ros2_ws/install/sentinel_swarm/share/sentinel_swarm/hook/cmake_prefix_path.dsv'
[14.774s] INFO:colcon.colcon_core.shell:Creating environment hook '/home/vboxuser/Sentinel-AI/ros2_ws/install/sentinel_swarm/share/sentinel_swarm/hook/cmake_prefix_path.sh'
[14.816s] Level 1:colcon.colcon_core.environment:checking '/home/vboxuser/Sentinel-AI/ros2_ws/install/sentinel_swarm/lib'
[14.821s] Level 1:colcon.colcon_core.shell:create_environment_hook('sentinel_swarm', 'ld_library_path_lib')
[14.821s] INFO:colcon.colcon_core.shell:Creating environment hook '/home/vboxuser/Sentinel-AI/ros2_ws/install/sentinel_swarm/share/sentinel_swarm/hook/ld_library_path_lib.ps1'
[14.844s] INFO:colcon.colcon_core.shell:Creating environment descriptor '/home/vboxuser/Sentinel-AI/ros2_ws/install/sentinel_swarm/share/sentinel_swarm/hook/ld_library_path_lib.dsv'
[14.870s] INFO:colcon.colcon_core.shell:Creating environment hook '/home/vboxuser/Sentinel-AI/ros2_ws/install/sentinel_swarm/share/sentinel_swarm/hook/ld_library_path_lib.sh'
[14.902s] Level 1:colcon.colcon_core.environment:checking '/home/vboxuser/Sentinel-AI/ros2_ws/install/sentinel_swarm/bin'
[14.903s] Level 1:colcon.colcon_core.environment:checking '/home/vboxuser/Sentinel-AI/ros2_ws/install/sentinel_swarm/lib/pkgconfig/sentinel_swarm.pc'
[14.903s] Level 1:colcon.colcon_core.environment:checking '/home/vboxuser/Sentinel-AI/ros2_ws/install/sentinel_swarm/lib/python3.10/site-packages'
[14.906s] Level 1:colcon.colcon_core.environment:checking '/home/vboxuser/Sentinel-AI/ros2_ws/install/sentinel_swarm/bin'
[14.924s] INFO:colcon.colcon_core.shell:Creating package script '/home/vboxuser/Sentinel-AI/ros2_ws/install/sentinel_swarm/share/sentinel_swarm/package.ps1'
[14.930s] INFO:colcon.colcon_core.shell:Creating package descriptor '/home/vboxuser/Sentinel-AI/ros2_ws/install/sentinel_swarm/share/sentinel_swarm/package.dsv'
[14.932s] INFO:colcon.colcon_core.shell:Creating package script '/home/vboxuser/Sentinel-AI/ros2_ws/install/sentinel_swarm/share/sentinel_swarm/package.sh'
[14.934s] INFO:colcon.colcon_core.shell:Creating package script '/home/vboxuser/Sentinel-AI/ros2_ws/install/sentinel_swarm/share/sentinel_swarm/package.bash'
[14.935s] INFO:colcon.colcon_core.shell:Creating package script '/home/vboxuser/Sentinel-AI/ros2_ws/install/sentinel_swarm/share/sentinel_swarm/package.zsh'
[14.970s] Level 1:colcon.colcon_core.environment:create_file_with_runtime_dependencies(/home/vboxuser/Sentinel-AI/ros2_ws/install/sentinel_swarm/share/colcon-core/packages/sentinel_swarm)
[15.015s] DEBUG:colcon.colcon_parallel_executor.executor.parallel:closing loop
[15.022s] DEBUG:colcon.colcon_parallel_executor.executor.parallel:loop closed
[15.027s] DEBUG:colcon.colcon_parallel_executor.executor.parallel:run_until_complete finished with '0'
[15.027s] DEBUG:colcon.colcon_core.event_reactor:joining thread
[15.118s] INFO:colcon.colcon_core.plugin_system:Skipping extension 'colcon_notification.desktop_notification.terminal_notifier': Not used on non-Darwin systems
[15.126s] INFO:colcon.colcon_core.plugin_system:Skipping extension 'colcon_notification.desktop_notification.win32': Not used on non-Windows systems
[15.126s] INFO:colcon.colcon_notification.desktop_notification:Sending desktop notification using 'notify2'
[15.567s] DEBUG:colcon.colcon_core.event_reactor:joined thread
[15.575s] INFO:colcon.colcon_core.shell:Creating prefix script '/home/vboxuser/Sentinel-AI/ros2_ws/install/local_setup.ps1'
[15.602s] INFO:colcon.colcon_core.shell:Creating prefix util module '/home/vboxuser/Sentinel-AI/ros2_ws/install/_local_setup_util_ps1.py'
[15.631s] INFO:colcon.colcon_core.shell:Creating prefix chain script '/home/vboxuser/Sentinel-AI/ros2_ws/install/setup.ps1'
[15.647s] INFO:colcon.colcon_core.shell:Creating prefix script '/home/vboxuser/Sentinel-AI/ros2_ws/install/local_setup.sh'
[15.671s] INFO:colcon.colcon_core.shell:Creating prefix util module '/home/vboxuser/Sentinel-AI/ros2_ws/install/_local_setup_util_sh.py'
[15.695s] INFO:colcon.colcon_core.shell:Creating prefix chain script '/home/vboxuser/Sentinel-AI/ros2_ws/install/setup.sh'
[15.725s] INFO:colcon.colcon_core.shell:Creating prefix script '/home/vboxuser/Sentinel-AI/ros2_ws/install/local_setup.bash'
[15.741s] INFO:colcon.colcon_core.shell:Creating prefix chain script '/home/vboxuser/Sentinel-AI/ros2_ws/install/setup.bash'
[15.763s] INFO:colcon.colcon_core.shell:Creating prefix script '/home/vboxuser/Sentinel-AI/ros2_ws/install/local_setup.zsh'
[15.786s] INFO:colcon.colcon_core.shell:Creating prefix chain script '/home/vboxuser/Sentinel-AI/ros2_ws/install/setup.zsh'
