-- The C compiler identification is GNU 11.4.0
-- The CXX compiler identification is GNU 11.4.0
-- Detecting C compiler ABI info
-- Detecting C compiler ABI info - done
-- Check for working C compiler: /usr/bin/cc - skipped
-- Detecting C compile features
-- Detecting C compile features - done
-- Detecting CXX compiler ABI info
-- Detecting CXX compiler ABI info - done
-- Check for working CXX compiler: /usr/bin/c++ - skipped
-- Detecting CXX compile features
-- Detecting CXX compile features - done
-- Found ament_cmake: 1.3.14 (/opt/ros/humble/share/ament_cmake/cmake)
-- Found Python3: /usr/bin/python3 (found version "3.10.12") found components: Interpreter 
-- Found rosidl_default_generators: 1.2.1 (/opt/ros/humble/share/rosidl_default_generators/cmake)
-- Using all available rosidl_typesupport_c: rosidl_typesupport_fastrtps_c;rosidl_typesupport_introspection_c
-- Found rosidl_adapter: 3.1.8 (/opt/ros/humble/share/rosidl_adapter/cmake)
-- Using all available rosidl_typesupport_cpp: rosidl_typesupport_fastrtps_cpp;rosidl_typesupport_introspection_cpp
-- Found geometry_msgs: 4.9.1 (/opt/ros/humble/share/geometry_msgs/cmake)
-- Found sensor_msgs: 4.9.1 (/opt/ros/humble/share/sensor_msgs/cmake)
-- Found ament_cmake_ros: 0.10.0 (/opt/ros/humble/share/ament_cmake_ros/cmake)
-- Using all available rosidl_typesupport_c: rosidl_typesupport_fastrtps_c;rosidl_typesupport_introspection_c
-- Using all available rosidl_typesupport_cpp: rosidl_typesupport_fastrtps_cpp;rosidl_typesupport_introspection_cpp
-- Found PythonInterp: /usr/bin/python3 (found suitable version "3.10.12", minimum required is "3.6") 
-- Found python_cmake_module: 0.10.0 (/opt/ros/humble/share/python_cmake_module/cmake)
-- Found PythonLibs: /usr/lib/x86_64-linux-gnu/libpython3.10.so (found suitable version "3.10.12", minimum required is "3.5") 
-- Using PYTHON_EXECUTABLE: /usr/bin/python3
-- Using PYTHON_INCLUDE_DIRS: /usr/include/python3.10
-- Using PYTHON_LIBRARIES: /usr/lib/x86_64-linux-gnu/libpython3.10.so
-- Found PythonExtra: .so  
-- Configuring done
-- Generating done
-- Build files have been written to: /home/vboxuser/Sentinel-AI/ros2_ws/build/sentinel_swarm
[  2%] [34m[1mGenerating C code for ROS interfaces[0m
[  4%] [34m[1mGenerating C++ code for ROS interfaces[0m
[  6%] [34m[1mGenerating Rust code for ROS interfaces[0m
[  6%] Built target ament_cmake_python_copy_sentinel_swarm
[  6%] Built target ament_cmake_python_copy_swarm_core
running egg_info
creating sentinel_swarm.egg-info
writing sentinel_swarm.egg-info/PKG-INFO
writing dependency_links to sentinel_swarm.egg-info/dependency_links.txt
writing top-level names to sentinel_swarm.egg-info/top_level.txt
writing manifest file 'sentinel_swarm.egg-info/SOURCES.txt'
reading manifest file 'sentinel_swarm.egg-info/SOURCES.txt'
writing manifest file 'sentinel_swarm.egg-info/SOURCES.txt'
[  6%] Built target sentinel_swarm__rs
running egg_info
creating swarm_core.egg-info
writing swarm_core.egg-info/PKG-INFO
writing dependency_links to swarm_core.egg-info/dependency_links.txt
writing top-level names to swarm_core.egg-info/top_level.txt
writing manifest file 'swarm_core.egg-info/SOURCES.txt'
reading manifest file 'swarm_core.egg-info/SOURCES.txt'
writing manifest file 'swarm_core.egg-info/SOURCES.txt'
[  6%] Built target ament_cmake_python_build_sentinel_swarm_egg
[  6%] Built target ament_cmake_python_build_swarm_core_egg
[  6%] Built target sentinel_swarm__cpp
[  8%] [32mBuilding C object CMakeFiles/sentinel_swarm__rosidl_generator_c.dir/rosidl_generator_c/sentinel_swarm/msg/detail/drone_state__functions.c.o[0m
[ 10%] [32mBuilding C object CMakeFiles/sentinel_swarm__rosidl_generator_c.dir/rosidl_generator_c/sentinel_swarm/msg/detail/swarm_command__functions.c.o[0m
[ 12%] [34m[1mGenerating C++ type support dispatch for ROS interfaces[0m
[ 16%] [34m[1mGenerating C++ type support for eProsima Fast-RTPS[0m
[ 18%] [34m[1mGenerating C++ introspection for ROS interfaces[0m
[ 18%] [32mBuilding C object CMakeFiles/sentinel_swarm__rosidl_generator_c.dir/rosidl_generator_c/sentinel_swarm/msg/detail/formation_reference__functions.c.o[0m
[ 20%] [32mBuilding CXX object CMakeFiles/sentinel_swarm__rosidl_typesupport_introspection_cpp.dir/rosidl_typesupport_introspection_cpp/sentinel_swarm/msg/detail/drone_state__type_support.cpp.o[0m
[ 22%] [32mBuilding CXX object CMakeFiles/sentinel_swarm__rosidl_typesupport_introspection_cpp.dir/rosidl_typesupport_introspection_cpp/sentinel_swarm/msg/detail/swarm_command__type_support.cpp.o[0m
[ 25%] [32mBuilding CXX object CMakeFiles/sentinel_swarm__rosidl_typesupport_introspection_cpp.dir/rosidl_typesupport_introspection_cpp/sentinel_swarm/msg/detail/formation_reference__type_support.cpp.o[0m
[ 27%] [32m[1mLinking C shared library libsentinel_swarm__rosidl_generator_c.so[0m
[ 29%] [32mBuilding CXX object CMakeFiles/sentinel_swarm__rosidl_typesupport_cpp.dir/rosidl_typesupport_cpp/sentinel_swarm/msg/formation_reference__type_support.cpp.o[0m
[ 31%] [32mBuilding CXX object CMakeFiles/sentinel_swarm__rosidl_typesupport_fastrtps_cpp.dir/rosidl_typesupport_fastrtps_cpp/sentinel_swarm/msg/detail/dds_fastrtps/drone_state__type_support.cpp.o[0m
[ 33%] [32mBuilding CXX object CMakeFiles/sentinel_swarm__rosidl_typesupport_fastrtps_cpp.dir/rosidl_typesupport_fastrtps_cpp/sentinel_swarm/msg/detail/dds_fastrtps/swarm_command__type_support.cpp.o[0m
[ 35%] [32mBuilding CXX object CMakeFiles/sentinel_swarm__rosidl_typesupport_cpp.dir/rosidl_typesupport_cpp/sentinel_swarm/msg/drone_state__type_support.cpp.o[0m
[ 37%] [32mBuilding CXX object CMakeFiles/sentinel_swarm__rosidl_typesupport_cpp.dir/rosidl_typesupport_cpp/sentinel_swarm/msg/swarm_command__type_support.cpp.o[0m
[ 39%] [32mBuilding CXX object CMakeFiles/sentinel_swarm__rosidl_typesupport_fastrtps_cpp.dir/rosidl_typesupport_fastrtps_cpp/sentinel_swarm/msg/detail/dds_fastrtps/formation_reference__type_support.cpp.o[0m
[ 39%] Built target sentinel_swarm__rosidl_generator_c
[ 41%] [34m[1mGenerating C type support for eProsima Fast-RTPS[0m
[ 43%] [34m[1mGenerating C introspection for ROS interfaces[0m
[ 45%] [32m[1mLinking CXX shared library libsentinel_swarm__rosidl_typesupport_cpp.so[0m
[ 47%] [34m[1mGenerating C type support dispatch for ROS interfaces[0m
[ 50%] [32mBuilding CXX object CMakeFiles/sentinel_swarm__rosidl_typesupport_fastrtps_c.dir/rosidl_typesupport_fastrtps_c/sentinel_swarm/msg/detail/drone_state__type_support_c.cpp.o[0m
[ 50%] Built target sentinel_swarm__rosidl_typesupport_cpp
[ 52%] [32mBuilding CXX object CMakeFiles/sentinel_swarm__rosidl_typesupport_fastrtps_c.dir/rosidl_typesupport_fastrtps_c/sentinel_swarm/msg/detail/swarm_command__type_support_c.cpp.o[0m
[ 54%] [32mBuilding CXX object CMakeFiles/sentinel_swarm__rosidl_typesupport_fastrtps_c.dir/rosidl_typesupport_fastrtps_c/sentinel_swarm/msg/detail/formation_reference__type_support_c.cpp.o[0m
[ 56%] [32m[1mLinking CXX shared library libsentinel_swarm__rosidl_typesupport_introspection_cpp.so[0m
[ 58%] [32m[1mLinking CXX shared library libsentinel_swarm__rosidl_typesupport_fastrtps_cpp.so[0m
[ 60%] [32mBuilding C object CMakeFiles/sentinel_swarm__rosidl_typesupport_introspection_c.dir/rosidl_typesupport_introspection_c/sentinel_swarm/msg/detail/drone_state__type_support.c.o[0m
[ 62%] [32mBuilding C object CMakeFiles/sentinel_swarm__rosidl_typesupport_introspection_c.dir/rosidl_typesupport_introspection_c/sentinel_swarm/msg/detail/swarm_command__type_support.c.o[0m
[ 64%] [32mBuilding C object CMakeFiles/sentinel_swarm__rosidl_typesupport_introspection_c.dir/rosidl_typesupport_introspection_c/sentinel_swarm/msg/detail/formation_reference__type_support.c.o[0m
[ 68%] [32mBuilding CXX object CMakeFiles/sentinel_swarm__rosidl_typesupport_c.dir/rosidl_typesupport_c/sentinel_swarm/msg/swarm_command__type_support.cpp.o[0m
[ 66%] [32mBuilding CXX object CMakeFiles/sentinel_swarm__rosidl_typesupport_c.dir/rosidl_typesupport_c/sentinel_swarm/msg/drone_state__type_support.cpp.o[0m
[ 70%] [32mBuilding CXX object CMakeFiles/sentinel_swarm__rosidl_typesupport_c.dir/rosidl_typesupport_c/sentinel_swarm/msg/formation_reference__type_support.cpp.o[0m
[ 72%] [32m[1mLinking C shared library libsentinel_swarm__rosidl_typesupport_introspection_c.so[0m
[ 72%] Built target sentinel_swarm__rosidl_typesupport_introspection_cpp
[ 75%] [32m[1mLinking CXX shared library libsentinel_swarm__rosidl_typesupport_c.so[0m
[ 75%] Built target sentinel_swarm__rosidl_typesupport_fastrtps_cpp
[ 75%] Built target sentinel_swarm__rosidl_typesupport_introspection_c
[ 75%] Built target sentinel_swarm__rosidl_typesupport_c
[ 77%] [32m[1mLinking CXX shared library libsentinel_swarm__rosidl_typesupport_fastrtps_c.so[0m
[ 77%] Built target sentinel_swarm__rosidl_typesupport_fastrtps_c
[ 77%] Built target sentinel_swarm
[ 79%] [34m[1mGenerating Python code for ROS interfaces[0m
[ 79%] Built target sentinel_swarm__py
[ 81%] [32mBuilding C object CMakeFiles/sentinel_swarm__rosidl_generator_py.dir/rosidl_generator_py/sentinel_swarm/msg/_drone_state_s.c.o[0m
[ 83%] [32mBuilding C object CMakeFiles/sentinel_swarm__rosidl_generator_py.dir/rosidl_generator_py/sentinel_swarm/msg/_formation_reference_s.c.o[0m
[ 85%] [32mBuilding C object CMakeFiles/sentinel_swarm__rosidl_generator_py.dir/rosidl_generator_py/sentinel_swarm/msg/_swarm_command_s.c.o[0m
[ 87%] [32m[1mLinking C shared library rosidl_generator_py/sentinel_swarm/libsentinel_swarm__rosidl_generator_py.so[0m
[ 87%] Built target sentinel_swarm__rosidl_generator_py
[ 89%] [32mBuilding C object CMakeFiles/sentinel_swarm__rosidl_typesupport_c__pyext.dir/rosidl_generator_py/sentinel_swarm/_sentinel_swarm_s.ep.rosidl_typesupport_c.c.o[0m
[ 91%] [32mBuilding C object CMakeFiles/sentinel_swarm__rosidl_typesupport_fastrtps_c__pyext.dir/rosidl_generator_py/sentinel_swarm/_sentinel_swarm_s.ep.rosidl_typesupport_fastrtps_c.c.o[0m
[ 93%] [32mBuilding C object CMakeFiles/sentinel_swarm__rosidl_typesupport_introspection_c__pyext.dir/rosidl_generator_py/sentinel_swarm/_sentinel_swarm_s.ep.rosidl_typesupport_introspection_c.c.o[0m
[ 95%] [32m[1mLinking C shared library rosidl_generator_py/sentinel_swarm/sentinel_swarm_s__rosidl_typesupport_fastrtps_c.cpython-310-x86_64-linux-gnu.so[0m
[ 97%] [32m[1mLinking C shared library rosidl_generator_py/sentinel_swarm/sentinel_swarm_s__rosidl_typesupport_c.cpython-310-x86_64-linux-gnu.so[0m
[100%] [32m[1mLinking C shared library rosidl_generator_py/sentinel_swarm/sentinel_swarm_s__rosidl_typesupport_introspection_c.cpython-310-x86_64-linux-gnu.so[0m
[100%] Built target sentinel_swarm__rosidl_typesupport_fastrtps_c__pyext
[100%] Built target sentinel_swarm__rosidl_typesupport_introspection_c__pyext
[100%] Built target sentinel_swarm__rosidl_typesupport_c__pyext
-- Install configuration: ""
-- Installing: /home/vboxuser/Sentinel-AI/ros2_ws/install/sentinel_swarm/share/ament_index/resource_index/rosidl_interfaces/sentinel_swarm
-- Installing: /home/vboxuser/Sentinel-AI/ros2_ws/install/sentinel_swarm/include/sentinel_swarm/sentinel_swarm
-- Installing: /home/vboxuser/Sentinel-AI/ros2_ws/install/sentinel_swarm/include/sentinel_swarm/sentinel_swarm/msg
-- Installing: /home/vboxuser/Sentinel-AI/ros2_ws/install/sentinel_swarm/include/sentinel_swarm/sentinel_swarm/msg/detail
-- Installing: /home/vboxuser/Sentinel-AI/ros2_ws/install/sentinel_swarm/include/sentinel_swarm/sentinel_swarm/msg/detail/drone_state__functions.h
-- Installing: /home/vboxuser/Sentinel-AI/ros2_ws/install/sentinel_swarm/include/sentinel_swarm/sentinel_swarm/msg/detail/drone_state__functions.c
-- Installing: /home/vboxuser/Sentinel-AI/ros2_ws/install/sentinel_swarm/include/sentinel_swarm/sentinel_swarm/msg/detail/formation_reference__struct.h
-- Installing: /home/vboxuser/Sentinel-AI/ros2_ws/install/sentinel_swarm/include/sentinel_swarm/sentinel_swarm/msg/detail/drone_state__struct.h
-- Installing: /home/vboxuser/Sentinel-AI/ros2_ws/install/sentinel_swarm/include/sentinel_swarm/sentinel_swarm/msg/detail/formation_reference__type_support.h
-- Installing: /home/vboxuser/Sentinel-AI/ros2_ws/install/sentinel_swarm/include/sentinel_swarm/sentinel_swarm/msg/detail/swarm_command__type_support.h
-- Installing: /home/vboxuser/Sentinel-AI/ros2_ws/install/sentinel_swarm/include/sentinel_swarm/sentinel_swarm/msg/detail/swarm_command__struct.h
-- Installing: /home/vboxuser/Sentinel-AI/ros2_ws/install/sentinel_swarm/include/sentinel_swarm/sentinel_swarm/msg/detail/drone_state__type_support.h
-- Installing: /home/vboxuser/Sentinel-AI/ros2_ws/install/sentinel_swarm/include/sentinel_swarm/sentinel_swarm/msg/detail/swarm_command__functions.c
-- Installing: /home/vboxuser/Sentinel-AI/ros2_ws/install/sentinel_swarm/include/sentinel_swarm/sentinel_swarm/msg/detail/swarm_command__functions.h
-- Installing: /home/vboxuser/Sentinel-AI/ros2_ws/install/sentinel_swarm/include/sentinel_swarm/sentinel_swarm/msg/detail/formation_reference__functions.c
-- Installing: /home/vboxuser/Sentinel-AI/ros2_ws/install/sentinel_swarm/include/sentinel_swarm/sentinel_swarm/msg/detail/formation_reference__functions.h
-- Installing: /home/vboxuser/Sentinel-AI/ros2_ws/install/sentinel_swarm/include/sentinel_swarm/sentinel_swarm/msg/swarm_command.h
-- Installing: /home/vboxuser/Sentinel-AI/ros2_ws/install/sentinel_swarm/include/sentinel_swarm/sentinel_swarm/msg/formation_reference.h
-- Installing: /home/vboxuser/Sentinel-AI/ros2_ws/install/sentinel_swarm/include/sentinel_swarm/sentinel_swarm/msg/drone_state.h
-- Installing: /home/vboxuser/Sentinel-AI/ros2_ws/install/sentinel_swarm/include/sentinel_swarm/sentinel_swarm/msg/rosidl_generator_c__visibility_control.h
-- Installing: /home/vboxuser/Sentinel-AI/ros2_ws/install/sentinel_swarm/share/sentinel_swarm/environment/library_path.sh
-- Installing: /home/vboxuser/Sentinel-AI/ros2_ws/install/sentinel_swarm/share/sentinel_swarm/environment/library_path.dsv
-- Installing: /home/vboxuser/Sentinel-AI/ros2_ws/install/sentinel_swarm/lib/libsentinel_swarm__rosidl_generator_c.so
-- Set runtime path of "/home/vboxuser/Sentinel-AI/ros2_ws/install/sentinel_swarm/lib/libsentinel_swarm__rosidl_generator_c.so" to ""
-- Up-to-date: /home/vboxuser/Sentinel-AI/ros2_ws/install/sentinel_swarm/include/sentinel_swarm/sentinel_swarm
-- Up-to-date: /home/vboxuser/Sentinel-AI/ros2_ws/install/sentinel_swarm/include/sentinel_swarm/sentinel_swarm/msg
-- Installing: /home/vboxuser/Sentinel-AI/ros2_ws/install/sentinel_swarm/include/sentinel_swarm/sentinel_swarm/msg/rosidl_typesupport_fastrtps_c__visibility_control.h
-- Up-to-date: /home/vboxuser/Sentinel-AI/ros2_ws/install/sentinel_swarm/include/sentinel_swarm/sentinel_swarm/msg/detail
-- Installing: /home/vboxuser/Sentinel-AI/ros2_ws/install/sentinel_swarm/include/sentinel_swarm/sentinel_swarm/msg/detail/formation_reference__rosidl_typesupport_fastrtps_c.h
-- Installing: /home/vboxuser/Sentinel-AI/ros2_ws/install/sentinel_swarm/include/sentinel_swarm/sentinel_swarm/msg/detail/drone_state__rosidl_typesupport_fastrtps_c.h
-- Installing: /home/vboxuser/Sentinel-AI/ros2_ws/install/sentinel_swarm/include/sentinel_swarm/sentinel_swarm/msg/detail/swarm_command__rosidl_typesupport_fastrtps_c.h
-- Installing: /home/vboxuser/Sentinel-AI/ros2_ws/install/sentinel_swarm/lib/libsentinel_swarm__rosidl_typesupport_fastrtps_c.so
-- Set runtime path of "/home/vboxuser/Sentinel-AI/ros2_ws/install/sentinel_swarm/lib/libsentinel_swarm__rosidl_typesupport_fastrtps_c.so" to ""
-- Up-to-date: /home/vboxuser/Sentinel-AI/ros2_ws/install/sentinel_swarm/include/sentinel_swarm/sentinel_swarm
-- Up-to-date: /home/vboxuser/Sentinel-AI/ros2_ws/install/sentinel_swarm/include/sentinel_swarm/sentinel_swarm/msg
-- Installing: /home/vboxuser/Sentinel-AI/ros2_ws/install/sentinel_swarm/include/sentinel_swarm/sentinel_swarm/msg/rosidl_typesupport_introspection_c__visibility_control.h
-- Up-to-date: /home/vboxuser/Sentinel-AI/ros2_ws/install/sentinel_swarm/include/sentinel_swarm/sentinel_swarm/msg/detail
-- Installing: /home/vboxuser/Sentinel-AI/ros2_ws/install/sentinel_swarm/include/sentinel_swarm/sentinel_swarm/msg/detail/drone_state__rosidl_typesupport_introspection_c.h
-- Installing: /home/vboxuser/Sentinel-AI/ros2_ws/install/sentinel_swarm/include/sentinel_swarm/sentinel_swarm/msg/detail/drone_state__type_support.c
-- Installing: /home/vboxuser/Sentinel-AI/ros2_ws/install/sentinel_swarm/include/sentinel_swarm/sentinel_swarm/msg/detail/formation_reference__rosidl_typesupport_introspection_c.h
-- Installing: /home/vboxuser/Sentinel-AI/ros2_ws/install/sentinel_swarm/include/sentinel_swarm/sentinel_swarm/msg/detail/formation_reference__type_support.c
-- Installing: /home/vboxuser/Sentinel-AI/ros2_ws/install/sentinel_swarm/include/sentinel_swarm/sentinel_swarm/msg/detail/swarm_command__rosidl_typesupport_introspection_c.h
-- Installing: /home/vboxuser/Sentinel-AI/ros2_ws/install/sentinel_swarm/include/sentinel_swarm/sentinel_swarm/msg/detail/swarm_command__type_support.c
-- Installing: /home/vboxuser/Sentinel-AI/ros2_ws/install/sentinel_swarm/lib/libsentinel_swarm__rosidl_typesupport_introspection_c.so
-- Set runtime path of "/home/vboxuser/Sentinel-AI/ros2_ws/install/sentinel_swarm/lib/libsentinel_swarm__rosidl_typesupport_introspection_c.so" to ""
-- Installing: /home/vboxuser/Sentinel-AI/ros2_ws/install/sentinel_swarm/lib/libsentinel_swarm__rosidl_typesupport_c.so
-- Set runtime path of "/home/vboxuser/Sentinel-AI/ros2_ws/install/sentinel_swarm/lib/libsentinel_swarm__rosidl_typesupport_c.so" to ""
-- Up-to-date: /home/vboxuser/Sentinel-AI/ros2_ws/install/sentinel_swarm/include/sentinel_swarm/sentinel_swarm
-- Up-to-date: /home/vboxuser/Sentinel-AI/ros2_ws/install/sentinel_swarm/include/sentinel_swarm/sentinel_swarm/msg
-- Installing: /home/vboxuser/Sentinel-AI/ros2_ws/install/sentinel_swarm/include/sentinel_swarm/sentinel_swarm/msg/formation_reference.hpp
-- Installing: /home/vboxuser/Sentinel-AI/ros2_ws/install/sentinel_swarm/include/sentinel_swarm/sentinel_swarm/msg/rosidl_generator_cpp__visibility_control.hpp
-- Up-to-date: /home/vboxuser/Sentinel-AI/ros2_ws/install/sentinel_swarm/include/sentinel_swarm/sentinel_swarm/msg/detail
-- Installing: /home/vboxuser/Sentinel-AI/ros2_ws/install/sentinel_swarm/include/sentinel_swarm/sentinel_swarm/msg/detail/swarm_command__traits.hpp
-- Installing: /home/vboxuser/Sentinel-AI/ros2_ws/install/sentinel_swarm/include/sentinel_swarm/sentinel_swarm/msg/detail/swarm_command__builder.hpp
-- Installing: /home/vboxuser/Sentinel-AI/ros2_ws/install/sentinel_swarm/include/sentinel_swarm/sentinel_swarm/msg/detail/drone_state__struct.hpp
-- Installing: /home/vboxuser/Sentinel-AI/ros2_ws/install/sentinel_swarm/include/sentinel_swarm/sentinel_swarm/msg/detail/swarm_command__struct.hpp
-- Installing: /home/vboxuser/Sentinel-AI/ros2_ws/install/sentinel_swarm/include/sentinel_swarm/sentinel_swarm/msg/detail/formation_reference__struct.hpp
-- Installing: /home/vboxuser/Sentinel-AI/ros2_ws/install/sentinel_swarm/include/sentinel_swarm/sentinel_swarm/msg/detail/drone_state__builder.hpp
-- Installing: /home/vboxuser/Sentinel-AI/ros2_ws/install/sentinel_swarm/include/sentinel_swarm/sentinel_swarm/msg/detail/formation_reference__builder.hpp
-- Installing: /home/vboxuser/Sentinel-AI/ros2_ws/install/sentinel_swarm/include/sentinel_swarm/sentinel_swarm/msg/detail/swarm_command__type_support.hpp
-- Installing: /home/vboxuser/Sentinel-AI/ros2_ws/install/sentinel_swarm/include/sentinel_swarm/sentinel_swarm/msg/detail/drone_state__type_support.hpp
-- Installing: /home/vboxuser/Sentinel-AI/ros2_ws/install/sentinel_swarm/include/sentinel_swarm/sentinel_swarm/msg/detail/drone_state__traits.hpp
-- Installing: /home/vboxuser/Sentinel-AI/ros2_ws/install/sentinel_swarm/include/sentinel_swarm/sentinel_swarm/msg/detail/formation_reference__traits.hpp
-- Installing: /home/vboxuser/Sentinel-AI/ros2_ws/install/sentinel_swarm/include/sentinel_swarm/sentinel_swarm/msg/detail/formation_reference__type_support.hpp
-- Installing: /home/vboxuser/Sentinel-AI/ros2_ws/install/sentinel_swarm/include/sentinel_swarm/sentinel_swarm/msg/drone_state.hpp
-- Installing: /home/vboxuser/Sentinel-AI/ros2_ws/install/sentinel_swarm/include/sentinel_swarm/sentinel_swarm/msg/swarm_command.hpp
-- Up-to-date: /home/vboxuser/Sentinel-AI/ros2_ws/install/sentinel_swarm/include/sentinel_swarm/sentinel_swarm
-- Up-to-date: /home/vboxuser/Sentinel-AI/ros2_ws/install/sentinel_swarm/include/sentinel_swarm/sentinel_swarm/msg
-- Up-to-date: /home/vboxuser/Sentinel-AI/ros2_ws/install/sentinel_swarm/include/sentinel_swarm/sentinel_swarm/msg/detail
-- Installing: /home/vboxuser/Sentinel-AI/ros2_ws/install/sentinel_swarm/include/sentinel_swarm/sentinel_swarm/msg/detail/dds_fastrtps
-- Installing: /home/vboxuser/Sentinel-AI/ros2_ws/install/sentinel_swarm/include/sentinel_swarm/sentinel_swarm/msg/detail/formation_reference__rosidl_typesupport_fastrtps_cpp.hpp
-- Installing: /home/vboxuser/Sentinel-AI/ros2_ws/install/sentinel_swarm/include/sentinel_swarm/sentinel_swarm/msg/detail/swarm_command__rosidl_typesupport_fastrtps_cpp.hpp
-- Installing: /home/vboxuser/Sentinel-AI/ros2_ws/install/sentinel_swarm/include/sentinel_swarm/sentinel_swarm/msg/detail/drone_state__rosidl_typesupport_fastrtps_cpp.hpp
-- Installing: /home/vboxuser/Sentinel-AI/ros2_ws/install/sentinel_swarm/include/sentinel_swarm/sentinel_swarm/msg/rosidl_typesupport_fastrtps_cpp__visibility_control.h
-- Installing: /home/vboxuser/Sentinel-AI/ros2_ws/install/sentinel_swarm/lib/libsentinel_swarm__rosidl_typesupport_fastrtps_cpp.so
-- Set runtime path of "/home/vboxuser/Sentinel-AI/ros2_ws/install/sentinel_swarm/lib/libsentinel_swarm__rosidl_typesupport_fastrtps_cpp.so" to ""
-- Up-to-date: /home/vboxuser/Sentinel-AI/ros2_ws/install/sentinel_swarm/include/sentinel_swarm/sentinel_swarm
-- Up-to-date: /home/vboxuser/Sentinel-AI/ros2_ws/install/sentinel_swarm/include/sentinel_swarm/sentinel_swarm/msg
-- Up-to-date: /home/vboxuser/Sentinel-AI/ros2_ws/install/sentinel_swarm/include/sentinel_swarm/sentinel_swarm/msg/detail
-- Installing: /home/vboxuser/Sentinel-AI/ros2_ws/install/sentinel_swarm/include/sentinel_swarm/sentinel_swarm/msg/detail/formation_reference__type_support.cpp
-- Installing: /home/vboxuser/Sentinel-AI/ros2_ws/install/sentinel_swarm/include/sentinel_swarm/sentinel_swarm/msg/detail/drone_state__type_support.cpp
-- Installing: /home/vboxuser/Sentinel-AI/ros2_ws/install/sentinel_swarm/include/sentinel_swarm/sentinel_swarm/msg/detail/drone_state__rosidl_typesupport_introspection_cpp.hpp
-- Installing: /home/vboxuser/Sentinel-AI/ros2_ws/install/sentinel_swarm/include/sentinel_swarm/sentinel_swarm/msg/detail/swarm_command__rosidl_typesupport_introspection_cpp.hpp
-- Installing: /home/vboxuser/Sentinel-AI/ros2_ws/install/sentinel_swarm/include/sentinel_swarm/sentinel_swarm/msg/detail/formation_reference__rosidl_typesupport_introspection_cpp.hpp
-- Installing: /home/vboxuser/Sentinel-AI/ros2_ws/install/sentinel_swarm/include/sentinel_swarm/sentinel_swarm/msg/detail/swarm_command__type_support.cpp
-- Installing: /home/vboxuser/Sentinel-AI/ros2_ws/install/sentinel_swarm/lib/libsentinel_swarm__rosidl_typesupport_introspection_cpp.so
-- Set runtime path of "/home/vboxuser/Sentinel-AI/ros2_ws/install/sentinel_swarm/lib/libsentinel_swarm__rosidl_typesupport_introspection_cpp.so" to ""
-- Installing: /home/vboxuser/Sentinel-AI/ros2_ws/install/sentinel_swarm/lib/libsentinel_swarm__rosidl_typesupport_cpp.so
-- Set runtime path of "/home/vboxuser/Sentinel-AI/ros2_ws/install/sentinel_swarm/lib/libsentinel_swarm__rosidl_typesupport_cpp.so" to ""
-- Installing: /home/vboxuser/Sentinel-AI/ros2_ws/install/sentinel_swarm/share/sentinel_swarm/environment/pythonpath.sh
-- Installing: /home/vboxuser/Sentinel-AI/ros2_ws/install/sentinel_swarm/share/sentinel_swarm/environment/pythonpath.dsv
-- Installing: /home/vboxuser/Sentinel-AI/ros2_ws/install/sentinel_swarm/local/lib/python3.10/dist-packages/sentinel_swarm-0.0.1-py3.10.egg-info
-- Installing: /home/vboxuser/Sentinel-AI/ros2_ws/install/sentinel_swarm/local/lib/python3.10/dist-packages/sentinel_swarm-0.0.1-py3.10.egg-info/PKG-INFO
-- Installing: /home/vboxuser/Sentinel-AI/ros2_ws/install/sentinel_swarm/local/lib/python3.10/dist-packages/sentinel_swarm-0.0.1-py3.10.egg-info/dependency_links.txt
-- Installing: /home/vboxuser/Sentinel-AI/ros2_ws/install/sentinel_swarm/local/lib/python3.10/dist-packages/sentinel_swarm-0.0.1-py3.10.egg-info/top_level.txt
-- Installing: /home/vboxuser/Sentinel-AI/ros2_ws/install/sentinel_swarm/local/lib/python3.10/dist-packages/sentinel_swarm-0.0.1-py3.10.egg-info/SOURCES.txt
-- Installing: /home/vboxuser/Sentinel-AI/ros2_ws/install/sentinel_swarm/local/lib/python3.10/dist-packages/sentinel_swarm
-- Installing: /home/vboxuser/Sentinel-AI/ros2_ws/install/sentinel_swarm/local/lib/python3.10/dist-packages/sentinel_swarm/__init__.py
-- Installing: /home/vboxuser/Sentinel-AI/ros2_ws/install/sentinel_swarm/local/lib/python3.10/dist-packages/sentinel_swarm/sentinel_swarm_s__rosidl_typesupport_introspection_c.cpython-310-x86_64-linux-gnu.so
-- Installing: /home/vboxuser/Sentinel-AI/ros2_ws/install/sentinel_swarm/local/lib/python3.10/dist-packages/sentinel_swarm/libsentinel_swarm__rosidl_generator_py.so
-- Installing: /home/vboxuser/Sentinel-AI/ros2_ws/install/sentinel_swarm/local/lib/python3.10/dist-packages/sentinel_swarm/_sentinel_swarm_s.ep.rosidl_typesupport_fastrtps_c.c
-- Installing: /home/vboxuser/Sentinel-AI/ros2_ws/install/sentinel_swarm/local/lib/python3.10/dist-packages/sentinel_swarm/sentinel_swarm_s__rosidl_typesupport_c.cpython-310-x86_64-linux-gnu.so
-- Installing: /home/vboxuser/Sentinel-AI/ros2_ws/install/sentinel_swarm/local/lib/python3.10/dist-packages/sentinel_swarm/_sentinel_swarm_s.ep.rosidl_typesupport_introspection_c.c
-- Installing: /home/vboxuser/Sentinel-AI/ros2_ws/install/sentinel_swarm/local/lib/python3.10/dist-packages/sentinel_swarm/_sentinel_swarm_s.ep.rosidl_typesupport_c.c
-- Installing: /home/vboxuser/Sentinel-AI/ros2_ws/install/sentinel_swarm/local/lib/python3.10/dist-packages/sentinel_swarm/sentinel_swarm_s__rosidl_typesupport_fastrtps_c.cpython-310-x86_64-linux-gnu.so
-- Installing: /home/vboxuser/Sentinel-AI/ros2_ws/install/sentinel_swarm/local/lib/python3.10/dist-packages/sentinel_swarm/msg
-- Installing: /home/vboxuser/Sentinel-AI/ros2_ws/install/sentinel_swarm/local/lib/python3.10/dist-packages/sentinel_swarm/msg/_drone_state.py
-- Installing: /home/vboxuser/Sentinel-AI/ros2_ws/install/sentinel_swarm/local/lib/python3.10/dist-packages/sentinel_swarm/msg/_swarm_command_s.c
-- Installing: /home/vboxuser/Sentinel-AI/ros2_ws/install/sentinel_swarm/local/lib/python3.10/dist-packages/sentinel_swarm/msg/__init__.py
-- Installing: /home/vboxuser/Sentinel-AI/ros2_ws/install/sentinel_swarm/local/lib/python3.10/dist-packages/sentinel_swarm/msg/_drone_state_s.c
-- Installing: /home/vboxuser/Sentinel-AI/ros2_ws/install/sentinel_swarm/local/lib/python3.10/dist-packages/sentinel_swarm/msg/_formation_reference.py
-- Installing: /home/vboxuser/Sentinel-AI/ros2_ws/install/sentinel_swarm/local/lib/python3.10/dist-packages/sentinel_swarm/msg/_formation_reference_s.c
-- Installing: /home/vboxuser/Sentinel-AI/ros2_ws/install/sentinel_swarm/local/lib/python3.10/dist-packages/sentinel_swarm/msg/_swarm_command.py
Listing '/home/vboxuser/Sentinel-AI/ros2_ws/install/sentinel_swarm/local/lib/python3.10/dist-packages/sentinel_swarm'...
Compiling '/home/vboxuser/Sentinel-AI/ros2_ws/install/sentinel_swarm/local/lib/python3.10/dist-packages/sentinel_swarm/__init__.py'...
Listing '/home/vboxuser/Sentinel-AI/ros2_ws/install/sentinel_swarm/local/lib/python3.10/dist-packages/sentinel_swarm/msg'...
Compiling '/home/vboxuser/Sentinel-AI/ros2_ws/install/sentinel_swarm/local/lib/python3.10/dist-packages/sentinel_swarm/msg/__init__.py'...
Compiling '/home/vboxuser/Sentinel-AI/ros2_ws/install/sentinel_swarm/local/lib/python3.10/dist-packages/sentinel_swarm/msg/_drone_state.py'...
Compiling '/home/vboxuser/Sentinel-AI/ros2_ws/install/sentinel_swarm/local/lib/python3.10/dist-packages/sentinel_swarm/msg/_formation_reference.py'...
Compiling '/home/vboxuser/Sentinel-AI/ros2_ws/install/sentinel_swarm/local/lib/python3.10/dist-packages/sentinel_swarm/msg/_swarm_command.py'...
-- Installing: /home/vboxuser/Sentinel-AI/ros2_ws/install/sentinel_swarm/local/lib/python3.10/dist-packages/sentinel_swarm/sentinel_swarm_s__rosidl_typesupport_fastrtps_c.cpython-310-x86_64-linux-gnu.so
-- Set runtime path of "/home/vboxuser/Sentinel-AI/ros2_ws/install/sentinel_swarm/local/lib/python3.10/dist-packages/sentinel_swarm/sentinel_swarm_s__rosidl_typesupport_fastrtps_c.cpython-310-x86_64-linux-gnu.so" to ""
-- Installing: /home/vboxuser/Sentinel-AI/ros2_ws/install/sentinel_swarm/local/lib/python3.10/dist-packages/sentinel_swarm/sentinel_swarm_s__rosidl_typesupport_introspection_c.cpython-310-x86_64-linux-gnu.so
-- Set runtime path of "/home/vboxuser/Sentinel-AI/ros2_ws/install/sentinel_swarm/local/lib/python3.10/dist-packages/sentinel_swarm/sentinel_swarm_s__rosidl_typesupport_introspection_c.cpython-310-x86_64-linux-gnu.so" to ""
-- Installing: /home/vboxuser/Sentinel-AI/ros2_ws/install/sentinel_swarm/local/lib/python3.10/dist-packages/sentinel_swarm/sentinel_swarm_s__rosidl_typesupport_c.cpython-310-x86_64-linux-gnu.so
-- Set runtime path of "/home/vboxuser/Sentinel-AI/ros2_ws/install/sentinel_swarm/local/lib/python3.10/dist-packages/sentinel_swarm/sentinel_swarm_s__rosidl_typesupport_c.cpython-310-x86_64-linux-gnu.so" to ""
-- Installing: /home/vboxuser/Sentinel-AI/ros2_ws/install/sentinel_swarm/lib/libsentinel_swarm__rosidl_generator_py.so
-- Set runtime path of "/home/vboxuser/Sentinel-AI/ros2_ws/install/sentinel_swarm/lib/libsentinel_swarm__rosidl_generator_py.so" to ""
-- Installing: /home/vboxuser/Sentinel-AI/ros2_ws/install/sentinel_swarm/share/ament_index/resource_index/rust_packages/sentinel_swarm
-- Installing: /home/vboxuser/Sentinel-AI/ros2_ws/install/sentinel_swarm/share/sentinel_swarm/rust
-- Installing: /home/vboxuser/Sentinel-AI/ros2_ws/install/sentinel_swarm/share/sentinel_swarm/rust/Cargo.toml
-- Installing: /home/vboxuser/Sentinel-AI/ros2_ws/install/sentinel_swarm/share/sentinel_swarm/rust/src
-- Installing: /home/vboxuser/Sentinel-AI/ros2_ws/install/sentinel_swarm/share/sentinel_swarm/rust/src/msg.rs
-- Installing: /home/vboxuser/Sentinel-AI/ros2_ws/install/sentinel_swarm/share/sentinel_swarm/rust/src/msg
-- Installing: /home/vboxuser/Sentinel-AI/ros2_ws/install/sentinel_swarm/share/sentinel_swarm/rust/src/msg/rmw.rs
-- Installing: /home/vboxuser/Sentinel-AI/ros2_ws/install/sentinel_swarm/share/sentinel_swarm/rust/src/lib.rs
-- Installing: /home/vboxuser/Sentinel-AI/ros2_ws/install/sentinel_swarm/share/sentinel_swarm/rust/build.rs
-- Installing: /home/vboxuser/Sentinel-AI/ros2_ws/install/sentinel_swarm/share/sentinel_swarm/msg/DroneState.idl
-- Installing: /home/vboxuser/Sentinel-AI/ros2_ws/install/sentinel_swarm/share/sentinel_swarm/msg/SwarmCommand.idl
-- Installing: /home/vboxuser/Sentinel-AI/ros2_ws/install/sentinel_swarm/share/sentinel_swarm/msg/FormationReference.idl
-- Installing: /home/vboxuser/Sentinel-AI/ros2_ws/install/sentinel_swarm/share/sentinel_swarm/msg/DroneState.msg
-- Installing: /home/vboxuser/Sentinel-AI/ros2_ws/install/sentinel_swarm/share/sentinel_swarm/msg/SwarmCommand.msg
-- Installing: /home/vboxuser/Sentinel-AI/ros2_ws/install/sentinel_swarm/share/sentinel_swarm/msg/FormationReference.msg
-- Installing: /home/vboxuser/Sentinel-AI/ros2_ws/install/sentinel_swarm/local/lib/python3.10/dist-packages/swarm_core-0.0.1-py3.10.egg-info
-- Installing: /home/vboxuser/Sentinel-AI/ros2_ws/install/sentinel_swarm/local/lib/python3.10/dist-packages/swarm_core-0.0.1-py3.10.egg-info/PKG-INFO
-- Installing: /home/vboxuser/Sentinel-AI/ros2_ws/install/sentinel_swarm/local/lib/python3.10/dist-packages/swarm_core-0.0.1-py3.10.egg-info/dependency_links.txt
-- Installing: /home/vboxuser/Sentinel-AI/ros2_ws/install/sentinel_swarm/local/lib/python3.10/dist-packages/swarm_core-0.0.1-py3.10.egg-info/top_level.txt
-- Installing: /home/vboxuser/Sentinel-AI/ros2_ws/install/sentinel_swarm/local/lib/python3.10/dist-packages/swarm_core-0.0.1-py3.10.egg-info/SOURCES.txt
-- Installing: /home/vboxuser/Sentinel-AI/ros2_ws/install/sentinel_swarm/local/lib/python3.10/dist-packages/swarm_core
-- Installing: /home/vboxuser/Sentinel-AI/ros2_ws/install/sentinel_swarm/local/lib/python3.10/dist-packages/swarm_core/drone_controller.py
-- Installing: /home/vboxuser/Sentinel-AI/ros2_ws/install/sentinel_swarm/local/lib/python3.10/dist-packages/swarm_core/mission_planner.py
-- Installing: /home/vboxuser/Sentinel-AI/ros2_ws/install/sentinel_swarm/local/lib/python3.10/dist-packages/swarm_core/swarm_monitor.py
-- Installing: /home/vboxuser/Sentinel-AI/ros2_ws/install/sentinel_swarm/local/lib/python3.10/dist-packages/swarm_core/gazebo_bridge.py
-- Installing: /home/vboxuser/Sentinel-AI/ros2_ws/install/sentinel_swarm/local/lib/python3.10/dist-packages/swarm_core/communication_layer.py
-- Installing: /home/vboxuser/Sentinel-AI/ros2_ws/install/sentinel_swarm/local/lib/python3.10/dist-packages/swarm_core/__init__.py
-- Installing: /home/vboxuser/Sentinel-AI/ros2_ws/install/sentinel_swarm/local/lib/python3.10/dist-packages/swarm_core/math_utilities.py
-- Installing: /home/vboxuser/Sentinel-AI/ros2_ws/install/sentinel_swarm/local/lib/python3.10/dist-packages/swarm_core/swarm_coordinator.py
Listing '/home/vboxuser/Sentinel-AI/ros2_ws/install/sentinel_swarm/local/lib/python3.10/dist-packages/swarm_core'...
Compiling '/home/vboxuser/Sentinel-AI/ros2_ws/install/sentinel_swarm/local/lib/python3.10/dist-packages/swarm_core/__init__.py'...
Compiling '/home/vboxuser/Sentinel-AI/ros2_ws/install/sentinel_swarm/local/lib/python3.10/dist-packages/swarm_core/communication_layer.py'...
Compiling '/home/vboxuser/Sentinel-AI/ros2_ws/install/sentinel_swarm/local/lib/python3.10/dist-packages/swarm_core/drone_controller.py'...
Compiling '/home/vboxuser/Sentinel-AI/ros2_ws/install/sentinel_swarm/local/lib/python3.10/dist-packages/swarm_core/gazebo_bridge.py'...
Compiling '/home/vboxuser/Sentinel-AI/ros2_ws/install/sentinel_swarm/local/lib/python3.10/dist-packages/swarm_core/math_utilities.py'...
Compiling '/home/vboxuser/Sentinel-AI/ros2_ws/install/sentinel_swarm/local/lib/python3.10/dist-packages/swarm_core/mission_planner.py'...
Compiling '/home/vboxuser/Sentinel-AI/ros2_ws/install/sentinel_swarm/local/lib/python3.10/dist-packages/swarm_core/swarm_coordinator.py'...
Compiling '/home/vboxuser/Sentinel-AI/ros2_ws/install/sentinel_swarm/local/lib/python3.10/dist-packages/swarm_core/swarm_monitor.py'...
-- Installing: /home/vboxuser/Sentinel-AI/ros2_ws/install/sentinel_swarm/share/sentinel_swarm/swarm_core
-- Installing: /home/vboxuser/Sentinel-AI/ros2_ws/install/sentinel_swarm/share/sentinel_swarm/swarm_core/drone_controller.py
-- Installing: /home/vboxuser/Sentinel-AI/ros2_ws/install/sentinel_swarm/share/sentinel_swarm/swarm_core/mission_planner.py
-- Installing: /home/vboxuser/Sentinel-AI/ros2_ws/install/sentinel_swarm/share/sentinel_swarm/swarm_core/swarm_monitor.py
-- Installing: /home/vboxuser/Sentinel-AI/ros2_ws/install/sentinel_swarm/share/sentinel_swarm/swarm_core/gazebo_bridge.py
-- Installing: /home/vboxuser/Sentinel-AI/ros2_ws/install/sentinel_swarm/share/sentinel_swarm/swarm_core/communication_layer.py
-- Installing: /home/vboxuser/Sentinel-AI/ros2_ws/install/sentinel_swarm/share/sentinel_swarm/swarm_core/__init__.py
-- Installing: /home/vboxuser/Sentinel-AI/ros2_ws/install/sentinel_swarm/share/sentinel_swarm/swarm_core/__pycache__
-- Installing: /home/vboxuser/Sentinel-AI/ros2_ws/install/sentinel_swarm/share/sentinel_swarm/swarm_core/__pycache__/gazebo_bridge.cpython-310.pyc
-- Installing: /home/vboxuser/Sentinel-AI/ros2_ws/install/sentinel_swarm/share/sentinel_swarm/swarm_core/__pycache__/math_utilities.cpython-310.pyc
-- Installing: /home/vboxuser/Sentinel-AI/ros2_ws/install/sentinel_swarm/share/sentinel_swarm/swarm_core/__pycache__/mission_planner.cpython-310.pyc
-- Installing: /home/vboxuser/Sentinel-AI/ros2_ws/install/sentinel_swarm/share/sentinel_swarm/swarm_core/__pycache__/__init__.cpython-310.pyc
-- Installing: /home/vboxuser/Sentinel-AI/ros2_ws/install/sentinel_swarm/share/sentinel_swarm/swarm_core/__pycache__/swarm_coordinator.cpython-310.pyc
-- Installing: /home/vboxuser/Sentinel-AI/ros2_ws/install/sentinel_swarm/share/sentinel_swarm/swarm_core/__pycache__/swarm_monitor.cpython-310.pyc
-- Installing: /home/vboxuser/Sentinel-AI/ros2_ws/install/sentinel_swarm/share/sentinel_swarm/swarm_core/__pycache__/communication_layer.cpython-310.pyc
-- Installing: /home/vboxuser/Sentinel-AI/ros2_ws/install/sentinel_swarm/share/sentinel_swarm/swarm_core/__pycache__/drone_controller.cpython-310.pyc
-- Installing: /home/vboxuser/Sentinel-AI/ros2_ws/install/sentinel_swarm/share/sentinel_swarm/swarm_core/math_utilities.py
-- Installing: /home/vboxuser/Sentinel-AI/ros2_ws/install/sentinel_swarm/share/sentinel_swarm/swarm_core/swarm_coordinator.py
-- Installing: /home/vboxuser/Sentinel-AI/ros2_ws/install/sentinel_swarm/share/sentinel_swarm/config
-- Installing: /home/vboxuser/Sentinel-AI/ros2_ws/install/sentinel_swarm/share/sentinel_swarm/config/swarm_config.yaml
-- Installing: /home/vboxuser/Sentinel-AI/ros2_ws/install/sentinel_swarm/share/sentinel_swarm/config/notimp.txt
-- Installing: /home/vboxuser/Sentinel-AI/ros2_ws/install/sentinel_swarm/share/sentinel_swarm/launch
-- Installing: /home/vboxuser/Sentinel-AI/ros2_ws/install/sentinel_swarm/share/sentinel_swarm/launch/swarm_launch.py
-- Installing: /home/vboxuser/Sentinel-AI/ros2_ws/install/sentinel_swarm/share/sentinel_swarm/launch/notimp.txt
-- Installing: /home/vboxuser/Sentinel-AI/ros2_ws/install/sentinel_swarm/share/ament_index/resource_index/package_run_dependencies/sentinel_swarm
-- Installing: /home/vboxuser/Sentinel-AI/ros2_ws/install/sentinel_swarm/share/ament_index/resource_index/parent_prefix_path/sentinel_swarm
-- Installing: /home/vboxuser/Sentinel-AI/ros2_ws/install/sentinel_swarm/share/sentinel_swarm/environment/ament_prefix_path.sh
-- Installing: /home/vboxuser/Sentinel-AI/ros2_ws/install/sentinel_swarm/share/sentinel_swarm/environment/ament_prefix_path.dsv
-- Installing: /home/vboxuser/Sentinel-AI/ros2_ws/install/sentinel_swarm/share/sentinel_swarm/environment/path.sh
-- Installing: /home/vboxuser/Sentinel-AI/ros2_ws/install/sentinel_swarm/share/sentinel_swarm/environment/path.dsv
-- Installing: /home/vboxuser/Sentinel-AI/ros2_ws/install/sentinel_swarm/share/sentinel_swarm/local_setup.bash
-- Installing: /home/vboxuser/Sentinel-AI/ros2_ws/install/sentinel_swarm/share/sentinel_swarm/local_setup.sh
-- Installing: /home/vboxuser/Sentinel-AI/ros2_ws/install/sentinel_swarm/share/sentinel_swarm/local_setup.zsh
-- Installing: /home/vboxuser/Sentinel-AI/ros2_ws/install/sentinel_swarm/share/sentinel_swarm/local_setup.dsv
-- Installing: /home/vboxuser/Sentinel-AI/ros2_ws/install/sentinel_swarm/share/sentinel_swarm/package.dsv
-- Installing: /home/vboxuser/Sentinel-AI/ros2_ws/install/sentinel_swarm/share/ament_index/resource_index/packages/sentinel_swarm
-- Installing: /home/vboxuser/Sentinel-AI/ros2_ws/install/sentinel_swarm/share/sentinel_swarm/cmake/export_sentinel_swarm__rosidl_generator_cExport.cmake
-- Installing: /home/vboxuser/Sentinel-AI/ros2_ws/install/sentinel_swarm/share/sentinel_swarm/cmake/export_sentinel_swarm__rosidl_generator_cExport-noconfig.cmake
-- Installing: /home/vboxuser/Sentinel-AI/ros2_ws/install/sentinel_swarm/share/sentinel_swarm/cmake/export_sentinel_swarm__rosidl_typesupport_fastrtps_cExport.cmake
-- Installing: /home/vboxuser/Sentinel-AI/ros2_ws/install/sentinel_swarm/share/sentinel_swarm/cmake/export_sentinel_swarm__rosidl_typesupport_fastrtps_cExport-noconfig.cmake
-- Installing: /home/vboxuser/Sentinel-AI/ros2_ws/install/sentinel_swarm/share/sentinel_swarm/cmake/sentinel_swarm__rosidl_typesupport_introspection_cExport.cmake
-- Installing: /home/vboxuser/Sentinel-AI/ros2_ws/install/sentinel_swarm/share/sentinel_swarm/cmake/sentinel_swarm__rosidl_typesupport_introspection_cExport-noconfig.cmake
-- Installing: /home/vboxuser/Sentinel-AI/ros2_ws/install/sentinel_swarm/share/sentinel_swarm/cmake/sentinel_swarm__rosidl_typesupport_cExport.cmake
-- Installing: /home/vboxuser/Sentinel-AI/ros2_ws/install/sentinel_swarm/share/sentinel_swarm/cmake/sentinel_swarm__rosidl_typesupport_cExport-noconfig.cmake
-- Installing: /home/vboxuser/Sentinel-AI/ros2_ws/install/sentinel_swarm/share/sentinel_swarm/cmake/export_sentinel_swarm__rosidl_generator_cppExport.cmake
-- Installing: /home/vboxuser/Sentinel-AI/ros2_ws/install/sentinel_swarm/share/sentinel_swarm/cmake/export_sentinel_swarm__rosidl_typesupport_fastrtps_cppExport.cmake
-- Installing: /home/vboxuser/Sentinel-AI/ros2_ws/install/sentinel_swarm/share/sentinel_swarm/cmake/export_sentinel_swarm__rosidl_typesupport_fastrtps_cppExport-noconfig.cmake
-- Installing: /home/vboxuser/Sentinel-AI/ros2_ws/install/sentinel_swarm/share/sentinel_swarm/cmake/sentinel_swarm__rosidl_typesupport_introspection_cppExport.cmake
-- Installing: /home/vboxuser/Sentinel-AI/ros2_ws/install/sentinel_swarm/share/sentinel_swarm/cmake/sentinel_swarm__rosidl_typesupport_introspection_cppExport-noconfig.cmake
-- Installing: /home/vboxuser/Sentinel-AI/ros2_ws/install/sentinel_swarm/share/sentinel_swarm/cmake/sentinel_swarm__rosidl_typesupport_cppExport.cmake
-- Installing: /home/vboxuser/Sentinel-AI/ros2_ws/install/sentinel_swarm/share/sentinel_swarm/cmake/sentinel_swarm__rosidl_typesupport_cppExport-noconfig.cmake
-- Installing: /home/vboxuser/Sentinel-AI/ros2_ws/install/sentinel_swarm/share/sentinel_swarm/cmake/export_sentinel_swarm__rosidl_generator_pyExport.cmake
-- Installing: /home/vboxuser/Sentinel-AI/ros2_ws/install/sentinel_swarm/share/sentinel_swarm/cmake/export_sentinel_swarm__rosidl_generator_pyExport-noconfig.cmake
-- Installing: /home/vboxuser/Sentinel-AI/ros2_ws/install/sentinel_swarm/share/sentinel_swarm/cmake/rosidl_cmake-extras.cmake
-- Installing: /home/vboxuser/Sentinel-AI/ros2_ws/install/sentinel_swarm/share/sentinel_swarm/cmake/ament_cmake_export_dependencies-extras.cmake
-- Installing: /home/vboxuser/Sentinel-AI/ros2_ws/install/sentinel_swarm/share/sentinel_swarm/cmake/ament_cmake_export_include_directories-extras.cmake
-- Installing: /home/vboxuser/Sentinel-AI/ros2_ws/install/sentinel_swarm/share/sentinel_swarm/cmake/ament_cmake_export_libraries-extras.cmake
-- Installing: /home/vboxuser/Sentinel-AI/ros2_ws/install/sentinel_swarm/share/sentinel_swarm/cmake/ament_cmake_export_targets-extras.cmake
-- Installing: /home/vboxuser/Sentinel-AI/ros2_ws/install/sentinel_swarm/share/sentinel_swarm/cmake/rosidl_cmake_export_typesupport_targets-extras.cmake
-- Installing: /home/vboxuser/Sentinel-AI/ros2_ws/install/sentinel_swarm/share/sentinel_swarm/cmake/rosidl_cmake_export_typesupport_libraries-extras.cmake
-- Installing: /home/vboxuser/Sentinel-AI/ros2_ws/install/sentinel_swarm/share/sentinel_swarm/cmake/sentinel_swarmConfig.cmake
-- Installing: /home/vboxuser/Sentinel-AI/ros2_ws/install/sentinel_swarm/share/sentinel_swarm/cmake/sentinel_swarmConfig-version.cmake
-- Installing: /home/vboxuser/Sentinel-AI/ros2_ws/install/sentinel_swarm/share/sentinel_swarm/package.xml
