[0.783s] DEBUG:colcon:Command line arguments: ['/usr/bin/colcon', 'build', '--symlink-install']
[0.786s] DEBUG:colcon:Parsed command line arguments: Namespace(log_base=None, log_level=None, verb_name='build', build_base='build', install_base='install', merge_install=False, symlink_install=True, test_result_base=None, continue_on_error=False, executor='parallel', parallel_workers=10, event_handlers=None, ignore_user_meta=False, metas=['./colcon.meta'], base_paths=['.'], packages_ignore=None, packages_ignore_regex=None, paths=None, packages_up_to=None, packages_up_to_regex=None, packages_above=None, packages_above_and_dependencies=None, packages_above_depth=None, packages_select_by_dep=None, packages_skip_by_dep=None, packages_skip_up_to=None, packages_select_build_failed=False, packages_skip_build_finished=False, packages_select_test_failures=False, packages_skip_test_passed=False, packages_select=None, packages_skip=None, packages_select_regex=None, packages_skip_regex=None, packages_start=None, packages_end=None, allow_overriding=[], cmake_args=None, cmake_target=None, cmake_target_skip_unavailable=False, cmake_clean_cache=False, cmake_clean_first=False, cmake_force_configure=False, ament_cmake_args=None, catkin_cmake_args=None, catkin_skip_building_tests=False, mixin_files=None, mixin=None, verb_parser=<colcon_mixin.mixin.mixin_argument.MixinArgumentDecorator object at 0x7cfc59a0e8f0>, verb_extension=<colcon_core.verb.build.BuildVerb object at 0x7cfc59a0ddb0>, main=<bound method BuildVerb.main of <colcon_core.verb.build.BuildVerb object at 0x7cfc59a0ddb0>>, mixin_verb=('build',))
[1.434s] Level 1:colcon.colcon_core.package_discovery:discover_packages(colcon_meta) check parameters
[1.434s] Level 1:colcon.colcon_core.package_discovery:discover_packages(recursive) check parameters
[1.434s] Level 1:colcon.colcon_core.package_discovery:discover_packages(ignore) check parameters
[1.434s] Level 1:colcon.colcon_core.package_discovery:discover_packages(path) check parameters
[1.434s] Level 1:colcon.colcon_core.package_discovery:discover_packages(colcon_meta) discover
[1.434s] Level 1:colcon.colcon_core.package_discovery:discover_packages(recursive) discover
[1.434s] INFO:colcon.colcon_core.package_discovery:Crawling recursively for packages in '/home/vboxuser/Sentinel-AI/ros2_ws'
[1.435s] Level 1:colcon.colcon_core.package_identification:_identify(.) by extensions ['ignore', 'ignore_ament_install']
[1.435s] Level 1:colcon.colcon_core.package_identification:_identify(.) by extension 'ignore'
[1.435s] Level 1:colcon.colcon_core.package_identification:_identify(.) by extension 'ignore_ament_install'
[1.435s] Level 1:colcon.colcon_core.package_identification:_identify(.) by extensions ['colcon_pkg']
[1.435s] Level 1:colcon.colcon_core.package_identification:_identify(.) by extension 'colcon_pkg'
[1.435s] Level 1:colcon.colcon_core.package_identification:_identify(.) by extensions ['colcon_meta']
[1.435s] Level 1:colcon.colcon_core.package_identification:_identify(.) by extension 'colcon_meta'
[1.435s] Level 1:colcon.colcon_core.package_identification:_identify(.) by extensions ['ros']
[1.435s] Level 1:colcon.colcon_core.package_identification:_identify(.) by extension 'ros'
[1.465s] Level 1:colcon.colcon_core.package_identification:_identify(.) by extensions ['cmake', 'python']
[1.465s] Level 1:colcon.colcon_core.package_identification:_identify(.) by extension 'cmake'
[1.465s] Level 1:colcon.colcon_core.package_identification:_identify(.) by extension 'python'
[1.465s] Level 1:colcon.colcon_core.package_identification:_identify(.) by extensions ['python_setup_py']
[1.465s] Level 1:colcon.colcon_core.package_identification:_identify(.) by extension 'python_setup_py'
[1.465s] Level 1:colcon.colcon_core.package_identification:_identify(build) by extensions ['ignore', 'ignore_ament_install']
[1.465s] Level 1:colcon.colcon_core.package_identification:_identify(build) by extension 'ignore'
[1.465s] Level 1:colcon.colcon_core.package_identification:_identify(build) ignored
[1.466s] Level 1:colcon.colcon_core.package_identification:_identify(install) by extensions ['ignore', 'ignore_ament_install']
[1.466s] Level 1:colcon.colcon_core.package_identification:_identify(install) by extension 'ignore'
[1.466s] Level 1:colcon.colcon_core.package_identification:_identify(install) ignored
[1.466s] Level 1:colcon.colcon_core.package_identification:_identify(log) by extensions ['ignore', 'ignore_ament_install']
[1.466s] Level 1:colcon.colcon_core.package_identification:_identify(log) by extension 'ignore'
[1.466s] Level 1:colcon.colcon_core.package_identification:_identify(log) ignored
[1.466s] Level 1:colcon.colcon_core.package_identification:_identify(src) by extensions ['ignore', 'ignore_ament_install']
[1.466s] Level 1:colcon.colcon_core.package_identification:_identify(src) by extension 'ignore'
[1.466s] Level 1:colcon.colcon_core.package_identification:_identify(src) by extension 'ignore_ament_install'
[1.466s] Level 1:colcon.colcon_core.package_identification:_identify(src) by extensions ['colcon_pkg']
[1.466s] Level 1:colcon.colcon_core.package_identification:_identify(src) by extension 'colcon_pkg'
[1.466s] Level 1:colcon.colcon_core.package_identification:_identify(src) by extensions ['colcon_meta']
[1.466s] Level 1:colcon.colcon_core.package_identification:_identify(src) by extension 'colcon_meta'
[1.466s] Level 1:colcon.colcon_core.package_identification:_identify(src) by extensions ['ros']
[1.466s] Level 1:colcon.colcon_core.package_identification:_identify(src) by extension 'ros'
[1.466s] Level 1:colcon.colcon_core.package_identification:_identify(src) by extensions ['cmake', 'python']
[1.466s] Level 1:colcon.colcon_core.package_identification:_identify(src) by extension 'cmake'
[1.466s] Level 1:colcon.colcon_core.package_identification:_identify(src) by extension 'python'
[1.466s] Level 1:colcon.colcon_core.package_identification:_identify(src) by extensions ['python_setup_py']
[1.466s] Level 1:colcon.colcon_core.package_identification:_identify(src) by extension 'python_setup_py'
[1.466s] Level 1:colcon.colcon_core.package_identification:_identify(src/sentinel_swarm) by extensions ['ignore', 'ignore_ament_install']
[1.466s] Level 1:colcon.colcon_core.package_identification:_identify(src/sentinel_swarm) by extension 'ignore'
[1.466s] Level 1:colcon.colcon_core.package_identification:_identify(src/sentinel_swarm) by extension 'ignore_ament_install'
[1.466s] Level 1:colcon.colcon_core.package_identification:_identify(src/sentinel_swarm) by extensions ['colcon_pkg']
[1.467s] Level 1:colcon.colcon_core.package_identification:_identify(src/sentinel_swarm) by extension 'colcon_pkg'
[1.467s] Level 1:colcon.colcon_core.package_identification:_identify(src/sentinel_swarm) by extensions ['colcon_meta']
[1.467s] Level 1:colcon.colcon_core.package_identification:_identify(src/sentinel_swarm) by extension 'colcon_meta'
[1.467s] Level 1:colcon.colcon_core.package_identification:_identify(src/sentinel_swarm) by extensions ['ros']
[1.467s] Level 1:colcon.colcon_core.package_identification:_identify(src/sentinel_swarm) by extension 'ros'
[1.472s] DEBUG:colcon.colcon_core.package_identification:Package 'src/sentinel_swarm' with type 'ros.ament_cmake' and name 'sentinel_swarm'
[1.472s] Level 1:colcon.colcon_core.package_discovery:discover_packages(recursive) using defaults
[1.472s] Level 1:colcon.colcon_core.package_discovery:discover_packages(ignore) discover
[1.472s] Level 1:colcon.colcon_core.package_discovery:discover_packages(ignore) using defaults
[1.472s] Level 1:colcon.colcon_core.package_discovery:discover_packages(path) discover
[1.472s] Level 1:colcon.colcon_core.package_discovery:discover_packages(path) using defaults
[1.492s] Level 1:colcon.colcon_core.package_discovery:discover_packages(prefix_path) check parameters
[1.492s] Level 1:colcon.colcon_core.package_discovery:discover_packages(prefix_path) discover
[1.493s] WARNING:colcon.colcon_ros.prefix_path.ament:The path '/home/vboxuser/Sentinel-AI/ros2_ws/install/sentinel_swarm' in the environment variable AMENT_PREFIX_PATH doesn't exist
[1.494s] WARNING:colcon.colcon_ros.prefix_path.catkin:The path '/home/vboxuser/Sentinel-AI/ros2_ws/install/sentinel_swarm' in the environment variable CMAKE_PREFIX_PATH doesn't exist
[1.494s] DEBUG:colcon.colcon_installed_package_information.package_discovery:Found 0 installed packages in /home/vboxuser/Sentinel-AI/ros2_ws/install
[1.495s] DEBUG:colcon.colcon_installed_package_information.package_discovery:Found 280 installed packages in /opt/ros/humble
[1.505s] Level 1:colcon.colcon_core.package_discovery:discover_packages(prefix_path) using defaults
[1.589s] Level 5:colcon.colcon_core.verb:set package 'sentinel_swarm' build argument 'cmake_args' from command line to 'None'
[1.590s] Level 5:colcon.colcon_core.verb:set package 'sentinel_swarm' build argument 'cmake_target' from command line to 'None'
[1.590s] Level 5:colcon.colcon_core.verb:set package 'sentinel_swarm' build argument 'cmake_target_skip_unavailable' from command line to 'False'
[1.590s] Level 5:colcon.colcon_core.verb:set package 'sentinel_swarm' build argument 'cmake_clean_cache' from command line to 'False'
[1.590s] Level 5:colcon.colcon_core.verb:set package 'sentinel_swarm' build argument 'cmake_clean_first' from command line to 'False'
[1.590s] Level 5:colcon.colcon_core.verb:set package 'sentinel_swarm' build argument 'cmake_force_configure' from command line to 'False'
[1.590s] Level 5:colcon.colcon_core.verb:set package 'sentinel_swarm' build argument 'ament_cmake_args' from command line to 'None'
[1.590s] Level 5:colcon.colcon_core.verb:set package 'sentinel_swarm' build argument 'catkin_cmake_args' from command line to 'None'
[1.590s] Level 5:colcon.colcon_core.verb:set package 'sentinel_swarm' build argument 'catkin_skip_building_tests' from command line to 'False'
[1.591s] DEBUG:colcon.colcon_core.verb:Building package 'sentinel_swarm' with the following arguments: {'ament_cmake_args': None, 'build_base': '/home/vboxuser/Sentinel-AI/ros2_ws/build/sentinel_swarm', 'catkin_cmake_args': None, 'catkin_skip_building_tests': False, 'cmake_args': None, 'cmake_clean_cache': False, 'cmake_clean_first': False, 'cmake_force_configure': False, 'cmake_target': None, 'cmake_target_skip_unavailable': False, 'install_base': '/home/vboxuser/Sentinel-AI/ros2_ws/install/sentinel_swarm', 'merge_install': False, 'path': '/home/vboxuser/Sentinel-AI/ros2_ws/src/sentinel_swarm', 'symlink_install': True, 'test_result_base': None}
[1.591s] INFO:colcon.colcon_core.executor:Executing jobs using 'parallel' executor
[1.593s] DEBUG:colcon.colcon_parallel_executor.executor.parallel:run_until_complete
[1.594s] INFO:colcon.colcon_ros.task.ament_cmake.build:Building ROS package in '/home/vboxuser/Sentinel-AI/ros2_ws/src/sentinel_swarm' with build type 'ament_cmake'
[1.594s] INFO:colcon.colcon_cmake.task.cmake.build:Building CMake package in '/home/vboxuser/Sentinel-AI/ros2_ws/src/sentinel_swarm'
[1.596s] INFO:colcon.colcon_core.plugin_system:Skipping extension 'colcon_core.shell.bat': Not used on non-Windows systems
[1.596s] INFO:colcon.colcon_core.shell:Skip shell extension 'powershell' for command environment: Not usable outside of PowerShell
[1.596s] DEBUG:colcon.colcon_core.shell:Skip shell extension 'dsv' for command environment
[1.642s] DEBUG:colcon.colcon_core.event_handler.log_command:Invoking command in '/home/vboxuser/Sentinel-AI/ros2_ws/build/sentinel_swarm': CMAKE_PREFIX_PATH=${CMAKE_PREFIX_PATH}:/opt/ros/humble /usr/bin/cmake /home/vboxuser/Sentinel-AI/ros2_ws/src/sentinel_swarm -DAMENT_CMAKE_SYMLINK_INSTALL=1 -DCMAKE_INSTALL_PREFIX=/home/vboxuser/Sentinel-AI/ros2_ws/install/sentinel_swarm
[9.931s] DEBUG:colcon.colcon_core.event_handler.log_command:Invoked command in '/home/vboxuser/Sentinel-AI/ros2_ws/build/sentinel_swarm' returned '0': CMAKE_PREFIX_PATH=${CMAKE_PREFIX_PATH}:/opt/ros/humble /usr/bin/cmake /home/vboxuser/Sentinel-AI/ros2_ws/src/sentinel_swarm -DAMENT_CMAKE_SYMLINK_INSTALL=1 -DCMAKE_INSTALL_PREFIX=/home/vboxuser/Sentinel-AI/ros2_ws/install/sentinel_swarm
[9.931s] DEBUG:colcon.colcon_core.event_handler.log_command:Invoking command in '/home/vboxuser/Sentinel-AI/ros2_ws/build/sentinel_swarm': CMAKE_PREFIX_PATH=${CMAKE_PREFIX_PATH}:/opt/ros/humble /usr/bin/cmake --build /home/vboxuser/Sentinel-AI/ros2_ws/build/sentinel_swarm -- -j10 -l10
[27.687s] DEBUG:colcon.colcon_core.event_handler.log_command:Invoked command in '/home/vboxuser/Sentinel-AI/ros2_ws/build/sentinel_swarm' returned '0': CMAKE_PREFIX_PATH=${CMAKE_PREFIX_PATH}:/opt/ros/humble /usr/bin/cmake --build /home/vboxuser/Sentinel-AI/ros2_ws/build/sentinel_swarm -- -j10 -l10
[27.770s] DEBUG:colcon.colcon_core.event_handler.log_command:Invoking command in '/home/vboxuser/Sentinel-AI/ros2_ws/build/sentinel_swarm': CMAKE_PREFIX_PATH=${CMAKE_PREFIX_PATH}:/opt/ros/humble /usr/bin/cmake --install /home/vboxuser/Sentinel-AI/ros2_ws/build/sentinel_swarm
[34.766s] Level 1:colcon.colcon_core.environment:create_environment_scripts_only(sentinel_swarm)
[34.766s] DEBUG:colcon.colcon_core.event_handler.log_command:Invoked command in '/home/vboxuser/Sentinel-AI/ros2_ws/build/sentinel_swarm' returned '1': CMAKE_PREFIX_PATH=${CMAKE_PREFIX_PATH}:/opt/ros/humble /usr/bin/cmake --install /home/vboxuser/Sentinel-AI/ros2_ws/build/sentinel_swarm
[34.891s] Level 1:colcon.colcon_core.environment:checking '/home/vboxuser/Sentinel-AI/ros2_ws/install/sentinel_swarm' for CMake module files
[34.895s] Level 1:colcon.colcon_core.environment:checking '/home/vboxuser/Sentinel-AI/ros2_ws/install/sentinel_swarm' for CMake config files
[34.898s] Level 1:colcon.colcon_core.environment:checking '/home/vboxuser/Sentinel-AI/ros2_ws/install/sentinel_swarm/bin'
[34.898s] Level 1:colcon.colcon_core.environment:checking '/home/vboxuser/Sentinel-AI/ros2_ws/install/sentinel_swarm/lib/pkgconfig/sentinel_swarm.pc'
[34.898s] Level 1:colcon.colcon_core.environment:checking '/home/vboxuser/Sentinel-AI/ros2_ws/install/sentinel_swarm/lib/python3.10/site-packages'
[34.900s] Level 1:colcon.colcon_core.environment:checking '/home/vboxuser/Sentinel-AI/ros2_ws/install/sentinel_swarm/bin'
[34.901s] INFO:colcon.colcon_core.shell:Creating package script '/home/vboxuser/Sentinel-AI/ros2_ws/install/sentinel_swarm/share/sentinel_swarm/package.ps1'
[34.911s] INFO:colcon.colcon_core.shell:Creating package descriptor '/home/vboxuser/Sentinel-AI/ros2_ws/install/sentinel_swarm/share/sentinel_swarm/package.dsv'
[34.913s] INFO:colcon.colcon_core.shell:Creating package script '/home/vboxuser/Sentinel-AI/ros2_ws/install/sentinel_swarm/share/sentinel_swarm/package.sh'
[34.915s] INFO:colcon.colcon_core.shell:Creating package script '/home/vboxuser/Sentinel-AI/ros2_ws/install/sentinel_swarm/share/sentinel_swarm/package.bash'
[34.916s] INFO:colcon.colcon_core.shell:Creating package script '/home/vboxuser/Sentinel-AI/ros2_ws/install/sentinel_swarm/share/sentinel_swarm/package.zsh'
[34.917s] Level 1:colcon.colcon_core.environment:create_file_with_runtime_dependencies(/home/vboxuser/Sentinel-AI/ros2_ws/install/sentinel_swarm/share/colcon-core/packages/sentinel_swarm)
[34.931s] DEBUG:colcon.colcon_parallel_executor.executor.parallel:closing loop
[34.931s] DEBUG:colcon.colcon_parallel_executor.executor.parallel:loop closed
[34.932s] DEBUG:colcon.colcon_parallel_executor.executor.parallel:run_until_complete finished with '1'
[34.932s] DEBUG:colcon.colcon_core.event_reactor:joining thread
[34.939s] INFO:colcon.colcon_core.plugin_system:Skipping extension 'colcon_notification.desktop_notification.terminal_notifier': Not used on non-Darwin systems
[34.942s] INFO:colcon.colcon_core.plugin_system:Skipping extension 'colcon_notification.desktop_notification.win32': Not used on non-Windows systems
[34.942s] INFO:colcon.colcon_notification.desktop_notification:Sending desktop notification using 'notify2'
[34.966s] DEBUG:colcon.colcon_core.event_reactor:joined thread
[34.966s] INFO:colcon.colcon_core.shell:Creating prefix script '/home/vboxuser/Sentinel-AI/ros2_ws/install/local_setup.ps1'
[34.967s] INFO:colcon.colcon_core.shell:Creating prefix util module '/home/vboxuser/Sentinel-AI/ros2_ws/install/_local_setup_util_ps1.py'
[34.980s] INFO:colcon.colcon_core.shell:Creating prefix chain script '/home/vboxuser/Sentinel-AI/ros2_ws/install/setup.ps1'
[34.999s] INFO:colcon.colcon_core.shell:Creating prefix script '/home/vboxuser/Sentinel-AI/ros2_ws/install/local_setup.sh'
[35.028s] INFO:colcon.colcon_core.shell:Creating prefix util module '/home/vboxuser/Sentinel-AI/ros2_ws/install/_local_setup_util_sh.py'
[35.051s] INFO:colcon.colcon_core.shell:Creating prefix chain script '/home/vboxuser/Sentinel-AI/ros2_ws/install/setup.sh'
[35.073s] INFO:colcon.colcon_core.shell:Creating prefix script '/home/vboxuser/Sentinel-AI/ros2_ws/install/local_setup.bash'
[35.091s] INFO:colcon.colcon_core.shell:Creating prefix chain script '/home/vboxuser/Sentinel-AI/ros2_ws/install/setup.bash'
[35.092s] INFO:colcon.colcon_core.shell:Creating prefix script '/home/vboxuser/Sentinel-AI/ros2_ws/install/local_setup.zsh'
[35.117s] INFO:colcon.colcon_core.shell:Creating prefix chain script '/home/vboxuser/Sentinel-AI/ros2_ws/install/setup.zsh'
